// Jest Snapshot v1, https://goo.gl/fbAQLP

exports[`DeviceAdditionWidget Component renders correctly 1`] = `
.emotion-0 {
  display: -webkit-inline-box;
  display: -webkit-inline-flex;
  display: -ms-inline-flexbox;
  display: inline-flex;
  border-radius: 4px;
}

.emotion-0 .MuiButtonGroup-grouped {
  min-width: 40px;
  box-shadow: none;
}

.emotion-0 .MuiButtonGroup-grouped props {
  variant: contained;
}

.emotion-0 .MuiButtonGroup-grouped style:hover {
  box-shadow: none;
}

.emotion-0 .MuiButtonGroup-firstButton,
.emotion-0 .MuiButtonGroup-middleButton {
  border-top-right-radius: 0;
  border-bottom-right-radius: 0;
}

.emotion-0 .MuiButtonGroup-lastButton,
.emotion-0 .MuiButtonGroup-middleButton {
  border-top-left-radius: 0;
  border-bottom-left-radius: 0;
}

.emotion-0 .MuiButtonGroup-firstButton,
.emotion-0 .MuiButtonGroup-middleButton {
  border-right-color: transparent;
}

.emotion-0 .MuiButtonGroup-firstButton:hover,
.emotion-0 .MuiButtonGroup-middleButton:hover {
  border-right-color: currentColor;
}

.emotion-0 .MuiButtonGroup-lastButton,
.emotion-0 .MuiButtonGroup-middleButton {
  margin-left: -1px;
}

.emotion-1 {
  display: -webkit-inline-box;
  display: -webkit-inline-flex;
  display: -ms-inline-flexbox;
  display: inline-flex;
  -webkit-align-items: center;
  -webkit-box-align: center;
  -ms-flex-align: center;
  align-items: center;
  -webkit-box-pack: center;
  -ms-flex-pack: center;
  -webkit-justify-content: center;
  justify-content: center;
  position: relative;
  box-sizing: border-box;
  -webkit-tap-highlight-color: transparent;
  background-color: transparent;
  outline: 0;
  border: 0;
  margin: 0;
  border-radius: 0;
  padding: 0;
  cursor: pointer;
  -webkit-user-select: none;
  -moz-user-select: none;
  -ms-user-select: none;
  user-select: none;
  vertical-align: middle;
  -moz-appearance: none;
  -webkit-appearance: none;
  -webkit-text-decoration: none;
  text-decoration: none;
  color: inherit;
  font-family: Lato,sans-serif;
  font-weight: 500;
  font-size: 0.8125rem;
  line-height: 1.75;
  text-transform: uppercase;
  min-width: 64px;
  padding: 6px 16px;
  border: 0;
  border-radius: 4px;
  -webkit-transition: background-color 250ms cubic-bezier(0.4, 0, 0.2, 1) 0ms,box-shadow 250ms cubic-bezier(0.4, 0, 0.2, 1) 0ms,border-color 250ms cubic-bezier(0.4, 0, 0.2, 1) 0ms,color 250ms cubic-bezier(0.4, 0, 0.2, 1) 0ms;
  transition: background-color 250ms cubic-bezier(0.4, 0, 0.2, 1) 0ms,box-shadow 250ms cubic-bezier(0.4, 0, 0.2, 1) 0ms,border-color 250ms cubic-bezier(0.4, 0, 0.2, 1) 0ms,color 250ms cubic-bezier(0.4, 0, 0.2, 1) 0ms;
  padding: 6px 8px;
  color: var(--variant-textColor);
  background-color: var(--variant-textBg);
  --variant-textColor: #337a87;
  --variant-outlinedColor: #337a87;
  --variant-outlinedBorder: rgba(51, 122, 135, 0.5);
  --variant-containedColor: #fff;
  --variant-containedBg: #337a87;
  -webkit-transition: background-color 250ms cubic-bezier(0.4, 0, 0.2, 1) 0ms,box-shadow 250ms cubic-bezier(0.4, 0, 0.2, 1) 0ms,border-color 250ms cubic-bezier(0.4, 0, 0.2, 1) 0ms;
  transition: background-color 250ms cubic-bezier(0.4, 0, 0.2, 1) 0ms,box-shadow 250ms cubic-bezier(0.4, 0, 0.2, 1) 0ms,border-color 250ms cubic-bezier(0.4, 0, 0.2, 1) 0ms;
  border-radius: 2px;
  font-size: 14px;
  font-weight: bold;
  padding: 10px 15px;
  text-transform: none;
}

.emotion-1::-moz-focus-inner {
  border-style: none;
}

.emotion-1.Mui-disabled {
  pointer-events: none;
  cursor: default;
}

@media print {
  .emotion-1 {
    -webkit-print-color-adjust: exact;
    color-adjust: exact;
  }
}

.emotion-1:hover {
  -webkit-text-decoration: none;
  text-decoration: none;
}

.emotion-1.Mui-disabled {
  color: rgba(0, 0, 0, 0.26);
}

@media (hover: hover) {
  .emotion-1:hover {
    --variant-containedBg: rgb(35, 85, 94);
    --variant-textBg: rgba(51, 122, 135, 0.04);
    --variant-outlinedBorder: #337a87;
    --variant-outlinedBg: rgba(51, 122, 135, 0.04);
  }
}

.emotion-1.MuiButton-loading {
  color: transparent;
}

.emotion-1:hover {
  colors: #337a87;
}

.emotion-1.MuiButton-text {
  color: rgba(10, 10, 11, 0.78);
}

.emotion-2 {
  display: -webkit-inline-box;
  display: -webkit-inline-flex;
  display: -ms-inline-flexbox;
  display: inline-flex;
  -webkit-align-items: center;
  -webkit-box-align: center;
  -ms-flex-align: center;
  align-items: center;
  -webkit-box-pack: center;
  -ms-flex-pack: center;
  -webkit-justify-content: center;
  justify-content: center;
  position: relative;
  box-sizing: border-box;
  -webkit-tap-highlight-color: transparent;
  background-color: transparent;
  outline: 0;
  border: 0;
  margin: 0;
  border-radius: 0;
  padding: 0;
  cursor: pointer;
  -webkit-user-select: none;
  -moz-user-select: none;
  -ms-user-select: none;
  user-select: none;
  vertical-align: middle;
  -moz-appearance: none;
  -webkit-appearance: none;
  -webkit-text-decoration: none;
  text-decoration: none;
  color: inherit;
  font-family: Lato,sans-serif;
  font-weight: 500;
  font-size: 0.8125rem;
  line-height: 1.75;
  text-transform: uppercase;
  min-width: 64px;
  padding: 6px 16px;
  border: 0;
  border-radius: 4px;
  -webkit-transition: background-color 250ms cubic-bezier(0.4, 0, 0.2, 1) 0ms,box-shadow 250ms cubic-bezier(0.4, 0, 0.2, 1) 0ms,border-color 250ms cubic-bezier(0.4, 0, 0.2, 1) 0ms,color 250ms cubic-bezier(0.4, 0, 0.2, 1) 0ms;
  transition: background-color 250ms cubic-bezier(0.4, 0, 0.2, 1) 0ms,box-shadow 250ms cubic-bezier(0.4, 0, 0.2, 1) 0ms,border-color 250ms cubic-bezier(0.4, 0, 0.2, 1) 0ms,color 250ms cubic-bezier(0.4, 0, 0.2, 1) 0ms;
  padding: 6px 8px;
  color: var(--variant-textColor);
  background-color: var(--variant-textBg);
  --variant-textColor: #337a87;
  --variant-outlinedColor: #337a87;
  --variant-outlinedBorder: rgba(51, 122, 135, 0.5);
  --variant-containedColor: #fff;
  --variant-containedBg: #337a87;
  padding: 4px 5px;
  font-size: 0.7545rem;
  -webkit-transition: background-color 250ms cubic-bezier(0.4, 0, 0.2, 1) 0ms,box-shadow 250ms cubic-bezier(0.4, 0, 0.2, 1) 0ms,border-color 250ms cubic-bezier(0.4, 0, 0.2, 1) 0ms;
  transition: background-color 250ms cubic-bezier(0.4, 0, 0.2, 1) 0ms,box-shadow 250ms cubic-bezier(0.4, 0, 0.2, 1) 0ms,border-color 250ms cubic-bezier(0.4, 0, 0.2, 1) 0ms;
  border-radius: 2px;
  font-size: 14px;
  font-weight: bold;
  padding: 10px 15px;
  text-transform: none;
}

.emotion-2::-moz-focus-inner {
  border-style: none;
}

.emotion-2.Mui-disabled {
  pointer-events: none;
  cursor: default;
}

@media print {
  .emotion-2 {
    -webkit-print-color-adjust: exact;
    color-adjust: exact;
  }
}

.emotion-2:hover {
  -webkit-text-decoration: none;
  text-decoration: none;
}

.emotion-2.Mui-disabled {
  color: rgba(0, 0, 0, 0.26);
}

@media (hover: hover) {
  .emotion-2:hover {
    --variant-containedBg: rgb(35, 85, 94);
    --variant-textBg: rgba(51, 122, 135, 0.04);
    --variant-outlinedBorder: #337a87;
    --variant-outlinedBg: rgba(51, 122, 135, 0.04);
  }
}

.emotion-2.MuiButton-loading {
  color: transparent;
}

.emotion-2:hover {
  colors: #337a87;
}

.emotion-2.MuiButton-text {
  color: rgba(10, 10, 11, 0.78);
}

.emotion-3 {
  -webkit-user-select: none;
  -moz-user-select: none;
  -ms-user-select: none;
  user-select: none;
  width: 1em;
  height: 1em;
  display: inline-block;
  -webkit-flex-shrink: 0;
  -ms-flex-negative: 0;
  flex-shrink: 0;
  -webkit-transition: fill 200ms cubic-bezier(0.4, 0, 0.2, 1) 0ms;
  transition: fill 200ms cubic-bezier(0.4, 0, 0.2, 1) 0ms;
  fill: currentColor;
  font-size: 1.3929rem;
}

.emotion-3 iconButton {
  margin-right: 8px;
}

<div
  class="MuiButtonGroup-root MuiButtonGroup-outlined MuiButtonGroup-horizontal MuiButtonGroup-colorPrimary muted device-addition-widget emotion-0"
  role="group"
>
  <button
    class="MuiButtonBase-root MuiButton-root MuiButton-text MuiButton-textPrimary MuiButton-sizeMedium MuiButton-textSizeMedium MuiButton-colorPrimary MuiButtonGroup-grouped MuiButtonGroup-groupedHorizontal MuiButtonGroup-groupedOutlined MuiButtonGroup-groupedOutlinedHorizontal MuiButtonGroup-groupedOutlinedPrimary MuiButton-root MuiButton-text MuiButton-textPrimary MuiButton-sizeMedium MuiButton-textSizeMedium MuiButton-colorPrimary MuiButtonGroup-firstButton emotion-1"
    tabindex="0"
    type="button"
  >
    Connect a new device
  </button>
  <button
    class="MuiButtonBase-root MuiButton-root MuiButton-text MuiButton-textPrimary MuiButton-sizeSmall MuiButton-textSizeSmall MuiButton-colorPrimary MuiButtonGroup-grouped MuiButtonGroup-groupedHorizontal MuiButtonGroup-groupedOutlined MuiButtonGroup-groupedOutlinedHorizontal MuiButtonGroup-groupedOutlinedPrimary MuiButton-root MuiButton-text MuiButton-textPrimary MuiButton-sizeSmall MuiButton-textSizeSmall MuiButton-colorPrimary MuiButtonGroup-lastButton emotion-2"
    tabindex="0"
    type="button"
  >
    <svg
      aria-hidden="true"
      class="MuiSvgIcon-root MuiSvgIcon-fontSizeMedium emotion-3"
      data-testid="ArrowDropDownIcon"
      focusable="false"
      viewBox="0 0 24 24"
    >
      <path
        d="m7 10 5 5 5-5z"
      />
    </svg>
  </button>
</div>
`;
