// Vitest Snapshot v1, https://vitest.dev/guide/snapshot.html

exports[`Filters Component > renders correctly 1`] = `
.emotion-0 {
  height: 0;
  overflow: hidden;
  -webkit-transition: height 300ms cubic-bezier(0.4, 0, 0.2, 1) 0ms;
  transition: height 300ms cubic-bezier(0.4, 0, 0.2, 1) 0ms;
  height: auto;
  overflow: visible;
}

.emotion-1 {
  display: -webkit-box;
  display: -webkit-flex;
  display: -ms-flexbox;
  display: flex;
  width: 100%;
}

.emotion-2 {
  width: 100%;
}

.emotion-3 {
  margin: 0;
  font-family: "Roboto","Helvetica","Arial",sans-serif;
  font-weight: 400;
  font-size: 1rem;
  line-height: 1.5;
  letter-spacing: 0.00938em;
}

.emotion-4 {
  gap: 16px;
}

.emotion-5 {
  display: -webkit-inline-box;
  display: -webkit-inline-flex;
  display: -ms-inline-flexbox;
  display: inline-flex;
  -webkit-align-items: center;
  -webkit-box-align: center;
  -ms-flex-align: center;
  align-items: center;
  -webkit-box-pack: center;
  -ms-flex-pack: center;
  -webkit-justify-content: center;
  justify-content: center;
  position: relative;
  box-sizing: border-box;
  -webkit-tap-highlight-color: transparent;
  background-color: transparent;
  outline: 0;
  border: 0;
  margin: 0;
  border-radius: 0;
  padding: 0;
  cursor: pointer;
  -webkit-user-select: none;
  -moz-user-select: none;
  -ms-user-select: none;
  user-select: none;
  vertical-align: middle;
  -moz-appearance: none;
  -webkit-appearance: none;
  -webkit-text-decoration: none;
  text-decoration: none;
  color: inherit;
  max-width: 100%;
  font-family: "Roboto","Helvetica","Arial",sans-serif;
  font-size: 0.8125rem;
  display: -webkit-inline-box;
  display: -webkit-inline-flex;
  display: -ms-inline-flexbox;
  display: inline-flex;
  -webkit-align-items: center;
  -webkit-box-align: center;
  -ms-flex-align: center;
  align-items: center;
  -webkit-box-pack: center;
  -ms-flex-pack: center;
  -webkit-justify-content: center;
  justify-content: center;
  height: 32px;
  line-height: 1.5;
  color: rgba(0, 0, 0, 0.87);
  background-color: rgba(0, 0, 0, 0.08);
  border-radius: 16px;
  white-space: nowrap;
  -webkit-transition: background-color 300ms cubic-bezier(0.4, 0, 0.2, 1) 0ms,box-shadow 300ms cubic-bezier(0.4, 0, 0.2, 1) 0ms;
  transition: background-color 300ms cubic-bezier(0.4, 0, 0.2, 1) 0ms,box-shadow 300ms cubic-bezier(0.4, 0, 0.2, 1) 0ms;
  cursor: unset;
  outline: 0;
  -webkit-text-decoration: none;
  text-decoration: none;
  border: 0;
  padding: 0;
  vertical-align: middle;
  box-sizing: border-box;
  -webkit-user-select: none;
  -moz-user-select: none;
  -ms-user-select: none;
  user-select: none;
  -webkit-tap-highlight-color: transparent;
  cursor: pointer;
  background-color: #f7fafb;
  color: rgba(0, 0, 0, 0.38);
  text-transform: uppercase;
  background-color: #f7fafb;
  color: rgba(0, 0, 0, 0.38);
  text-transform: uppercase;
}

.emotion-5::-moz-focus-inner {
  border-style: none;
}

.emotion-5.Mui-disabled {
  pointer-events: none;
  cursor: default;
}

@media print {
  .emotion-5 {
    -webkit-print-color-adjust: exact;
    color-adjust: exact;
  }
}

.emotion-5.Mui-disabled {
  opacity: 0.38;
  pointer-events: none;
}

.emotion-5 .MuiChip-avatar {
  margin-left: 5px;
  margin-right: -6px;
  width: 24px;
  height: 24px;
  color: #616161;
  font-size: 0.75rem;
}

.emotion-5 .MuiChip-avatarColorPrimary {
  color: #fff;
  background-color: #1565c0;
}

.emotion-5 .MuiChip-avatarColorSecondary {
  color: #fff;
  background-color: #7b1fa2;
}

.emotion-5 .MuiChip-avatarSmall {
  margin-left: 4px;
  margin-right: -4px;
  width: 18px;
  height: 18px;
  font-size: 0.625rem;
}

.emotion-5 .MuiChip-icon {
  margin-left: 5px;
  margin-right: -6px;
}

.emotion-5 .MuiChip-deleteIcon {
  -webkit-tap-highlight-color: transparent;
  color: rgba(0, 0, 0, 0.26);
  font-size: 22px;
  cursor: pointer;
  margin: 0 5px 0 -6px;
}

.emotion-5 .MuiChip-deleteIcon:hover {
  color: rgba(0, 0, 0, 0.4);
}

.emotion-5 .MuiChip-icon {
  color: #616161;
}

.emotion-5:hover {
  background-color: rgba(0, 0, 0, 0.12);
}

.emotion-5.Mui-focusVisible {
  background-color: rgba(0, 0, 0, 0.2);
}

.emotion-5:active {
  box-shadow: 0px 2px 1px -1px rgba(0,0,0,0.2),0px 1px 1px 0px rgba(0,0,0,0.14),0px 1px 3px 0px rgba(0,0,0,0.12);
}

.emotion-5:hover {
  font-weight: bold;
}

.emotion-5:hover {
  font-weight: bold;
}

.emotion-6 {
  overflow: hidden;
  text-overflow: ellipsis;
  padding-left: 12px;
  padding-right: 12px;
  white-space: nowrap;
}

.emotion-7 {
  -webkit-box-flex-wrap: wrap;
  -webkit-flex-wrap: wrap;
  -ms-flex-wrap: wrap;
  flex-wrap: wrap;
  gap: 12px;
}

@media (max-width:1535.95px) {
  .emotion-7 {
    width: 100%;
  }
}

.emotion-8 {
  min-width: 240px;
}

.emotion-8.Mui-focused .MuiAutocomplete-clearIndicator {
  visibility: visible;
}

@media (pointer: fine) {
  .emotion-8:hover .MuiAutocomplete-clearIndicator {
    visibility: visible;
  }
}

.emotion-8 .MuiAutocomplete-tag {
  margin: 3px;
  max-width: calc(100% - 6px);
}

.MuiAutocomplete-hasPopupIcon.emotion-8 .MuiAutocomplete-inputRoot,
.MuiAutocomplete-hasClearIcon.emotion-8 .MuiAutocomplete-inputRoot {
  padding-right: 30px;
}

.MuiAutocomplete-hasPopupIcon.MuiAutocomplete-hasClearIcon.emotion-8 .MuiAutocomplete-inputRoot {
  padding-right: 56px;
}

.emotion-8 .MuiAutocomplete-inputRoot .MuiAutocomplete-input {
  width: 0;
  min-width: 30px;
}

.emotion-8 .MuiInput-root {
  padding-bottom: 1px;
}

.emotion-8 .MuiInput-root .MuiInput-input {
  padding: 4px 4px 4px 0px;
}

.emotion-8 .MuiInput-root.MuiInputBase-sizeSmall .MuiInput-input {
  padding: 2px 4px 3px 0;
}

.emotion-8 .MuiOutlinedInput-root {
  padding: 9px;
}

.MuiAutocomplete-hasPopupIcon.emotion-8 .MuiOutlinedInput-root,
.MuiAutocomplete-hasClearIcon.emotion-8 .MuiOutlinedInput-root {
  padding-right: 39px;
}

.MuiAutocomplete-hasPopupIcon.MuiAutocomplete-hasClearIcon.emotion-8 .MuiOutlinedInput-root {
  padding-right: 65px;
}

.emotion-8 .MuiOutlinedInput-root .MuiAutocomplete-input {
  padding: 7.5px 4px 7.5px 5px;
}

.emotion-8 .MuiOutlinedInput-root .MuiAutocomplete-endAdornment {
  right: 9px;
}

.emotion-8 .MuiOutlinedInput-root.MuiInputBase-sizeSmall {
  padding-top: 6px;
  padding-bottom: 6px;
  padding-left: 6px;
}

.emotion-8 .MuiOutlinedInput-root.MuiInputBase-sizeSmall .MuiAutocomplete-input {
  padding: 2.5px 4px 2.5px 8px;
}

.emotion-8 .MuiFilledInput-root {
  padding-top: 19px;
  padding-left: 8px;
}

.MuiAutocomplete-hasPopupIcon.emotion-8 .MuiFilledInput-root,
.MuiAutocomplete-hasClearIcon.emotion-8 .MuiFilledInput-root {
  padding-right: 39px;
}

.MuiAutocomplete-hasPopupIcon.MuiAutocomplete-hasClearIcon.emotion-8 .MuiFilledInput-root {
  padding-right: 65px;
}

.emotion-8 .MuiFilledInput-root .MuiFilledInput-input {
  padding: 7px 4px;
}

.emotion-8 .MuiFilledInput-root .MuiAutocomplete-endAdornment {
  right: 9px;
}

.emotion-8 .MuiFilledInput-root.MuiInputBase-sizeSmall {
  padding-bottom: 1px;
}

.emotion-8 .MuiFilledInput-root.MuiInputBase-sizeSmall .MuiFilledInput-input {
  padding: 2.5px 4px;
}

.emotion-8 .MuiInputBase-hiddenLabel {
  padding-top: 8px;
}

.emotion-8 .MuiFilledInput-root.MuiInputBase-hiddenLabel {
  padding-top: 0;
  padding-bottom: 0;
}

.emotion-8 .MuiFilledInput-root.MuiInputBase-hiddenLabel .MuiAutocomplete-input {
  padding-top: 16px;
  padding-bottom: 17px;
}

.emotion-8 .MuiFilledInput-root.MuiInputBase-hiddenLabel.MuiInputBase-sizeSmall .MuiAutocomplete-input {
  padding-top: 8px;
  padding-bottom: 9px;
}

.emotion-8 .MuiAutocomplete-input {
  -webkit-box-flex: 1;
  -webkit-flex-grow: 1;
  -ms-flex-positive: 1;
  flex-grow: 1;
  text-overflow: ellipsis;
  opacity: 0;
}

.emotion-8 .MuiAutocomplete-input {
  opacity: 1;
}

.emotion-9 {
  display: -webkit-inline-box;
  display: -webkit-inline-flex;
  display: -ms-inline-flexbox;
  display: inline-flex;
  -webkit-flex-direction: column;
  -ms-flex-direction: column;
  flex-direction: column;
  position: relative;
  min-width: 0;
  padding: 0;
  margin: 0;
  border: 0;
  vertical-align: top;
  width: 100%;
}

.emotion-10 {
  color: rgba(0, 0, 0, 0.6);
  font-family: "Roboto","Helvetica","Arial",sans-serif;
  font-weight: 400;
  font-size: 1rem;
  line-height: 1.4375em;
  letter-spacing: 0.00938em;
  padding: 0;
  position: relative;
  display: block;
  transform-origin: top left;
  white-space: nowrap;
  overflow: hidden;
  text-overflow: ellipsis;
  max-width: 100%;
  position: absolute;
  left: 0;
  top: 0;
  -webkit-transform: translate(0, 20px) scale(1);
  -moz-transform: translate(0, 20px) scale(1);
  -ms-transform: translate(0, 20px) scale(1);
  transform: translate(0, 20px) scale(1);
  -webkit-transition: color 200ms cubic-bezier(0.0, 0, 0.2, 1) 0ms,-webkit-transform 200ms cubic-bezier(0.0, 0, 0.2, 1) 0ms,max-width 200ms cubic-bezier(0.0, 0, 0.2, 1) 0ms;
  transition: color 200ms cubic-bezier(0.0, 0, 0.2, 1) 0ms,transform 200ms cubic-bezier(0.0, 0, 0.2, 1) 0ms,max-width 200ms cubic-bezier(0.0, 0, 0.2, 1) 0ms;
  z-index: 1;
  pointer-events: none;
  -webkit-transform: translate(14px, 16px) scale(1);
  -moz-transform: translate(14px, 16px) scale(1);
  -ms-transform: translate(14px, 16px) scale(1);
  transform: translate(14px, 16px) scale(1);
  max-width: calc(100% - 24px);
}

.emotion-10.Mui-focused {
  color: #1976d2;
}

.emotion-10.Mui-disabled {
  color: rgba(0, 0, 0, 0.38);
}

.emotion-10.Mui-error {
  color: #d32f2f;
}

.emotion-11 {
  font-family: "Roboto","Helvetica","Arial",sans-serif;
  font-weight: 400;
  font-size: 1rem;
  line-height: 1.4375em;
  letter-spacing: 0.00938em;
  color: rgba(0, 0, 0, 0.87);
  box-sizing: border-box;
  position: relative;
  cursor: text;
  display: -webkit-inline-box;
  display: -webkit-inline-flex;
  display: -ms-inline-flexbox;
  display: inline-flex;
  -webkit-align-items: center;
  -webkit-box-align: center;
  -ms-flex-align: center;
  align-items: center;
  width: 100%;
  position: relative;
  border-radius: 4px;
  padding-right: 14px;
}

.emotion-11.Mui-disabled {
  color: rgba(0, 0, 0, 0.38);
  cursor: default;
}

.emotion-11:hover .MuiOutlinedInput-notchedOutline {
  border-color: rgba(0, 0, 0, 0.87);
}

@media (hover: none) {
  .emotion-11:hover .MuiOutlinedInput-notchedOutline {
    border-color: rgba(0, 0, 0, 0.23);
  }
}

.emotion-11.Mui-focused .MuiOutlinedInput-notchedOutline {
  border-width: 2px;
}

.emotion-11.Mui-focused .MuiOutlinedInput-notchedOutline {
  border-color: #1976d2;
}

.emotion-11.Mui-error .MuiOutlinedInput-notchedOutline {
  border-color: #d32f2f;
}

.emotion-11.Mui-disabled .MuiOutlinedInput-notchedOutline {
  border-color: rgba(0, 0, 0, 0.26);
}

.emotion-12 {
  font: inherit;
  letter-spacing: inherit;
  color: currentColor;
  padding: 4px 0 5px;
  border: 0;
  box-sizing: content-box;
  background: none;
  height: 1.4375em;
  margin: 0;
  -webkit-tap-highlight-color: transparent;
  display: block;
  min-width: 0;
  width: 100%;
  -webkit-animation-name: mui-auto-fill-cancel;
  animation-name: mui-auto-fill-cancel;
  -webkit-animation-duration: 10ms;
  animation-duration: 10ms;
  padding: 16.5px 14px;
  padding-right: 0;
}

.emotion-12::-webkit-input-placeholder {
  color: currentColor;
  opacity: 0.42;
  -webkit-transition: opacity 200ms cubic-bezier(0.4, 0, 0.2, 1) 0ms;
  transition: opacity 200ms cubic-bezier(0.4, 0, 0.2, 1) 0ms;
}

.emotion-12::-moz-placeholder {
  color: currentColor;
  opacity: 0.42;
  -webkit-transition: opacity 200ms cubic-bezier(0.4, 0, 0.2, 1) 0ms;
  transition: opacity 200ms cubic-bezier(0.4, 0, 0.2, 1) 0ms;
}

.emotion-12::-ms-input-placeholder {
  color: currentColor;
  opacity: 0.42;
  -webkit-transition: opacity 200ms cubic-bezier(0.4, 0, 0.2, 1) 0ms;
  transition: opacity 200ms cubic-bezier(0.4, 0, 0.2, 1) 0ms;
}

.emotion-12:focus {
  outline: 0;
}

.emotion-12:invalid {
  box-shadow: none;
}

.emotion-12::-webkit-search-decoration {
  -webkit-appearance: none;
}

label[data-shrink=false]+.MuiInputBase-formControl .emotion-12::-webkit-input-placeholder {
  opacity: 0!important;
}

label[data-shrink=false]+.MuiInputBase-formControl .emotion-12::-moz-placeholder {
  opacity: 0!important;
}

label[data-shrink=false]+.MuiInputBase-formControl .emotion-12::-ms-input-placeholder {
  opacity: 0!important;
}

label[data-shrink=false]+.MuiInputBase-formControl .emotion-12:focus::-webkit-input-placeholder {
  opacity: 0.42;
}

label[data-shrink=false]+.MuiInputBase-formControl .emotion-12:focus::-moz-placeholder {
  opacity: 0.42;
}

label[data-shrink=false]+.MuiInputBase-formControl .emotion-12:focus::-ms-input-placeholder {
  opacity: 0.42;
}

.emotion-12.Mui-disabled {
  opacity: 1;
  -webkit-text-fill-color: rgba(0, 0, 0, 0.38);
}

.emotion-12:-webkit-autofill {
  -webkit-animation-duration: 5000s;
  animation-duration: 5000s;
  -webkit-animation-name: mui-auto-fill;
  animation-name: mui-auto-fill;
}

.emotion-12:-webkit-autofill {
  border-radius: inherit;
}

.emotion-13 {
  position: absolute;
  right: 0;
  top: 50%;
  -webkit-transform: translate(0, -50%);
  -moz-transform: translate(0, -50%);
  -ms-transform: translate(0, -50%);
  transform: translate(0, -50%);
}

.emotion-14 {
  display: -webkit-inline-box;
  display: -webkit-inline-flex;
  display: -ms-inline-flexbox;
  display: inline-flex;
  -webkit-align-items: center;
  -webkit-box-align: center;
  -ms-flex-align: center;
  align-items: center;
  -webkit-box-pack: center;
  -ms-flex-pack: center;
  -webkit-justify-content: center;
  justify-content: center;
  position: relative;
  box-sizing: border-box;
  -webkit-tap-highlight-color: transparent;
  background-color: transparent;
  outline: 0;
  border: 0;
  margin: 0;
  border-radius: 0;
  padding: 0;
  cursor: pointer;
  -webkit-user-select: none;
  -moz-user-select: none;
  -ms-user-select: none;
  user-select: none;
  vertical-align: middle;
  -moz-appearance: none;
  -webkit-appearance: none;
  -webkit-text-decoration: none;
  text-decoration: none;
  color: inherit;
  text-align: center;
  -webkit-flex: 0 0 auto;
  -ms-flex: 0 0 auto;
  flex: 0 0 auto;
  font-size: 1.5rem;
  padding: 8px;
  border-radius: 50%;
  color: rgba(0, 0, 0, 0.54);
  -webkit-transition: background-color 150ms cubic-bezier(0.4, 0, 0.2, 1) 0ms;
  transition: background-color 150ms cubic-bezier(0.4, 0, 0.2, 1) 0ms;
  --IconButton-hoverBg: rgba(0, 0, 0, 0.04);
  margin-right: -2px;
  padding: 4px;
  visibility: hidden;
}

.emotion-14::-moz-focus-inner {
  border-style: none;
}

.emotion-14.Mui-disabled {
  pointer-events: none;
  cursor: default;
}

@media print {
  .emotion-14 {
    -webkit-print-color-adjust: exact;
    color-adjust: exact;
  }
}

.emotion-14:hover {
  background-color: var(--IconButton-hoverBg);
}

@media (hover: none) {
  .emotion-14:hover {
    background-color: transparent;
  }
}

.emotion-14.Mui-disabled {
  background-color: transparent;
  color: rgba(0, 0, 0, 0.26);
}

.emotion-14.MuiIconButton-loading {
  color: transparent;
}

.emotion-15 {
  -webkit-user-select: none;
  -moz-user-select: none;
  -ms-user-select: none;
  user-select: none;
  width: 1em;
  height: 1em;
  display: inline-block;
  -webkit-flex-shrink: 0;
  -ms-flex-negative: 0;
  flex-shrink: 0;
  -webkit-transition: fill 200ms cubic-bezier(0.4, 0, 0.2, 1) 0ms;
  transition: fill 200ms cubic-bezier(0.4, 0, 0.2, 1) 0ms;
  fill: currentColor;
  font-size: 1.25rem;
}

.emotion-16 {
  text-align: left;
  position: absolute;
  bottom: 0;
  right: 0;
  top: -5px;
  left: 0;
  margin: 0;
  padding: 0 8px;
  pointer-events: none;
  border-radius: inherit;
  border-style: solid;
  border-width: 1px;
  overflow: hidden;
  min-width: 0%;
  border-color: rgba(0, 0, 0, 0.23);
}

.emotion-17 {
  float: unset;
  width: auto;
  overflow: hidden;
  display: block;
  padding: 0;
  height: 11px;
  font-size: 0.75em;
  visibility: hidden;
  max-width: 0.01px;
  -webkit-transition: max-width 50ms cubic-bezier(0.0, 0, 0.2, 1) 0ms;
  transition: max-width 50ms cubic-bezier(0.0, 0, 0.2, 1) 0ms;
  white-space: nowrap;
}

.emotion-17>span {
  padding-left: 5px;
  padding-right: 5px;
  display: inline-block;
  opacity: 0;
  visibility: visible;
}

.emotion-18 {
  font-family: "Roboto","Helvetica","Arial",sans-serif;
  font-weight: 400;
  font-size: 1rem;
  line-height: 1.4375em;
  letter-spacing: 0.00938em;
  color: rgba(0, 0, 0, 0.87);
  box-sizing: border-box;
  position: relative;
  cursor: text;
  display: -webkit-inline-box;
  display: -webkit-inline-flex;
  display: -ms-inline-flexbox;
  display: inline-flex;
  -webkit-align-items: center;
  -webkit-box-align: center;
  -ms-flex-align: center;
  align-items: center;
  position: relative;
  border-radius: 4px;
  min-width: 240px;
}

.emotion-18.Mui-disabled {
  color: rgba(0, 0, 0, 0.38);
  cursor: default;
}

.emotion-18:hover .MuiOutlinedInput-notchedOutline {
  border-color: rgba(0, 0, 0, 0.87);
}

@media (hover: none) {
  .emotion-18:hover .MuiOutlinedInput-notchedOutline {
    border-color: rgba(0, 0, 0, 0.23);
  }
}

.emotion-18.Mui-focused .MuiOutlinedInput-notchedOutline {
  border-width: 2px;
}

.emotion-18.Mui-focused .MuiOutlinedInput-notchedOutline {
  border-color: #1976d2;
}

.emotion-18.Mui-error .MuiOutlinedInput-notchedOutline {
  border-color: #d32f2f;
}

.emotion-18.Mui-disabled .MuiOutlinedInput-notchedOutline {
  border-color: rgba(0, 0, 0, 0.26);
}

.emotion-19 {
  -moz-appearance: none;
  -webkit-appearance: none;
  -webkit-user-select: none;
  -moz-user-select: none;
  -ms-user-select: none;
  user-select: none;
  border-radius: 0;
  cursor: pointer;
  border-radius: 4px;
  font: inherit;
  letter-spacing: inherit;
  color: currentColor;
  padding: 4px 0 5px;
  border: 0;
  box-sizing: content-box;
  background: none;
  height: 1.4375em;
  margin: 0;
  -webkit-tap-highlight-color: transparent;
  display: block;
  min-width: 0;
  width: 100%;
  -webkit-animation-name: mui-auto-fill-cancel;
  animation-name: mui-auto-fill-cancel;
  -webkit-animation-duration: 10ms;
  animation-duration: 10ms;
  padding: 16.5px 14px;
}

.emotion-19:focus {
  border-radius: 0;
}

.emotion-19.Mui-disabled {
  cursor: default;
}

.emotion-19[multiple] {
  height: auto;
}

.emotion-19:not([multiple]) option,
.emotion-19:not([multiple]) optgroup {
  background-color: #fff;
}

.emotion-19:focus {
  border-radius: 4px;
}

.emotion-19.emotion-19.emotion-19 {
  padding-right: 32px;
}

.emotion-19.MuiSelect-select {
  height: auto;
  min-height: 1.4375em;
  text-overflow: ellipsis;
  white-space: nowrap;
  overflow: hidden;
}

.emotion-19::-webkit-input-placeholder {
  color: currentColor;
  opacity: 0.42;
  -webkit-transition: opacity 200ms cubic-bezier(0.4, 0, 0.2, 1) 0ms;
  transition: opacity 200ms cubic-bezier(0.4, 0, 0.2, 1) 0ms;
}

.emotion-19::-moz-placeholder {
  color: currentColor;
  opacity: 0.42;
  -webkit-transition: opacity 200ms cubic-bezier(0.4, 0, 0.2, 1) 0ms;
  transition: opacity 200ms cubic-bezier(0.4, 0, 0.2, 1) 0ms;
}

.emotion-19::-ms-input-placeholder {
  color: currentColor;
  opacity: 0.42;
  -webkit-transition: opacity 200ms cubic-bezier(0.4, 0, 0.2, 1) 0ms;
  transition: opacity 200ms cubic-bezier(0.4, 0, 0.2, 1) 0ms;
}

.emotion-19:focus {
  outline: 0;
}

.emotion-19:invalid {
  box-shadow: none;
}

.emotion-19::-webkit-search-decoration {
  -webkit-appearance: none;
}

label[data-shrink=false]+.MuiInputBase-formControl .emotion-19::-webkit-input-placeholder {
  opacity: 0!important;
}

label[data-shrink=false]+.MuiInputBase-formControl .emotion-19::-moz-placeholder {
  opacity: 0!important;
}

label[data-shrink=false]+.MuiInputBase-formControl .emotion-19::-ms-input-placeholder {
  opacity: 0!important;
}

label[data-shrink=false]+.MuiInputBase-formControl .emotion-19:focus::-webkit-input-placeholder {
  opacity: 0.42;
}

label[data-shrink=false]+.MuiInputBase-formControl .emotion-19:focus::-moz-placeholder {
  opacity: 0.42;
}

label[data-shrink=false]+.MuiInputBase-formControl .emotion-19:focus::-ms-input-placeholder {
  opacity: 0.42;
}

.emotion-19.Mui-disabled {
  opacity: 1;
  -webkit-text-fill-color: rgba(0, 0, 0, 0.38);
}

.emotion-19:-webkit-autofill {
  -webkit-animation-duration: 5000s;
  animation-duration: 5000s;
  -webkit-animation-name: mui-auto-fill;
  animation-name: mui-auto-fill;
}

.emotion-19:-webkit-autofill {
  border-radius: inherit;
}

.emotion-20 {
  bottom: 0;
  left: 0;
  position: absolute;
  opacity: 0;
  pointer-events: none;
  width: 100%;
  box-sizing: border-box;
}

.emotion-21 {
  -webkit-user-select: none;
  -moz-user-select: none;
  -ms-user-select: none;
  user-select: none;
  width: 1em;
  height: 1em;
  display: inline-block;
  -webkit-flex-shrink: 0;
  -ms-flex-negative: 0;
  flex-shrink: 0;
  -webkit-transition: fill 200ms cubic-bezier(0.4, 0, 0.2, 1) 0ms;
  transition: fill 200ms cubic-bezier(0.4, 0, 0.2, 1) 0ms;
  fill: currentColor;
  font-size: 1.5rem;
  position: absolute;
  right: 0;
  top: calc(50% - .5em);
  pointer-events: none;
  color: rgba(0, 0, 0, 0.54);
  right: 7px;
}

.emotion-21.Mui-disabled {
  color: rgba(0, 0, 0, 0.26);
}

.emotion-23 {
  float: unset;
  width: auto;
  overflow: hidden;
  padding: 0;
  line-height: 11px;
  -webkit-transition: width 150ms cubic-bezier(0.0, 0, 0.2, 1) 0ms;
  transition: width 150ms cubic-bezier(0.0, 0, 0.2, 1) 0ms;
}

.emotion-24 {
  display: -webkit-inline-box;
  display: -webkit-inline-flex;
  display: -ms-inline-flexbox;
  display: inline-flex;
  -webkit-flex-direction: column;
  -ms-flex-direction: column;
  flex-direction: column;
  position: relative;
  min-width: 0;
  padding: 0;
  margin: 0;
  border: 0;
  vertical-align: top;
  -webkit-box-flex: 1;
  -webkit-flex-grow: 1;
  -ms-flex-positive: 1;
  flex-grow: 1;
}

@media (min-width:1536px) {
  .emotion-24 {
    -webkit-box-flex: 0;
    -webkit-flex-grow: 0;
    -ms-flex-positive: 0;
    flex-grow: 0;
  }
}

.emotion-26 {
  font-family: "Roboto","Helvetica","Arial",sans-serif;
  font-weight: 400;
  font-size: 1rem;
  line-height: 1.4375em;
  letter-spacing: 0.00938em;
  color: rgba(0, 0, 0, 0.87);
  box-sizing: border-box;
  position: relative;
  cursor: text;
  display: -webkit-inline-box;
  display: -webkit-inline-flex;
  display: -ms-inline-flexbox;
  display: inline-flex;
  -webkit-align-items: center;
  -webkit-box-align: center;
  -ms-flex-align: center;
  align-items: center;
  position: relative;
  border-radius: 4px;
}

.emotion-26.Mui-disabled {
  color: rgba(0, 0, 0, 0.38);
  cursor: default;
}

.emotion-26:hover .MuiOutlinedInput-notchedOutline {
  border-color: rgba(0, 0, 0, 0.87);
}

@media (hover: none) {
  .emotion-26:hover .MuiOutlinedInput-notchedOutline {
    border-color: rgba(0, 0, 0, 0.23);
  }
}

.emotion-26.Mui-focused .MuiOutlinedInput-notchedOutline {
  border-width: 2px;
}

.emotion-26.Mui-focused .MuiOutlinedInput-notchedOutline {
  border-color: #1976d2;
}

.emotion-26.Mui-error .MuiOutlinedInput-notchedOutline {
  border-color: #d32f2f;
}

.emotion-26.Mui-disabled .MuiOutlinedInput-notchedOutline {
  border-color: rgba(0, 0, 0, 0.26);
}

.emotion-27 {
  font: inherit;
  letter-spacing: inherit;
  color: currentColor;
  padding: 4px 0 5px;
  border: 0;
  box-sizing: content-box;
  background: none;
  height: 1.4375em;
  margin: 0;
  -webkit-tap-highlight-color: transparent;
  display: block;
  min-width: 0;
  width: 100%;
  -webkit-animation-name: mui-auto-fill-cancel;
  animation-name: mui-auto-fill-cancel;
  -webkit-animation-duration: 10ms;
  animation-duration: 10ms;
  padding: 16.5px 14px;
}

.emotion-27::-webkit-input-placeholder {
  color: currentColor;
  opacity: 0.42;
  -webkit-transition: opacity 200ms cubic-bezier(0.4, 0, 0.2, 1) 0ms;
  transition: opacity 200ms cubic-bezier(0.4, 0, 0.2, 1) 0ms;
}

.emotion-27::-moz-placeholder {
  color: currentColor;
  opacity: 0.42;
  -webkit-transition: opacity 200ms cubic-bezier(0.4, 0, 0.2, 1) 0ms;
  transition: opacity 200ms cubic-bezier(0.4, 0, 0.2, 1) 0ms;
}

.emotion-27::-ms-input-placeholder {
  color: currentColor;
  opacity: 0.42;
  -webkit-transition: opacity 200ms cubic-bezier(0.4, 0, 0.2, 1) 0ms;
  transition: opacity 200ms cubic-bezier(0.4, 0, 0.2, 1) 0ms;
}

.emotion-27:focus {
  outline: 0;
}

.emotion-27:invalid {
  box-shadow: none;
}

.emotion-27::-webkit-search-decoration {
  -webkit-appearance: none;
}

label[data-shrink=false]+.MuiInputBase-formControl .emotion-27::-webkit-input-placeholder {
  opacity: 0!important;
}

label[data-shrink=false]+.MuiInputBase-formControl .emotion-27::-moz-placeholder {
  opacity: 0!important;
}

label[data-shrink=false]+.MuiInputBase-formControl .emotion-27::-ms-input-placeholder {
  opacity: 0!important;
}

label[data-shrink=false]+.MuiInputBase-formControl .emotion-27:focus::-webkit-input-placeholder {
  opacity: 0.42;
}

label[data-shrink=false]+.MuiInputBase-formControl .emotion-27:focus::-moz-placeholder {
  opacity: 0.42;
}

label[data-shrink=false]+.MuiInputBase-formControl .emotion-27:focus::-ms-input-placeholder {
  opacity: 0.42;
}

.emotion-27.Mui-disabled {
  opacity: 1;
  -webkit-text-fill-color: rgba(0, 0, 0, 0.38);
}

.emotion-27:-webkit-autofill {
  -webkit-animation-duration: 5000s;
  animation-duration: 5000s;
  -webkit-animation-name: mui-auto-fill;
  animation-name: mui-auto-fill;
}

.emotion-27:-webkit-autofill {
  border-radius: inherit;
}

.emotion-30 {
  display: -webkit-inline-box;
  display: -webkit-inline-flex;
  display: -ms-inline-flexbox;
  display: inline-flex;
  -webkit-align-items: center;
  -webkit-box-align: center;
  -ms-flex-align: center;
  align-items: center;
  -webkit-box-pack: center;
  -ms-flex-pack: center;
  -webkit-justify-content: center;
  justify-content: center;
  position: relative;
  box-sizing: border-box;
  -webkit-tap-highlight-color: transparent;
  background-color: transparent;
  outline: 0;
  border: 0;
  margin: 0;
  border-radius: 0;
  padding: 0;
  cursor: pointer;
  -webkit-user-select: none;
  -moz-user-select: none;
  -ms-user-select: none;
  user-select: none;
  vertical-align: middle;
  -moz-appearance: none;
  -webkit-appearance: none;
  -webkit-text-decoration: none;
  text-decoration: none;
  color: inherit;
  font-family: "Roboto","Helvetica","Arial",sans-serif;
  font-weight: 500;
  font-size: 0.875rem;
  line-height: 1.75;
  letter-spacing: 0.02857em;
  text-transform: uppercase;
  min-width: 64px;
  padding: 6px 16px;
  border: 0;
  border-radius: 4px;
  -webkit-transition: background-color 250ms cubic-bezier(0.4, 0, 0.2, 1) 0ms,box-shadow 250ms cubic-bezier(0.4, 0, 0.2, 1) 0ms,border-color 250ms cubic-bezier(0.4, 0, 0.2, 1) 0ms,color 250ms cubic-bezier(0.4, 0, 0.2, 1) 0ms;
  transition: background-color 250ms cubic-bezier(0.4, 0, 0.2, 1) 0ms,box-shadow 250ms cubic-bezier(0.4, 0, 0.2, 1) 0ms,border-color 250ms cubic-bezier(0.4, 0, 0.2, 1) 0ms,color 250ms cubic-bezier(0.4, 0, 0.2, 1) 0ms;
  padding: 5px 15px;
  border: 1px solid currentColor;
  border-color: var(--variant-outlinedBorder, currentColor);
  background-color: var(--variant-outlinedBg);
  color: var(--variant-outlinedColor);
  --variant-textColor: #1976d2;
  --variant-outlinedColor: #1976d2;
  --variant-outlinedBorder: rgba(25, 118, 210, 0.5);
  --variant-containedColor: #fff;
  --variant-containedBg: #1976d2;
  -webkit-transition: background-color 250ms cubic-bezier(0.4, 0, 0.2, 1) 0ms,box-shadow 250ms cubic-bezier(0.4, 0, 0.2, 1) 0ms,border-color 250ms cubic-bezier(0.4, 0, 0.2, 1) 0ms;
  transition: background-color 250ms cubic-bezier(0.4, 0, 0.2, 1) 0ms,box-shadow 250ms cubic-bezier(0.4, 0, 0.2, 1) 0ms,border-color 250ms cubic-bezier(0.4, 0, 0.2, 1) 0ms;
}

.emotion-30::-moz-focus-inner {
  border-style: none;
}

.emotion-30.Mui-disabled {
  pointer-events: none;
  cursor: default;
}

@media print {
  .emotion-30 {
    -webkit-print-color-adjust: exact;
    color-adjust: exact;
  }
}

.emotion-30:hover {
  -webkit-text-decoration: none;
  text-decoration: none;
}

.emotion-30.Mui-disabled {
  color: rgba(0, 0, 0, 0.26);
}

.emotion-30.Mui-disabled {
  border: 1px solid rgba(0, 0, 0, 0.12);
}

@media (hover: hover) {
  .emotion-30:hover {
    --variant-containedBg: #1565c0;
    --variant-textBg: rgba(25, 118, 210, 0.04);
    --variant-outlinedBorder: #1976d2;
    --variant-outlinedBg: rgba(25, 118, 210, 0.04);
  }
}

.emotion-30.MuiButton-loading {
  color: transparent;
}

.emotion-31 {
  display: inherit;
  margin-right: 8px;
  margin-left: -4px;
}

.emotion-31>*:nth-of-type(1) {
  font-size: 20px;
}

.emotion-32 {
  -webkit-user-select: none;
  -moz-user-select: none;
  -ms-user-select: none;
  user-select: none;
  width: 1em;
  height: 1em;
  display: inline-block;
  -webkit-flex-shrink: 0;
  -ms-flex-negative: 0;
  flex-shrink: 0;
  -webkit-transition: fill 200ms cubic-bezier(0.4, 0, 0.2, 1) 0ms;
  transition: fill 200ms cubic-bezier(0.4, 0, 0.2, 1) 0ms;
  fill: currentColor;
  font-size: 1.5rem;
}

.emotion-33 {
  margin: 0;
  -webkit-flex-shrink: 0;
  -ms-flex-negative: 0;
  flex-shrink: 0;
  border-width: 0;
  border-style: solid;
  border-color: rgba(0, 0, 0, 0.12);
  border-bottom-width: thin;
}

<div
  class="MuiCollapse-root MuiCollapse-vertical filter-wrapper MuiCollapse-entered emotion-0"
  style="min-height: 0px;"
>
  <div
    class="MuiCollapse-wrapper MuiCollapse-vertical emotion-1"
  >
    <div
      class="MuiCollapse-wrapperInner MuiCollapse-vertical emotion-2"
    >
      <div
        class="flexbox"
      >
        <p
          class="MuiTypography-root MuiTypography-body1 emotion-3"
        >
          Devices matching:
        </p>
        <div
          class="margin-left-small filter-list"
        />
        <div
          class="flexbox center-aligned margin-left-small emotion-4"
        >
          <div
            class=""
            data-mui-internal-clone-element="true"
          >
            <div
              class="MuiButtonBase-root MuiChip-root MuiChip-filled MuiChip-sizeMedium MuiChip-colorDefault MuiChip-clickable MuiChip-clickableColorDefault MuiChip-filledDefault emotion-5"
              role="button"
              tabindex="0"
            >
              <span
                class="MuiChip-label MuiChip-labelMedium emotion-6"
              >
                Professional
              </span>
            </div>
          </div>
        </div>
      </div>
      <div
        class="flexbox column"
      >
        <div
          class="flexbox center-aligned margin-top-small margin-bottom-small relative"
        >
          <div
            class="flexbox margin-right-small emotion-7"
          >
            <div
              class="MuiAutocomplete-root MuiAutocomplete-hasClearIcon emotion-8"
            >
              <div
                class="MuiFormControl-root MuiFormControl-fullWidth MuiTextField-root emotion-9"
              >
                <label
                  class="MuiFormLabel-root MuiInputLabel-root MuiInputLabel-formControl MuiInputLabel-animated MuiInputLabel-outlined MuiFormLabel-colorPrimary MuiInputLabel-root MuiInputLabel-formControl MuiInputLabel-animated MuiInputLabel-outlined emotion-10"
                  data-shrink="false"
                  for="filter-selection"
                  id="filter-selection-label"
                >
                  Attribute
                </label>
                <div
                  class="MuiInputBase-root MuiOutlinedInput-root MuiInputBase-colorPrimary MuiInputBase-fullWidth MuiInputBase-formControl MuiInputBase-adornedEnd MuiAutocomplete-inputRoot emotion-11"
                >
                  <input
                    aria-autocomplete="both"
                    aria-expanded="false"
                    aria-invalid="false"
                    autocapitalize="none"
                    autocomplete="off"
                    class="MuiInputBase-input MuiOutlinedInput-input MuiInputBase-inputAdornedEnd MuiAutocomplete-input MuiAutocomplete-inputFocused emotion-12"
                    id="filter-selection"
                    role="combobox"
                    spellcheck="false"
                    type="text"
                    value=""
                  />
                  <div
                    class="MuiAutocomplete-endAdornment emotion-13"
                  >
                    <button
                      aria-label="Clear"
                      class="MuiButtonBase-root MuiIconButton-root MuiIconButton-sizeMedium MuiAutocomplete-clearIndicator emotion-14"
                      tabindex="-1"
                      title="Clear"
                      type="button"
                    >
                      <svg
                        aria-hidden="true"
                        class="MuiSvgIcon-root MuiSvgIcon-fontSizeSmall emotion-15"
                        data-testid="CloseIcon"
                        focusable="false"
                        viewBox="0 0 24 24"
                      >
                        <path
                          d="M19 6.41L17.59 5 12 10.59 6.41 5 5 6.41 10.59 12 5 17.59 6.41 19 12 13.41 17.59 19 19 17.59 13.41 12z"
                        />
                      </svg>
                    </button>
                  </div>
                  <fieldset
                    aria-hidden="true"
                    class="MuiOutlinedInput-notchedOutline emotion-16"
                  >
                    <legend
                      class="emotion-17"
                    >
                      <span>
                        Attribute
                      </span>
                    </legend>
                  </fieldset>
                </div>
              </div>
            </div>
            <div
              class="MuiInputBase-root MuiOutlinedInput-root MuiInputBase-colorPrimary MuiSelect-root emotion-18"
            >
              <div
                aria-expanded="false"
                aria-haspopup="listbox"
                class="MuiSelect-select MuiSelect-outlined MuiInputBase-input MuiOutlinedInput-input emotion-19"
                role="combobox"
                tabindex="0"
              >
                equals
              </div>
              <input
                aria-hidden="true"
                aria-invalid="false"
                class="MuiSelect-nativeInput emotion-20"
                tabindex="-1"
                value="$eq"
              />
              <svg
                aria-hidden="true"
                class="MuiSvgIcon-root MuiSvgIcon-fontSizeMedium MuiSelect-icon MuiSelect-iconOutlined emotion-21"
                data-testid="ArrowDropDownIcon"
                focusable="false"
                viewBox="0 0 24 24"
              >
                <path
                  d="M7 10l5 5 5-5z"
                />
              </svg>
              <fieldset
                aria-hidden="true"
                class="MuiOutlinedInput-notchedOutline emotion-16"
              >
                <legend
                  class="emotion-23"
                >
                  <span
                    aria-hidden="true"
                    class="notranslate"
                  >
                    ​
                  </span>
                </legend>
              </fieldset>
            </div>
            <div
              class="MuiFormControl-root MuiTextField-root emotion-24"
            >
              <label
                class="MuiFormLabel-root MuiInputLabel-root MuiInputLabel-formControl MuiInputLabel-animated MuiInputLabel-outlined MuiFormLabel-colorPrimary MuiInputLabel-root MuiInputLabel-formControl MuiInputLabel-animated MuiInputLabel-outlined emotion-10"
                data-shrink="false"
                for="«r6»"
                id="«r6»-label"
              >
                Value
              </label>
              <div
                class="MuiInputBase-root MuiOutlinedInput-root MuiInputBase-colorPrimary MuiInputBase-formControl emotion-26"
              >
                <input
                  aria-invalid="false"
                  class="MuiInputBase-input MuiOutlinedInput-input emotion-27"
                  id="«r6»"
                  type="text"
                  value=""
                />
                <fieldset
                  aria-hidden="true"
                  class="MuiOutlinedInput-notchedOutline emotion-16"
                >
                  <legend
                    class="emotion-17"
                  >
                    <span>
                      Value
                    </span>
                  </legend>
                </fieldset>
              </div>
            </div>
          </div>
        </div>
        <button
          class="MuiButtonBase-root MuiButton-root MuiButton-outlined MuiButton-outlinedPrimary MuiButton-sizeMedium MuiButton-outlinedSizeMedium MuiButton-colorPrimary Mui-disabled MuiButton-root MuiButton-outlined MuiButton-outlinedPrimary MuiButton-sizeMedium MuiButton-outlinedSizeMedium MuiButton-colorPrimary align-self-start margin-bottom-small emotion-30"
          disabled=""
          tabindex="-1"
          type="button"
        >
          <span
            class="MuiButton-icon MuiButton-startIcon MuiButton-iconSizeMedium emotion-31"
          >
            <svg
              aria-hidden="true"
              class="MuiSvgIcon-root MuiSvgIcon-fontSizeMedium emotion-32"
              data-testid="AddIcon"
              focusable="false"
              viewBox="0 0 24 24"
            >
              <path
                d="M19 13h-6v6h-2v-6H5v-2h6V5h2v6h6z"
              />
            </svg>
          </span>
          Add rule
        </button>
      </div>
      <hr
        class="MuiDivider-root MuiDivider-fullWidth emotion-33"
      />
      <div
        class="flexbox space-between margin-top-small margin-bottom-small"
      >
        <button
          class="MuiButtonBase-root MuiButton-root MuiButton-outlined MuiButton-outlinedPrimary MuiButton-sizeMedium MuiButton-outlinedSizeMedium MuiButton-colorPrimary Mui-disabled MuiButton-root MuiButton-outlined MuiButton-outlinedPrimary MuiButton-sizeMedium MuiButton-outlinedSizeMedium MuiButton-colorPrimary emotion-30"
          disabled=""
          tabindex="-1"
          type="button"
        >
          Clear filter
        </button>
        <div />
      </div>
    </div>
  </div>
</div>
`;
