// Vitest Snapshot v1, https://vitest.dev/guide/snapshot.html

exports[`TenantList > renders correctly 1`] = `
.emotion-0 .MuiTypography-body1 {
  font-weight: 500;
}

.emotion-1 {
  margin: 0;
  font-family: "Roboto","Helvetica","Arial",sans-serif;
  font-weight: 400;
  font-size: 1rem;
  line-height: 1.5;
  letter-spacing: 0.00938em;
}

.emotion-6 {
  -webkit-user-select: none;
  -moz-user-select: none;
  -ms-user-select: none;
  user-select: none;
  width: 1em;
  height: 1em;
  display: inline-block;
  -webkit-flex-shrink: 0;
  -ms-flex-negative: 0;
  flex-shrink: 0;
  -webkit-transition: fill 200ms cubic-bezier(0.4, 0, 0.2, 1) 0ms;
  transition: fill 200ms cubic-bezier(0.4, 0, 0.2, 1) 0ms;
  fill: currentColor;
  font-size: 1.5rem;
}

.emotion-7 {
  -webkit-user-select: none;
  -moz-user-select: none;
  -ms-user-select: none;
  user-select: none;
  width: 1em;
  height: 1em;
  display: inline-block;
  -webkit-flex-shrink: 0;
  -ms-flex-negative: 0;
  flex-shrink: 0;
  -webkit-transition: fill 200ms cubic-bezier(0.4, 0, 0.2, 1) 0ms;
  transition: fill 200ms cubic-bezier(0.4, 0, 0.2, 1) 0ms;
  fill: currentColor;
  font-size: 1.25rem;
}

.emotion-10 {
  overflow: auto;
  color: rgba(0, 0, 0, 0.87);
  font-size: 0.875rem;
}

.emotion-10:last-child {
  padding: 0;
}

.emotion-11 {
  position: relative;
  display: -webkit-box;
  display: -webkit-flex;
  display: -ms-flexbox;
  display: flex;
  -webkit-align-items: center;
  -webkit-box-align: center;
  -ms-flex-align: center;
  align-items: center;
  padding-left: 16px;
  padding-right: 16px;
  min-height: 56px;
  min-height: 52px;
  padding-right: 2px;
}

@media (min-width:600px) {
  .emotion-11 {
    padding-left: 24px;
    padding-right: 24px;
  }
}

@media (min-width:0px) {
  @media (orientation: landscape) {
    .emotion-11 {
      min-height: 48px;
    }
  }
}

@media (min-width:600px) {
  .emotion-11 {
    min-height: 64px;
  }
}

@media (min-width:0px) and (orientation: landscape) {
  .emotion-11 {
    min-height: 52px;
  }
}

@media (min-width:600px) {
  .emotion-11 {
    min-height: 52px;
    padding-right: 2px;
  }
}

.emotion-11 .MuiTablePagination-actions {
  -webkit-flex-shrink: 0;
  -ms-flex-negative: 0;
  flex-shrink: 0;
  margin-left: 20px;
}

.emotion-12 {
  -webkit-flex: 1 1 100%;
  -ms-flex: 1 1 100%;
  flex: 1 1 100%;
}

.emotion-13 {
  font-family: "Roboto","Helvetica","Arial",sans-serif;
  font-weight: 400;
  font-size: 0.875rem;
  line-height: 1.43;
  letter-spacing: 0.01071em;
  -webkit-flex-shrink: 0;
  -ms-flex-negative: 0;
  flex-shrink: 0;
}

.emotion-14 {
  font-family: "Roboto","Helvetica","Arial",sans-serif;
  font-weight: 400;
  font-size: 1rem;
  line-height: 1.4375em;
  letter-spacing: 0.00938em;
  color: rgba(0, 0, 0, 0.87);
  box-sizing: border-box;
  position: relative;
  cursor: text;
  display: -webkit-inline-box;
  display: -webkit-inline-flex;
  display: -ms-inline-flexbox;
  display: inline-flex;
  -webkit-align-items: center;
  -webkit-box-align: center;
  -ms-flex-align: center;
  align-items: center;
  color: inherit;
  font-size: inherit;
  -webkit-flex-shrink: 0;
  -ms-flex-negative: 0;
  flex-shrink: 0;
  margin-right: 32px;
  margin-left: 8px;
}

.emotion-14.Mui-disabled {
  color: rgba(0, 0, 0, 0.38);
  cursor: default;
}

.emotion-14 .MuiTablePagination-select {
  padding-left: 8px;
  padding-right: 24px;
  text-align: right;
  -webkit-text-align-last: right;
  text-align-last: right;
}

.emotion-15 {
  -moz-appearance: none;
  -webkit-appearance: none;
  -webkit-user-select: none;
  -moz-user-select: none;
  -ms-user-select: none;
  user-select: none;
  border-radius: 0;
  cursor: pointer;
  font: inherit;
  letter-spacing: inherit;
  color: currentColor;
  padding: 4px 0 5px;
  border: 0;
  box-sizing: content-box;
  background: none;
  height: 1.4375em;
  margin: 0;
  -webkit-tap-highlight-color: transparent;
  display: block;
  min-width: 0;
  width: 100%;
  -webkit-animation-name: mui-auto-fill-cancel;
  animation-name: mui-auto-fill-cancel;
  -webkit-animation-duration: 10ms;
  animation-duration: 10ms;
}

.emotion-15:focus {
  border-radius: 0;
}

.emotion-15.Mui-disabled {
  cursor: default;
}

.emotion-15[multiple] {
  height: auto;
}

.emotion-15:not([multiple]) option,
.emotion-15:not([multiple]) optgroup {
  background-color: #fff;
}

.emotion-15.emotion-15.emotion-15 {
  padding-right: 24px;
  min-width: 16px;
}

.emotion-15.MuiSelect-select {
  height: auto;
  min-height: 1.4375em;
  text-overflow: ellipsis;
  white-space: nowrap;
  overflow: hidden;
}

.emotion-15::-webkit-input-placeholder {
  color: currentColor;
  opacity: 0.42;
  -webkit-transition: opacity 200ms cubic-bezier(0.4, 0, 0.2, 1) 0ms;
  transition: opacity 200ms cubic-bezier(0.4, 0, 0.2, 1) 0ms;
}

.emotion-15::-moz-placeholder {
  color: currentColor;
  opacity: 0.42;
  -webkit-transition: opacity 200ms cubic-bezier(0.4, 0, 0.2, 1) 0ms;
  transition: opacity 200ms cubic-bezier(0.4, 0, 0.2, 1) 0ms;
}

.emotion-15::-ms-input-placeholder {
  color: currentColor;
  opacity: 0.42;
  -webkit-transition: opacity 200ms cubic-bezier(0.4, 0, 0.2, 1) 0ms;
  transition: opacity 200ms cubic-bezier(0.4, 0, 0.2, 1) 0ms;
}

.emotion-15:focus {
  outline: 0;
}

.emotion-15:invalid {
  box-shadow: none;
}

.emotion-15::-webkit-search-decoration {
  -webkit-appearance: none;
}

label[data-shrink=false]+.MuiInputBase-formControl .emotion-15::-webkit-input-placeholder {
  opacity: 0!important;
}

label[data-shrink=false]+.MuiInputBase-formControl .emotion-15::-moz-placeholder {
  opacity: 0!important;
}

label[data-shrink=false]+.MuiInputBase-formControl .emotion-15::-ms-input-placeholder {
  opacity: 0!important;
}

label[data-shrink=false]+.MuiInputBase-formControl .emotion-15:focus::-webkit-input-placeholder {
  opacity: 0.42;
}

label[data-shrink=false]+.MuiInputBase-formControl .emotion-15:focus::-moz-placeholder {
  opacity: 0.42;
}

label[data-shrink=false]+.MuiInputBase-formControl .emotion-15:focus::-ms-input-placeholder {
  opacity: 0.42;
}

.emotion-15.Mui-disabled {
  opacity: 1;
  -webkit-text-fill-color: rgba(0, 0, 0, 0.38);
}

.emotion-15:-webkit-autofill {
  -webkit-animation-duration: 5000s;
  animation-duration: 5000s;
  -webkit-animation-name: mui-auto-fill;
  animation-name: mui-auto-fill;
}

.emotion-16 {
  bottom: 0;
  left: 0;
  position: absolute;
  opacity: 0;
  pointer-events: none;
  width: 100%;
  box-sizing: border-box;
}

.emotion-17 {
  -webkit-user-select: none;
  -moz-user-select: none;
  -ms-user-select: none;
  user-select: none;
  width: 1em;
  height: 1em;
  display: inline-block;
  -webkit-flex-shrink: 0;
  -ms-flex-negative: 0;
  flex-shrink: 0;
  -webkit-transition: fill 200ms cubic-bezier(0.4, 0, 0.2, 1) 0ms;
  transition: fill 200ms cubic-bezier(0.4, 0, 0.2, 1) 0ms;
  fill: currentColor;
  font-size: 1.5rem;
  position: absolute;
  right: 0;
  top: calc(50% - .5em);
  pointer-events: none;
  color: rgba(0, 0, 0, 0.54);
}

.emotion-17.Mui-disabled {
  color: rgba(0, 0, 0, 0.26);
}

.emotion-18 {
  font-family: "Roboto","Helvetica","Arial",sans-serif;
  font-weight: 400;
  font-size: 0.875rem;
  line-height: 1.43;
  letter-spacing: 0.01071em;
  -webkit-flex-shrink: 0;
  -ms-flex-negative: 0;
  flex-shrink: 0;
}

.emotion-19 {
  display: -webkit-inline-box;
  display: -webkit-inline-flex;
  display: -ms-inline-flexbox;
  display: inline-flex;
  -webkit-align-items: center;
  -webkit-box-align: center;
  -ms-flex-align: center;
  align-items: center;
  -webkit-box-pack: center;
  -ms-flex-pack: center;
  -webkit-justify-content: center;
  justify-content: center;
  position: relative;
  box-sizing: border-box;
  -webkit-tap-highlight-color: transparent;
  background-color: transparent;
  outline: 0;
  border: 0;
  margin: 0;
  border-radius: 0;
  padding: 0;
  cursor: pointer;
  -webkit-user-select: none;
  -moz-user-select: none;
  -ms-user-select: none;
  user-select: none;
  vertical-align: middle;
  -moz-appearance: none;
  -webkit-appearance: none;
  -webkit-text-decoration: none;
  text-decoration: none;
  color: inherit;
  text-align: center;
  -webkit-flex: 0 0 auto;
  -ms-flex: 0 0 auto;
  flex: 0 0 auto;
  font-size: 1.5rem;
  padding: 8px;
  border-radius: 50%;
  color: rgba(0, 0, 0, 0.54);
  -webkit-transition: background-color 150ms cubic-bezier(0.4, 0, 0.2, 1) 0ms;
  transition: background-color 150ms cubic-bezier(0.4, 0, 0.2, 1) 0ms;
  --IconButton-hoverBg: rgba(0, 0, 0, 0.04);
  padding: 12px;
  font-size: 1.75rem;
}

.emotion-19::-moz-focus-inner {
  border-style: none;
}

.emotion-19.Mui-disabled {
  pointer-events: none;
  cursor: default;
}

@media print {
  .emotion-19 {
    -webkit-print-color-adjust: exact;
    color-adjust: exact;
  }
}

.emotion-19:hover {
  background-color: var(--IconButton-hoverBg);
}

@media (hover: none) {
  .emotion-19:hover {
    background-color: transparent;
  }
}

.emotion-19.Mui-disabled {
  background-color: transparent;
  color: rgba(0, 0, 0, 0.26);
}

.emotion-19.MuiIconButton-loading {
  color: transparent;
}

<body>
  <div>
    <div>
      <div
        class="deviceList "
        style="grid-template-columns: minmax(150px, 1.5fr) minmax(150px, 1.5fr) minmax(150px, 1.5fr) minmax(150px, 1.5fr) minmax(150px, 1fr);"
      >
        <div
          class="header emotion-0"
        >
          <div
            class="deviceListRow"
          >
            <div
              class="columnHeader flexbox space-between relative"
            >
              <p
                class="MuiTypography-root MuiTypography-body1 flexbox center-aligned emotion-1"
              >
                Name
              </p>
              <div
                class="flexbox center-aligned full-height"
              />
            </div>
            <div
              class="columnHeader flexbox space-between relative"
            >
              <p
                class="MuiTypography-root MuiTypography-body1 flexbox center-aligned emotion-1"
              >
                Devices
              </p>
              <div
                class="flexbox center-aligned full-height"
              />
            </div>
            <div
              class="columnHeader flexbox space-between relative"
            >
              <p
                class="MuiTypography-root MuiTypography-body1 flexbox center-aligned emotion-1"
              >
                Delta updates enabled 
              </p>
              <div
                class="flexbox center-aligned full-height"
              />
            </div>
            <div
              class="columnHeader flexbox space-between relative"
            >
              <p
                class="MuiTypography-root MuiTypography-body1 flexbox center-aligned emotion-1"
              >
                Created
              </p>
              <div
                class="flexbox center-aligned full-height"
              />
            </div>
            <div
              class="columnHeader flexbox space-between relative"
            >
              <p
                class="MuiTypography-root MuiTypography-body1 flexbox center-aligned emotion-1"
              >
                More details
              </p>
              <div
                class="flexbox center-aligned full-height"
              />
            </div>
          </div>
        </div>
        <div
          class="body"
        >
          <div
            class="deviceListRow deviceListItem clickable"
          >
            <div
              title="child2"
            >
              <div
                class="text-overflow"
              >
                child2
              </div>
            </div>
            <div
              class="flexbox center-aligned"
            >
              0
              /
              100
            </div>
            <div>
              <svg
                aria-hidden="true"
                class="MuiSvgIcon-root MuiSvgIcon-fontSizeMedium emotion-6"
                data-testid="CheckIcon"
                focusable="false"
                viewBox="0 0 24 24"
              >
                <path
                  d="M9 16.17 4.83 12l-1.42 1.41L9 19 21 7l-1.41-1.41z"
                />
              </svg>
            </div>
            <div
              title="2024-10-24T09:10:53.281Z"
            >
              <div
                class="text-overflow"
              >
                2024-10-24 09:10
              </div>
            </div>
            <div
              class="bold flexbox center-aligned link-color nowrap "
            >
              View details
              <svg
                aria-hidden="true"
                class="MuiSvgIcon-root MuiSvgIcon-fontSizeSmall margin-left-xsmall emotion-7"
                data-testid="ArrowForwardIcon"
                focusable="false"
                viewBox="0 0 24 24"
              >
                <path
                  d="m12 4-1.41 1.41L16.17 11H4v2h12.17l-5.58 5.59L12 20l8-8z"
                />
              </svg>
            </div>
          </div>
          <div
            class="deviceListRow deviceListItem clickable"
          >
            <div
              title="child3"
            >
              <div
                class="text-overflow"
              >
                child3
              </div>
            </div>
            <div
              class="flexbox center-aligned"
            >
              0
              /
              20
            </div>
            <div>
              <svg
                aria-hidden="true"
                class="MuiSvgIcon-root MuiSvgIcon-fontSizeMedium emotion-6"
                data-testid="CheckIcon"
                focusable="false"
                viewBox="0 0 24 24"
              >
                <path
                  d="M9 16.17 4.83 12l-1.42 1.41L9 19 21 7l-1.41-1.41z"
                />
              </svg>
            </div>
            <div
              title="2024-10-24T10:12:54.226Z"
            >
              <div
                class="text-overflow"
              >
                2024-10-24 10:12
              </div>
            </div>
            <div
              class="bold flexbox center-aligned link-color nowrap "
            >
              View details
              <svg
                aria-hidden="true"
                class="MuiSvgIcon-root MuiSvgIcon-fontSizeSmall margin-left-xsmall emotion-7"
                data-testid="ArrowForwardIcon"
                focusable="false"
                viewBox="0 0 24 24"
              >
                <path
                  d="m12 4-1.41 1.41L16.17 11H4v2h12.17l-5.58 5.59L12 20l8-8z"
                />
              </svg>
            </div>
          </div>
        </div>
        <div
          class="footer flexbox margin-top-small"
        >
          <div
            class="MuiTablePagination-root flexbox margin-top margin-top-none emotion-10"
          >
            <div
              class="MuiToolbar-root MuiToolbar-gutters MuiToolbar-regular MuiTablePagination-toolbar emotion-11"
            >
              <div
                class="MuiTablePagination-spacer flexbox no-basis emotion-12"
              />
              <p
                class="MuiTablePagination-selectLabel emotion-13"
                id="«r2»"
              >
                Rows per page:
              </p>
              <div
                class="MuiInputBase-root MuiInputBase-colorPrimary MuiTablePagination-select MuiSelect-root MuiTablePagination-input emotion-14"
              >
                <div
                  aria-expanded="false"
                  aria-haspopup="listbox"
                  aria-labelledby="«r2» «r1»"
                  class="MuiSelect-select MuiTablePagination-select MuiSelect-standard MuiInputBase-input emotion-15"
                  id="«r1»"
                  role="combobox"
                  tabindex="0"
                >
                  20
                </div>
                <input
                  aria-hidden="true"
                  aria-invalid="false"
                  class="MuiSelect-nativeInput emotion-16"
                  name="pagination"
                  tabindex="-1"
                  value="20"
                />
                <svg
                  aria-hidden="true"
                  class="MuiSvgIcon-root MuiSvgIcon-fontSizeMedium MuiSelect-icon MuiTablePagination-selectIcon MuiSelect-iconStandard emotion-17"
                  data-testid="ArrowDropDownIcon"
                  focusable="false"
                  viewBox="0 0 24 24"
                >
                  <path
                    d="M7 10l5 5 5-5z"
                  />
                </svg>
              </div>
              <p
                class="MuiTablePagination-displayedRows emotion-18"
              />
              <div>
                1-0 of 0
              </div>
              <button
                aria-label="prev"
                class="MuiButtonBase-root Mui-disabled MuiIconButton-root Mui-disabled MuiIconButton-sizeLarge margin-left-small emotion-19"
                disabled=""
                tabindex="-1"
                type="button"
              >
                <svg
                  aria-hidden="true"
                  class="MuiSvgIcon-root MuiSvgIcon-fontSizeMedium emotion-6"
                  data-testid="KeyboardArrowLeftIcon"
                  focusable="false"
                  viewBox="0 0 24 24"
                >
                  <path
                    d="M15.41 16.59 10.83 12l4.58-4.59L14 6l-6 6 6 6z"
                  />
                </svg>
              </button>
              <div>
                <button
                  aria-label="next"
                  class="MuiButtonBase-root Mui-disabled MuiIconButton-root Mui-disabled MuiIconButton-sizeLarge emotion-19"
                  disabled=""
                  tabindex="-1"
                  type="button"
                >
                  <svg
                    aria-hidden="true"
                    class="MuiSvgIcon-root MuiSvgIcon-fontSizeMedium emotion-6"
                    data-testid="KeyboardArrowRightIcon"
                    focusable="false"
                    viewBox="0 0 24 24"
                  >
                    <path
                      d="M8.59 16.59 13.17 12 8.59 7.41 10 6l6 6-6 6z"
                    />
                  </svg>
                </button>
              </div>
            </div>
          </div>
          <div
            class="loaderContainer shrunk"
          >
            <div
              class="small  loader"
            >
              <span
                class="dot dot_1"
              />
              <span
                class="dot dot_2"
              />
              <span
                class="dot dot_3"
              />
              <span
                class="dot dot_4"
              />
            </div>
          </div>
        </div>
      </div>
    </div>
  </div>
</body>
`;
