// Jest Snapshot v1, https://goo.gl/fbAQLP

exports[`ExpandableAttribute Component renders correctly 1`] = `
.emotion-0 {
  display: -webkit-box;
  display: -webkit-flex;
  display: -ms-flexbox;
  display: flex;
  -webkit-box-pack: start;
  -ms-flex-pack: start;
  -webkit-justify-content: flex-start;
  justify-content: flex-start;
  -webkit-align-items: center;
  -webkit-box-align: center;
  -ms-flex-align: center;
  align-items: center;
  position: relative;
  -webkit-text-decoration: none;
  text-decoration: none;
  width: 100%;
  box-sizing: border-box;
  text-align: left;
  padding-top: 8px;
  padding-bottom: 8px;
  padding-left: 16px;
  padding-right: 16px;
  border-bottom: 1px solid rgba(0, 0, 0, 0.12);
  -webkit-background-clip: padding-box;
  background-clip: padding-box;
  padding-top: 11px;
  padding-bottom: 11px;
}

.emotion-0.undefined {
  opacity: 1;
}

.emotion-0.active {
  background-color: #fff;
}

.emotion-0.leftNav.active {
  border-top: 1px solid #d4e9e7;
  border-bottom: 1px solid #d4e9e7;
}

.emotion-0.navLink,
.emotion-0.navLink .MuiListItemText-root {
  color: #969696;
}

.emotion-1 {
  -webkit-flex: 1 1 auto;
  -ms-flex: 1 1 auto;
  flex: 1 1 auto;
  min-width: 0;
  margin-top: 4px;
  margin-bottom: 4px;
  margin-top: 0;
  margin-bottom: 0;
  color: rgba(10, 10, 11, 0.78);
}

.MuiTypography-root:where(.emotion-1 .MuiListItemText-primary) {
  display: block;
}

.MuiTypography-root:where(.emotion-1 .MuiListItemText-secondary) {
  display: block;
}

.emotion-2 {
  margin: 0;
  font-family: Lato,sans-serif;
  font-weight: 400;
  font-size: 0.8125rem;
  line-height: 1.43;
  color: rgba(0, 0, 0, 0.54);
}

<div
  class=""
>
  <li
    class="MuiListItem-root attributes MuiListItem-gutters MuiListItem-padding MuiListItem-divider emotion-0"
  >
    <div
      class="MuiListItemText-root emotion-1"
    >
      <div
        class="MuiTypography-root MuiTypography-body2 MuiListItemText-secondary emotion-2"
      >
        <span
          class="inventory-text"
        />
         
      </div>
    </div>
  </li>
</div>
`;
