// Jest Snapshot v1, https://goo.gl/fbAQLP

exports[`List component renders correctly 1`] = `
.emotion-0 {
  color: rgba(0, 0, 0, 0.54);
}

.emotion-1 {
  display: -webkit-inline-box;
  display: -webkit-inline-flex;
  display: -ms-inline-flexbox;
  display: inline-flex;
  -webkit-align-items: center;
  -webkit-box-align: center;
  -ms-flex-align: center;
  align-items: center;
  -webkit-box-pack: center;
  -ms-flex-pack: center;
  -webkit-justify-content: center;
  justify-content: center;
  position: relative;
  box-sizing: border-box;
  -webkit-tap-highlight-color: transparent;
  background-color: transparent;
  outline: 0;
  border: 0;
  margin: 0;
  border-radius: 0;
  padding: 0;
  cursor: pointer;
  -webkit-user-select: none;
  -moz-user-select: none;
  -ms-user-select: none;
  user-select: none;
  vertical-align: middle;
  -moz-appearance: none;
  -webkit-appearance: none;
  -webkit-text-decoration: none;
  text-decoration: none;
  color: inherit;
  padding: 9px;
  border-radius: 50%;
  color: rgba(0, 0, 0, 0.54);
  color: rgba(10, 10, 11, 0.78);
}

.emotion-1::-moz-focus-inner {
  border-style: none;
}

.emotion-1.Mui-disabled {
  pointer-events: none;
  cursor: default;
}

@media print {
  .emotion-1 {
    -webkit-print-color-adjust: exact;
    color-adjust: exact;
  }
}

.emotion-1:hover {
  background-color: rgba(51, 122, 135, 0.04);
}

.emotion-1.Mui-checked,
.emotion-1.MuiCheckbox-indeterminate {
  color: #337a87;
}

.emotion-1.Mui-disabled {
  color: rgba(0, 0, 0, 0.26);
}

@media (hover: none) {
  .emotion-1:hover {
    background-color: transparent;
  }
}

.emotion-2 {
  cursor: inherit;
  position: absolute;
  opacity: 0;
  width: 100%;
  height: 100%;
  top: 0;
  left: 0;
  margin: 0;
  padding: 0;
  z-index: 1;
}

.emotion-3 {
  -webkit-user-select: none;
  -moz-user-select: none;
  -ms-user-select: none;
  user-select: none;
  width: 1em;
  height: 1em;
  display: inline-block;
  -webkit-flex-shrink: 0;
  -ms-flex-negative: 0;
  flex-shrink: 0;
  -webkit-transition: fill 200ms cubic-bezier(0.4, 0, 0.2, 1) 0ms;
  transition: fill 200ms cubic-bezier(0.4, 0, 0.2, 1) 0ms;
  fill: currentColor;
  font-size: 1.3929rem;
}

.emotion-3 iconButton {
  margin-right: 8px;
}

.emotion-4 {
  cursor: col-resize;
  padding-left: 5px;
  padding-right: 5px;
}

.emotion-5 {
  width: 4px;
  background: initial;
}

.emotion-5.hovering {
  background: #cfcfcf;
}

.emotion-5.resizing {
  background: #969696;
}

.emotion-11 {
  -webkit-user-select: none;
  -moz-user-select: none;
  -ms-user-select: none;
  user-select: none;
  width: 1em;
  height: 1em;
  display: inline-block;
  -webkit-flex-shrink: 0;
  -ms-flex-negative: 0;
  flex-shrink: 0;
  -webkit-transition: fill 200ms cubic-bezier(0.4, 0, 0.2, 1) 0ms;
  transition: fill 200ms cubic-bezier(0.4, 0, 0.2, 1) 0ms;
  fill: currentColor;
  font-size: 1.1607rem;
}

.emotion-11 iconButton {
  margin-right: 8px;
}

.emotion-12 {
  overflow: auto;
  color: rgba(10, 10, 11, 0.78);
  font-size: 0.8125rem;
}

.emotion-12:last-child {
  padding: 0;
}

.emotion-13 {
  position: relative;
  display: -webkit-box;
  display: -webkit-flex;
  display: -ms-flexbox;
  display: flex;
  -webkit-align-items: center;
  -webkit-box-align: center;
  -ms-flex-align: center;
  align-items: center;
  padding-left: 16px;
  padding-right: 16px;
  min-height: 56px;
  min-height: 52px;
  padding-right: 2px;
}

@media (min-width:600px) {
  .emotion-13 {
    padding-left: 24px;
    padding-right: 24px;
  }
}

@media (min-width:0px) {
  @media (orientation: landscape) {
    .emotion-13 {
      min-height: 48px;
    }
  }
}

@media (min-width:600px) {
  .emotion-13 {
    min-height: 64px;
  }
}

@media (min-width:0px) and (orientation: landscape) {
  .emotion-13 {
    min-height: 52px;
  }
}

@media (min-width:600px) {
  .emotion-13 {
    min-height: 52px;
    padding-right: 2px;
  }
}

.emotion-13 .MuiTablePagination-actions {
  -webkit-flex-shrink: 0;
  -ms-flex-negative: 0;
  flex-shrink: 0;
  margin-left: 20px;
}

.emotion-14 {
  -webkit-flex: 1 1 100%;
  -ms-flex: 1 1 100%;
  flex: 1 1 100%;
}

.emotion-15 {
  font-family: Lato,sans-serif;
  font-weight: 400;
  font-size: 0.8125rem;
  line-height: 1.43;
  -webkit-flex-shrink: 0;
  -ms-flex-negative: 0;
  flex-shrink: 0;
}

.emotion-16 {
  line-height: 1.4375em;
  font-family: Lato,sans-serif;
  font-weight: 400;
  font-size: 0.9286rem;
  color: rgba(10, 10, 11, 0.78);
  box-sizing: border-box;
  position: relative;
  cursor: text;
  display: -webkit-inline-box;
  display: -webkit-inline-flex;
  display: -ms-inline-flexbox;
  display: inline-flex;
  -webkit-align-items: center;
  -webkit-box-align: center;
  -ms-flex-align: center;
  align-items: center;
  color: inherit;
  font-size: inherit;
  -webkit-flex-shrink: 0;
  -ms-flex-negative: 0;
  flex-shrink: 0;
  margin-right: 32px;
  margin-left: 8px;
}

.emotion-16.Mui-disabled {
  color: rgba(0, 0, 0, 0.38);
  cursor: default;
}

.emotion-16 .MuiTablePagination-select {
  padding-left: 8px;
  padding-right: 24px;
  text-align: right;
  -webkit-text-align-last: right;
  text-align-last: right;
}

.emotion-17 {
  -moz-appearance: none;
  -webkit-appearance: none;
  -webkit-user-select: none;
  -moz-user-select: none;
  -ms-user-select: none;
  user-select: none;
  border-radius: 0;
  cursor: pointer;
  font: inherit;
  letter-spacing: inherit;
  color: currentColor;
  padding: 4px 0 5px;
  border: 0;
  box-sizing: content-box;
  background: none;
  height: 1.4375em;
  margin: 0;
  -webkit-tap-highlight-color: transparent;
  display: block;
  min-width: 0;
  width: 100%;
  -webkit-animation-name: mui-auto-fill-cancel;
  animation-name: mui-auto-fill-cancel;
  -webkit-animation-duration: 10ms;
  animation-duration: 10ms;
}

.emotion-17:focus {
  border-radius: 0;
}

.emotion-17.Mui-disabled {
  cursor: default;
}

.emotion-17[multiple] {
  height: auto;
}

.emotion-17:not([multiple]) option,
.emotion-17:not([multiple]) optgroup {
  background-color: #fff;
}

.emotion-17.emotion-17.emotion-17 {
  padding-right: 24px;
  min-width: 16px;
}

.emotion-17.MuiSelect-select {
  height: auto;
  min-height: 1.4375em;
  text-overflow: ellipsis;
  white-space: nowrap;
  overflow: hidden;
}

.emotion-17::-webkit-input-placeholder {
  color: currentColor;
  opacity: 0.42;
  -webkit-transition: opacity 200ms cubic-bezier(0.4, 0, 0.2, 1) 0ms;
  transition: opacity 200ms cubic-bezier(0.4, 0, 0.2, 1) 0ms;
}

.emotion-17::-moz-placeholder {
  color: currentColor;
  opacity: 0.42;
  -webkit-transition: opacity 200ms cubic-bezier(0.4, 0, 0.2, 1) 0ms;
  transition: opacity 200ms cubic-bezier(0.4, 0, 0.2, 1) 0ms;
}

.emotion-17::-ms-input-placeholder {
  color: currentColor;
  opacity: 0.42;
  -webkit-transition: opacity 200ms cubic-bezier(0.4, 0, 0.2, 1) 0ms;
  transition: opacity 200ms cubic-bezier(0.4, 0, 0.2, 1) 0ms;
}

.emotion-17:focus {
  outline: 0;
}

.emotion-17:invalid {
  box-shadow: none;
}

.emotion-17::-webkit-search-decoration {
  -webkit-appearance: none;
}

label[data-shrink=false]+.MuiInputBase-formControl .emotion-17::-webkit-input-placeholder {
  opacity: 0!important;
}

label[data-shrink=false]+.MuiInputBase-formControl .emotion-17::-moz-placeholder {
  opacity: 0!important;
}

label[data-shrink=false]+.MuiInputBase-formControl .emotion-17::-ms-input-placeholder {
  opacity: 0!important;
}

label[data-shrink=false]+.MuiInputBase-formControl .emotion-17:focus::-webkit-input-placeholder {
  opacity: 0.42;
}

label[data-shrink=false]+.MuiInputBase-formControl .emotion-17:focus::-moz-placeholder {
  opacity: 0.42;
}

label[data-shrink=false]+.MuiInputBase-formControl .emotion-17:focus::-ms-input-placeholder {
  opacity: 0.42;
}

.emotion-17.Mui-disabled {
  opacity: 1;
  -webkit-text-fill-color: rgba(0, 0, 0, 0.38);
}

.emotion-17:-webkit-autofill {
  -webkit-animation-duration: 5000s;
  animation-duration: 5000s;
  -webkit-animation-name: mui-auto-fill;
  animation-name: mui-auto-fill;
}

.emotion-18 {
  bottom: 0;
  left: 0;
  position: absolute;
  opacity: 0;
  pointer-events: none;
  width: 100%;
  box-sizing: border-box;
}

.emotion-19 {
  -webkit-user-select: none;
  -moz-user-select: none;
  -ms-user-select: none;
  user-select: none;
  width: 1em;
  height: 1em;
  display: inline-block;
  -webkit-flex-shrink: 0;
  -ms-flex-negative: 0;
  flex-shrink: 0;
  -webkit-transition: fill 200ms cubic-bezier(0.4, 0, 0.2, 1) 0ms;
  transition: fill 200ms cubic-bezier(0.4, 0, 0.2, 1) 0ms;
  fill: currentColor;
  font-size: 1.3929rem;
  position: absolute;
  right: 0;
  top: calc(50% - .5em);
  pointer-events: none;
  color: rgba(0, 0, 0, 0.54);
}

.emotion-19 iconButton {
  margin-right: 8px;
}

.emotion-19.Mui-disabled {
  color: rgba(0, 0, 0, 0.26);
}

.emotion-20 {
  font-family: Lato,sans-serif;
  font-weight: 400;
  font-size: 0.8125rem;
  line-height: 1.43;
  -webkit-flex-shrink: 0;
  -ms-flex-negative: 0;
  flex-shrink: 0;
}

.emotion-21 {
  display: -webkit-inline-box;
  display: -webkit-inline-flex;
  display: -ms-inline-flexbox;
  display: inline-flex;
  -webkit-align-items: center;
  -webkit-box-align: center;
  -ms-flex-align: center;
  align-items: center;
  -webkit-box-pack: center;
  -ms-flex-pack: center;
  -webkit-justify-content: center;
  justify-content: center;
  position: relative;
  box-sizing: border-box;
  -webkit-tap-highlight-color: transparent;
  background-color: transparent;
  outline: 0;
  border: 0;
  margin: 0;
  border-radius: 0;
  padding: 0;
  cursor: pointer;
  -webkit-user-select: none;
  -moz-user-select: none;
  -ms-user-select: none;
  user-select: none;
  vertical-align: middle;
  -moz-appearance: none;
  -webkit-appearance: none;
  -webkit-text-decoration: none;
  text-decoration: none;
  color: inherit;
  text-align: center;
  -webkit-flex: 0 0 auto;
  -ms-flex: 0 0 auto;
  flex: 0 0 auto;
  font-size: 1.3929rem;
  padding: 8px;
  border-radius: 50%;
  color: rgba(0, 0, 0, 0.54);
  -webkit-transition: background-color 150ms cubic-bezier(0.4, 0, 0.2, 1) 0ms;
  transition: background-color 150ms cubic-bezier(0.4, 0, 0.2, 1) 0ms;
  --IconButton-hoverBg: rgba(0, 0, 0, 0.04);
  padding: 12px;
  font-size: 1.625rem;
  font-size: 1.2rem;
  color: rgba(0, 0, 0, 0.54);
}

.emotion-21::-moz-focus-inner {
  border-style: none;
}

.emotion-21.Mui-disabled {
  pointer-events: none;
  cursor: default;
}

@media print {
  .emotion-21 {
    -webkit-print-color-adjust: exact;
    color-adjust: exact;
  }
}

.emotion-21:hover {
  background-color: var(--IconButton-hoverBg);
}

@media (hover: none) {
  .emotion-21:hover {
    background-color: transparent;
  }
}

.emotion-21.Mui-disabled {
  background-color: transparent;
  color: rgba(0, 0, 0, 0.26);
}

.emotion-21.MuiIconButton-loading {
  color: transparent;
}

<div>
  <div
    class="deviceList selectable"
    style="grid-template-columns: 52px minmax(150px, 1.5fr) minmax(150px, 1.5fr) minmax(150px, 1.5fr) minmax(150px, 1.5fr) minmax(150px, 1fr);"
  >
    <div
      class="header emotion-0"
    >
      <div
        class="deviceListRow"
      >
        <div>
          <span
            class="MuiButtonBase-root MuiCheckbox-root MuiCheckbox-colorPrimary MuiCheckbox-sizeMedium PrivateSwitchBase-root MuiCheckbox-root MuiCheckbox-colorPrimary MuiCheckbox-sizeMedium MuiCheckbox-root MuiCheckbox-colorPrimary MuiCheckbox-sizeMedium emotion-1"
          >
            <input
              class="PrivateSwitchBase-input emotion-2"
              data-indeterminate="false"
              type="checkbox"
            />
            <svg
              aria-hidden="true"
              class="MuiSvgIcon-root MuiSvgIcon-fontSizeMedium emotion-3"
              data-testid="CheckBoxOutlineBlankIcon"
              focusable="false"
              viewBox="0 0 24 24"
            >
              <path
                d="M19 5v14H5V5h14m0-2H5c-1.1 0-2 .9-2 2v14c0 1.1.9 2 2 2h14c1.1 0 2-.9 2-2V5c0-1.1-.9-2-2-2z"
              />
            </svg>
          </span>
        </div>
        <div
          class="columnHeader flexbox space-between relative"
        >
          <div
            class="flexbox center-aligned"
          >
            Name
          </div>
          <div
            class="flexbox center-aligned full-height"
          >
            <div
              class="emotion-4 full-height"
            >
              <div
                class="full-height emotion-5 "
              />
            </div>
          </div>
        </div>
        <div
          class="columnHeader flexbox space-between relative"
        >
          <div
            class="flexbox center-aligned"
          >
            Devices
          </div>
          <div
            class="flexbox center-aligned full-height"
          >
            <div
              class="emotion-4 full-height"
            >
              <div
                class="full-height emotion-5 "
              />
            </div>
          </div>
        </div>
        <div
          class="columnHeader flexbox space-between relative"
        >
          <div
            class="flexbox center-aligned"
          >
            Delta updates enabled 
          </div>
          <div
            class="flexbox center-aligned full-height"
          >
            <div
              class="emotion-4 full-height"
            >
              <div
                class="full-height emotion-5 "
              />
            </div>
          </div>
        </div>
        <div
          class="columnHeader flexbox space-between relative"
        >
          <div
            class="flexbox center-aligned"
          >
            Created
          </div>
          <div
            class="flexbox center-aligned full-height"
          />
        </div>
        <div
          class="columnHeader flexbox space-between relative"
        >
          <div
            class="flexbox center-aligned"
          >
            More details
          </div>
          <div
            class="flexbox center-aligned full-height"
          />
        </div>
      </div>
    </div>
    <div
      class="body"
    >
      <div
        class="deviceListRow deviceListItem clickable"
      >
        <div
          title="child2"
        >
          <div
            class="text-overflow"
          >
            child2
          </div>
        </div>
        <div>
          0
          /
          100
          <div
            class="margin-left-small margin-top-x-small"
          />
        </div>
        <div>
          <svg
            aria-hidden="true"
            class="MuiSvgIcon-root MuiSvgIcon-fontSizeMedium emotion-3"
            data-testid="CheckIcon"
            focusable="false"
            viewBox="0 0 24 24"
          >
            <path
              d="M9 16.17 4.83 12l-1.42 1.41L9 19 21 7l-1.41-1.41z"
            />
          </svg>
        </div>
        <div
          title="2024-10-24T09:10:53.281Z"
        >
          <div
            class="text-overflow"
          >
            2024-10-24 09:10
          </div>
        </div>
        <div
          class="bold flexbox center-aligned link-color nowrap "
        >
          View details
          <svg
            aria-hidden="true"
            class="MuiSvgIcon-root MuiSvgIcon-fontSizeSmall margin-left-xsmall emotion-11"
            data-testid="ArrowForwardIcon"
            focusable="false"
            viewBox="0 0 24 24"
          >
            <path
              d="m12 4-1.41 1.41L16.17 11H4v2h12.17l-5.58 5.59L12 20l8-8z"
            />
          </svg>
        </div>
      </div>
    </div>
    <div
      class="footer flexbox margin-top"
    >
      <div
        class="MuiTablePagination-root flexbox margin-top margin-top-none emotion-12"
      >
        <div
          class="MuiToolbar-root MuiToolbar-gutters MuiToolbar-regular MuiTablePagination-toolbar emotion-13"
        >
          <div
            class="MuiTablePagination-spacer flexbox no-basis emotion-14"
          />
          <p
            class="MuiTablePagination-selectLabel emotion-15"
            id=":r2:"
          >
            Rows
          </p>
          <div
            class="MuiInputBase-root MuiInputBase-colorPrimary MuiTablePagination-select MuiSelect-root MuiTablePagination-input emotion-16"
          >
            <div
              aria-expanded="false"
              aria-haspopup="listbox"
              aria-labelledby=":r2: :r1:"
              class="MuiSelect-select MuiTablePagination-select MuiSelect-standard MuiInputBase-input emotion-17"
              id=":r1:"
              role="combobox"
              tabindex="0"
            >
              20
            </div>
            <input
              aria-hidden="true"
              aria-invalid="false"
              class="MuiSelect-nativeInput emotion-18"
              name="pagination"
              tabindex="-1"
              value="20"
            />
            <svg
              aria-hidden="true"
              class="MuiSvgIcon-root MuiSvgIcon-fontSizeMedium MuiSelect-icon MuiTablePagination-selectIcon MuiSelect-iconStandard emotion-19"
              data-testid="ArrowDropDownIcon"
              focusable="false"
              viewBox="0 0 24 24"
            >
              <path
                d="M7 10l5 5 5-5z"
              />
            </svg>
          </div>
          <p
            class="MuiTablePagination-displayedRows emotion-20"
          />
          <div
            class="flexbox center-aligned"
          >
            <div>
              1-10 of 10
            </div>
            <button
              class="MuiButtonBase-root Mui-disabled MuiIconButton-root Mui-disabled MuiIconButton-sizeLarge emotion-21"
              disabled=""
              tabindex="-1"
              type="button"
            >
              <svg
                aria-hidden="true"
                class="MuiSvgIcon-root MuiSvgIcon-fontSizeMedium emotion-3"
                data-testid="KeyboardArrowLeftIcon"
                focusable="false"
                viewBox="0 0 24 24"
              >
                <path
                  d="M15.41 16.59 10.83 12l4.58-4.59L14 6l-6 6 6 6z"
                />
              </svg>
            </button>
            <div>
              <button
                class="MuiButtonBase-root Mui-disabled MuiIconButton-root Mui-disabled MuiIconButton-sizeLarge emotion-21"
                disabled=""
                tabindex="-1"
                type="button"
              >
                <svg
                  aria-hidden="true"
                  class="MuiSvgIcon-root MuiSvgIcon-fontSizeMedium emotion-3"
                  data-testid="KeyboardArrowRightIcon"
                  focusable="false"
                  viewBox="0 0 24 24"
                >
                  <path
                    d="M8.59 16.59 13.17 12 8.59 7.41 10 6l6 6-6 6z"
                  />
                </svg>
              </button>
            </div>
          </div>
        </div>
      </div>
      <div
        class="loaderContainer shrunk"
      >
        <div
          class="small  loader"
        >
          <span
            class="dot dot_1"
          />
          <span
            class="dot dot_2"
          />
          <span
            class="dot dot_3"
          />
          <span
            class="dot dot_4"
          />
        </div>
      </div>
    </div>
  </div>
</div>
`;
