// Jest Snapshot v1, https://goo.gl/fbAQLP

exports[`MaterialDesignIcon Component renders correctly 1`] = `
.emotion-0 {
  -webkit-user-select: none;
  -moz-user-select: none;
  -ms-user-select: none;
  user-select: none;
  width: 1em;
  height: 1em;
  display: inline-block;
  -webkit-flex-shrink: 0;
  -ms-flex-negative: 0;
  flex-shrink: 0;
  -webkit-transition: fill 200ms cubic-bezier(0.4, 0, 0.2, 1) 0ms;
  transition: fill 200ms cubic-bezier(0.4, 0, 0.2, 1) 0ms;
  fill: currentColor;
  font-size: inherit;
}

.emotion-0 iconButton {
  margin-right: 8px;
}

<svg
  aria-hidden="true"
  class="MuiSvgIcon-root MuiSvgIcon-fontSizeInherit emotion-0"
  focusable="false"
  viewBox="0 0 24 24"
>
  <path
    d="M21,5V11.59L18,8.58L14,12.59L10,8.59L6,12.59L3,9.58V5A2,2 0 0,1 5,3H19A2,2 0 0,1 21,5M18,11.42L21,14.43V19A2,2 0 0,1 19,21H5A2,2 0 0,1 3,19V12.42L6,15.41L10,11.41L14,15.41"
  />
</svg>
`;
