// Jest Snapshot v1, https://goo.gl/fbAQLP

exports[`Auditlogs Component renders correctly 1`] = `
"<div>
  <div
    class="fadeIn margin-left flexbox column"
    style="margin-right: 5%;"
  >
    <div
      class="flexbox center-aligned"
    >
      <h3
        class="margin-right-small"
      >
        Audit log
      </h3>
      <div
        class="flexbox center-aligned margin-left-small css-1dc2w5e-container"
      >
        <div
          class=""
          data-mui-internal-clone-element="true"
        >
          <div
            class="MuiChip-root MuiChip-filled MuiChip-sizeMedium MuiChip-colorDefault MuiChip-filledDefault css-1c1rqqu-MuiChip-root-root-root"
          >
            <span
              class="MuiChip-label MuiChip-labelMedium css-1dybbl5-MuiChip-label"
            >
              Professional
            </span>
          </div>
        </div>
      </div>
    </div>
    <div
      style="pointer-events: none;"
    >
      <form
        class="margin-bottom relative margin-top css-zqzy49-filters "
        novalidate=""
      >
        <div
          class="filter-item"
        >
          <h5
            class="margin-top-small margin-bottom-small muted"
          >
            Performed by
          </h5>
          <div
            class="MuiAutocomplete-root MuiAutocomplete-hasClearIcon css-1tlcqt-MuiAutocomplete-root"
            name="user"
          >
            <div
              class="MuiFormControl-root MuiFormControl-fullWidth MuiTextField-root css-1epaixk-MuiFormControl-root-MuiTextField-root"
            >
              <div
                class="MuiInputBase-root MuiOutlinedInput-root MuiInputBase-colorPrimary MuiInputBase-fullWidth MuiInputBase-formControl MuiInputBase-adornedEnd MuiAutocomplete-inputRoot css-zy1o11-MuiInputBase-root-MuiOutlinedInput-root"
              >
                <input
                  aria-autocomplete="list"
                  aria-expanded="false"
                  aria-invalid="false"
                  autocapitalize="none"
                  autocomplete="off"
                  class="MuiInputBase-input MuiOutlinedInput-input MuiInputBase-inputAdornedEnd MuiAutocomplete-input MuiAutocomplete-inputFocused css-1dune0f-MuiInputBase-input-MuiOutlinedInput-input"
                  id=":r2:"
                  placeholder="Select a user"
                  role="combobox"
                  spellcheck="false"
                  type="text"
                  value=""
                />
                <div
                  class="MuiAutocomplete-endAdornment css-1uhhrmm-MuiAutocomplete-endAdornment"
                >
                  <button
                    aria-label="Clear"
                    class="MuiButtonBase-root MuiIconButton-root MuiIconButton-sizeMedium MuiAutocomplete-clearIndicator css-4ganoy-MuiButtonBase-root-MuiIconButton-root-MuiAutocomplete-clearIndicator"
                    tabindex="-1"
                    title="Clear"
                    type="button"
                  >
                    <svg
                      aria-hidden="true"
                      class="MuiSvgIcon-root MuiSvgIcon-fontSizeSmall css-53nl35-MuiSvgIcon-root"
                      data-testid="CloseIcon"
                      focusable="false"
                      viewBox="0 0 24 24"
                    >
                      <path
                        d="M19 6.41L17.59 5 12 10.59 6.41 5 5 6.41 10.59 12 5 17.59 6.41 19 12 13.41 17.59 19 19 17.59 13.41 12z"
                      />
                    </svg>
                  </button>
                </div>
                <fieldset
                  aria-hidden="true"
                  class="MuiOutlinedInput-notchedOutline css-18p5xg2-MuiNotchedOutlined-root-MuiOutlinedInput-notchedOutline"
                >
                  <legend
                    class="css-1nf2c5d-MuiNotchedOutlined-root"
                  >
                    <span
                      aria-hidden="true"
                      class="notranslate"
                    >
                      ​
                    </span>
                  </legend>
                </fieldset>
              </div>
            </div>
          </div>
        </div>
        <div
          class="filter-item"
        >
          <h5
            class="margin-top-small margin-bottom-small muted"
          >
            Filter by changes
          </h5>
          <div
            class="MuiAutocomplete-root MuiAutocomplete-hasPopupIcon css-1tlcqt-MuiAutocomplete-root"
            name="type"
          >
            <div
              class="MuiFormControl-root MuiFormControl-fullWidth MuiTextField-root css-1epaixk-MuiFormControl-root-MuiTextField-root"
            >
              <div
                class="MuiInputBase-root MuiOutlinedInput-root MuiInputBase-colorPrimary MuiInputBase-fullWidth MuiInputBase-formControl MuiInputBase-adornedEnd MuiAutocomplete-inputRoot css-zy1o11-MuiInputBase-root-MuiOutlinedInput-root"
              >
                <input
                  aria-autocomplete="list"
                  aria-expanded="false"
                  aria-invalid="false"
                  autocapitalize="none"
                  autocomplete="off"
                  class="MuiInputBase-input MuiOutlinedInput-input MuiInputBase-inputAdornedEnd MuiAutocomplete-input MuiAutocomplete-inputFocused css-1dune0f-MuiInputBase-input-MuiOutlinedInput-input"
                  id=":r5:"
                  placeholder="Type"
                  role="combobox"
                  spellcheck="false"
                  type="text"
                  value=""
                />
                <div
                  class="MuiAutocomplete-endAdornment css-1uhhrmm-MuiAutocomplete-endAdornment"
                >
                  <button
                    aria-label="Open"
                    class="MuiButtonBase-root MuiIconButton-root MuiIconButton-sizeMedium MuiAutocomplete-popupIndicator css-16ba7z5-MuiButtonBase-root-MuiIconButton-root-MuiAutocomplete-popupIndicator"
                    tabindex="-1"
                    title="Open"
                    type="button"
                  >
                    <svg
                      aria-hidden="true"
                      class="MuiSvgIcon-root MuiSvgIcon-fontSizeMedium css-1j3vvli-MuiSvgIcon-root"
                      data-testid="ArrowDropDownIcon"
                      focusable="false"
                      viewBox="0 0 24 24"
                    >
                      <path
                        d="M7 10l5 5 5-5z"
                      />
                    </svg>
                  </button>
                </div>
                <fieldset
                  aria-hidden="true"
                  class="MuiOutlinedInput-notchedOutline css-18p5xg2-MuiNotchedOutlined-root-MuiOutlinedInput-notchedOutline"
                >
                  <legend
                    class="css-1nf2c5d-MuiNotchedOutlined-root"
                  >
                    <span
                      aria-hidden="true"
                      class="notranslate"
                    >
                      ​
                    </span>
                  </legend>
                </fieldset>
              </div>
            </div>
          </div>
        </div>
        <div
          class="filter-item"
        >
          <h5
            class="margin-top-small margin-bottom-small muted"
          />
          <div
            class="MuiAutocomplete-root css-1tlcqt-MuiAutocomplete-root"
            name="detail"
          >
            <div
              class="MuiFormControl-root MuiFormControl-fullWidth MuiTextField-root css-1epaixk-MuiFormControl-root-MuiTextField-root"
            >
              <div
                class="MuiInputBase-root MuiOutlinedInput-root MuiInputBase-colorPrimary Mui-disabled MuiInputBase-fullWidth MuiInputBase-formControl MuiAutocomplete-inputRoot css-1qhngy1-MuiInputBase-root-MuiOutlinedInput-root"
              >
                <input
                  aria-autocomplete="list"
                  aria-expanded="false"
                  aria-invalid="false"
                  autocapitalize="none"
                  autocomplete="off"
                  class="MuiInputBase-input MuiOutlinedInput-input Mui-disabled MuiAutocomplete-input MuiAutocomplete-inputFocused css-16wblaj-MuiInputBase-input-MuiOutlinedInput-input"
                  disabled=""
                  id=":r8:"
                  placeholder="-"
                  role="combobox"
                  spellcheck="false"
                  type="text"
                  value=""
                />
                <fieldset
                  aria-hidden="true"
                  class="MuiOutlinedInput-notchedOutline css-18p5xg2-MuiNotchedOutlined-root-MuiOutlinedInput-notchedOutline"
                >
                  <legend
                    class="css-1nf2c5d-MuiNotchedOutlined-root"
                  >
                    <span
                      aria-hidden="true"
                      class="notranslate"
                    >
                      ​
                    </span>
                  </legend>
                </fieldset>
              </div>
            </div>
          </div>
        </div>
        <div
          class="filter-item"
        >
          <h5
            class="margin-top-small margin-bottom-small muted"
          >
            Start time
          </h5>
          <div
            class="flexbox"
            style="flex-wrap: wrap; gap: 15px;"
          >
            <div
              class="MuiFormControl-root MuiPickersTextField-root css-1g025sc-MuiFormControl-root-MuiPickersTextField-root"
            >
              <label
                class="MuiFormLabel-root MuiInputLabel-root MuiInputLabel-formControl MuiInputLabel-animated MuiInputLabel-shrink MuiInputLabel-outlined MuiFormLabel-colorPrimary MuiFormLabel-filled MuiInputLabel-root MuiInputLabel-formControl MuiInputLabel-animated MuiInputLabel-shrink MuiInputLabel-outlined css-11fencw-MuiFormLabel-root-MuiInputLabel-root"
                data-shrink="true"
                for=":ra:"
                id=":ra:-label"
              >
                From
              </label>
              <div
                aria-invalid="false"
                aria-labelledby=":ra:-label"
                class="MuiPickersInputBase-root MuiPickersOutlinedInput-root MuiPickersInputBase-colorPrimary MuiPickersInputBase-adornedEnd css-z0tynf-MuiPickersInputBase-root-MuiPickersOutlinedInput-root"
                role="group"
              >
                <div
                  class="MuiPickersSectionList-root MuiPickersInputBase-sectionsContainer css-bz76h2-MuiPickersSectionList-root-MuiPickersInputBase-sectionsContainer-MuiPickersOutlinedInput-sectionsContainer"
                  contenteditable="false"
                  tabindex="0"
                >
                  <span
                    class="MuiPickersSectionList-section css-156l81f-MuiPickersSectionList-section-MuiPickersInputBase-section"
                    data-sectionindex="0"
                  >
                    <span
                      class="MuiPickersInputBase-sectionBefore css-w1q93y-MuiPickersSectionList-sectionSeparator-MuiPickersInputBase-separator"
                    />
                    <span
                      aria-disabled="false"
                      aria-label="Month"
                      aria-readonly="false"
                      aria-valuemax="12"
                      aria-valuemin="1"
                      aria-valuenow="1"
                      aria-valuetext="January"
                      autocapitalize="off"
                      autocorrect="off"
                      class="MuiPickersSectionList-sectionContent MuiPickersInputBase-sectionContent css-k0qp40-MuiPickersSectionList-sectionContent-MuiPickersInputBase-sectionContent"
                      contenteditable="true"
                      inputmode="text"
                      role="spinbutton"
                      spellcheck="false"
                      tabindex="0"
                    >
                      January
                    </span>
                    <span
                      class="MuiPickersInputBase-sectionAfter css-w1q93y-MuiPickersSectionList-sectionSeparator-MuiPickersInputBase-separator"
                    >
                       
                    </span>
                  </span>
                  <span
                    class="MuiPickersSectionList-section css-156l81f-MuiPickersSectionList-section-MuiPickersInputBase-section"
                    data-sectionindex="1"
                  >
                    <span
                      class="MuiPickersInputBase-sectionBefore css-w1q93y-MuiPickersSectionList-sectionSeparator-MuiPickersInputBase-separator"
                    />
                    <span
                      aria-disabled="false"
                      aria-label="Day"
                      aria-readonly="false"
                      aria-valuemax="31"
                      aria-valuemin="1"
                      aria-valuenow="13"
                      aria-valuetext="13th"
                      autocapitalize="off"
                      autocorrect="off"
                      class="MuiPickersSectionList-sectionContent MuiPickersInputBase-sectionContent css-k0qp40-MuiPickersSectionList-sectionContent-MuiPickersInputBase-sectionContent"
                      contenteditable="true"
                      inputmode="numeric"
                      role="spinbutton"
                      spellcheck="false"
                      tabindex="-1"
                    >
                      13th
                    </span>
                    <span
                      class="MuiPickersInputBase-sectionAfter css-w1q93y-MuiPickersSectionList-sectionSeparator-MuiPickersInputBase-separator"
                    />
                  </span>
                </div>
                <div
                  class="MuiInputAdornment-root MuiInputAdornment-positionEnd MuiInputAdornment-outlined MuiInputAdornment-sizeMedium css-elo8k2-MuiInputAdornment-root"
                >
                  <button
                    aria-label="Choose date, selected date is Jan 13, 2019"
                    class="MuiButtonBase-root MuiIconButton-root MuiIconButton-edgeEnd MuiIconButton-sizeMedium css-sonn5k-MuiButtonBase-root-MuiIconButton-root"
                    tabindex="0"
                    type="button"
                  >
                    <svg
                      aria-hidden="true"
                      class="MuiSvgIcon-root MuiSvgIcon-fontSizeMedium css-1j3vvli-MuiSvgIcon-root"
                      data-testid="CalendarIcon"
                      focusable="false"
                      viewBox="0 0 24 24"
                    >
                      <path
                        d="M17 12h-5v5h5v-5zM16 1v2H8V1H6v2H5c-1.11 0-1.99.9-1.99 2L3 19c0 1.1.89 2 2 2h14c1.1 0 2-.9 2-2V5c0-1.1-.9-2-2-2h-1V1h-2zm3 18H5V8h14v11z"
                      />
                    </svg>
                  </button>
                </div>
                <fieldset
                  aria-hidden="true"
                  class="MuiPickersOutlinedInput-notchedOutline css-lqwr9g-MuiPickersOutlinedInput-notchedOutline"
                >
                  <legend
                    class="css-kg5swy"
                  >
                    <span
                      class="css-xr247o"
                    >
                      From
                    </span>
                  </legend>
                </fieldset>
                <input
                  aria-hidden="true"
                  class="MuiPickersInputBase-input MuiPickersOutlinedInput-input css-31lcvl-MuiPickersInputBase-input"
                  id=":ra:"
                  tabindex="-1"
                  value="January 13th"
                />
              </div>
            </div>
            <div
              class="MuiFormControl-root MuiPickersTextField-root css-1g025sc-MuiFormControl-root-MuiPickersTextField-root"
            >
              <label
                class="MuiFormLabel-root MuiInputLabel-root MuiInputLabel-formControl MuiInputLabel-animated MuiInputLabel-shrink MuiInputLabel-outlined MuiFormLabel-colorPrimary MuiFormLabel-filled MuiInputLabel-root MuiInputLabel-formControl MuiInputLabel-animated MuiInputLabel-shrink MuiInputLabel-outlined css-11fencw-MuiFormLabel-root-MuiInputLabel-root"
                data-shrink="true"
                for=":rd:"
                id=":rd:-label"
              >
                To
              </label>
              <div
                aria-invalid="false"
                aria-labelledby=":rd:-label"
                class="MuiPickersInputBase-root MuiPickersOutlinedInput-root MuiPickersInputBase-colorPrimary MuiPickersInputBase-adornedEnd css-z0tynf-MuiPickersInputBase-root-MuiPickersOutlinedInput-root"
                role="group"
              >
                <div
                  class="MuiPickersSectionList-root MuiPickersInputBase-sectionsContainer css-bz76h2-MuiPickersSectionList-root-MuiPickersInputBase-sectionsContainer-MuiPickersOutlinedInput-sectionsContainer"
                  contenteditable="false"
                  tabindex="0"
                >
                  <span
                    class="MuiPickersSectionList-section css-156l81f-MuiPickersSectionList-section-MuiPickersInputBase-section"
                    data-sectionindex="0"
                  >
                    <span
                      class="MuiPickersInputBase-sectionBefore css-w1q93y-MuiPickersSectionList-sectionSeparator-MuiPickersInputBase-separator"
                    />
                    <span
                      aria-disabled="false"
                      aria-label="Month"
                      aria-readonly="false"
                      aria-valuemax="12"
                      aria-valuemin="1"
                      aria-valuenow="1"
                      aria-valuetext="January"
                      autocapitalize="off"
                      autocorrect="off"
                      class="MuiPickersSectionList-sectionContent MuiPickersInputBase-sectionContent css-k0qp40-MuiPickersSectionList-sectionContent-MuiPickersInputBase-sectionContent"
                      contenteditable="true"
                      inputmode="text"
                      role="spinbutton"
                      spellcheck="false"
                      tabindex="0"
                    >
                      January
                    </span>
                    <span
                      class="MuiPickersInputBase-sectionAfter css-w1q93y-MuiPickersSectionList-sectionSeparator-MuiPickersInputBase-separator"
                    >
                       
                    </span>
                  </span>
                  <span
                    class="MuiPickersSectionList-section css-156l81f-MuiPickersSectionList-section-MuiPickersInputBase-section"
                    data-sectionindex="1"
                  >
                    <span
                      class="MuiPickersInputBase-sectionBefore css-w1q93y-MuiPickersSectionList-sectionSeparator-MuiPickersInputBase-separator"
                    />
                    <span
                      aria-disabled="false"
                      aria-label="Day"
                      aria-readonly="false"
                      aria-valuemax="31"
                      aria-valuemin="1"
                      aria-valuenow="13"
                      aria-valuetext="13th"
                      autocapitalize="off"
                      autocorrect="off"
                      class="MuiPickersSectionList-sectionContent MuiPickersInputBase-sectionContent css-k0qp40-MuiPickersSectionList-sectionContent-MuiPickersInputBase-sectionContent"
                      contenteditable="true"
                      inputmode="numeric"
                      role="spinbutton"
                      spellcheck="false"
                      tabindex="-1"
                    >
                      13th
                    </span>
                    <span
                      class="MuiPickersInputBase-sectionAfter css-w1q93y-MuiPickersSectionList-sectionSeparator-MuiPickersInputBase-separator"
                    />
                  </span>
                </div>
                <div
                  class="MuiInputAdornment-root MuiInputAdornment-positionEnd MuiInputAdornment-outlined MuiInputAdornment-sizeMedium css-elo8k2-MuiInputAdornment-root"
                >
                  <button
                    aria-label="Choose date, selected date is Jan 13, 2019"
                    class="MuiButtonBase-root MuiIconButton-root MuiIconButton-edgeEnd MuiIconButton-sizeMedium css-sonn5k-MuiButtonBase-root-MuiIconButton-root"
                    tabindex="0"
                    type="button"
                  >
                    <svg
                      aria-hidden="true"
                      class="MuiSvgIcon-root MuiSvgIcon-fontSizeMedium css-1j3vvli-MuiSvgIcon-root"
                      data-testid="CalendarIcon"
                      focusable="false"
                      viewBox="0 0 24 24"
                    >
                      <path
                        d="M17 12h-5v5h5v-5zM16 1v2H8V1H6v2H5c-1.11 0-1.99.9-1.99 2L3 19c0 1.1.89 2 2 2h14c1.1 0 2-.9 2-2V5c0-1.1-.9-2-2-2h-1V1h-2zm3 18H5V8h14v11z"
                      />
                    </svg>
                  </button>
                </div>
                <fieldset
                  aria-hidden="true"
                  class="MuiPickersOutlinedInput-notchedOutline css-lqwr9g-MuiPickersOutlinedInput-notchedOutline"
                >
                  <legend
                    class="css-kg5swy"
                  >
                    <span
                      class="css-xr247o"
                    >
                      To
                    </span>
                  </legend>
                </fieldset>
                <input
                  aria-hidden="true"
                  class="MuiPickersInputBase-input MuiPickersOutlinedInput-input css-31lcvl-MuiPickersInputBase-input"
                  id=":rd:"
                  tabindex="-1"
                  value="January 13th"
                />
              </div>
            </div>
          </div>
        </div>
      </form>
    </div>
    <div
      class="flexbox center-aligned"
      style="justify-content: flex-end;"
    >
      <div
        class="loaderContainer shrunk"
      >
        <div
          class="  loader"
        >
          <span
            class="dot dot_1"
          />
          <span
            class="dot dot_2"
          />
          <span
            class="dot dot_3"
          />
          <span
            class="dot dot_4"
          />
        </div>
      </div>
      <button
        class="MuiButtonBase-root MuiButton-root MuiButton-contained MuiButton-containedSecondary MuiButton-sizeMedium MuiButton-containedSizeMedium MuiButton-colorSecondary MuiButton-root MuiButton-contained MuiButton-containedSecondary MuiButton-sizeMedium MuiButton-containedSizeMedium MuiButton-colorSecondary css-kvtsny-MuiButtonBase-root-MuiButton-root"
        style="margin-left: 15px;"
        tabindex="0"
        type="button"
      >
        Download results as csv
      </button>
    </div>
    <div
      class="fadeIn deploy-table-contain auditlogs-list css-1yc7te8-auditlogsList"
    >
      <div
        class="auditlogs-list-item auditlogs-list-item-header muted"
      >
        <div
          class="columnHeader"
          style="cursor: initial;"
        >
          Performed by
        </div>
        <div
          class="columnHeader"
          style="cursor: initial;"
        >
          Action
        </div>
        <div
          class="columnHeader"
          style="cursor: initial;"
        >
          Type
        </div>
        <div
          class="columnHeader"
          style="cursor: initial;"
        >
          Changed
        </div>
        <div
          class="columnHeader"
          style="cursor: initial;"
        >
          More details
        </div>
        <div
          class="columnHeader"
        >
          Time
          <svg
            aria-hidden="true"
            class="MuiSvgIcon-root MuiSvgIcon-fontSizeMedium sortIcon selected false css-1j3vvli-MuiSvgIcon-root"
            data-testid="SortIcon"
            focusable="false"
            viewBox="0 0 24 24"
          >
            <path
              d="M3 18h6v-2H3zM3 6v2h18V6zm0 7h12v-2H3z"
            />
          </svg>
        </div>
        <div />
      </div>
      <div
        class="auditlogs-list"
      >
        <div
          class="auditlogs-list-item clickable"
        >
          <div>
            string@example.com
          </div>
          <div
            class="uppercased"
          >
            create
          </div>
          <div
            class="capitalized"
          >
            User
          </div>
          <div>
            user@acme.com
          </div>
          <div
            class="text-overflow"
          >
            change1
          </div>
          <time
            datetime="2019-01-01T12:10:22+00:00"
          >
            2019-01-01 12:10
          </time>
          <div
            class="bold flexbox center-aligned link-color nowrap "
          >
            View details
            <svg
              aria-hidden="true"
              class="MuiSvgIcon-root MuiSvgIcon-fontSizeSmall margin-left-xsmall css-53nl35-MuiSvgIcon-root"
              data-testid="ArrowForwardIcon"
              focusable="false"
              viewBox="0 0 24 24"
            >
              <path
                d="m12 4-1.41 1.41L16.17 11H4v2h12.17l-5.58 5.59L12 20l8-8z"
              />
            </svg>
          </div>
        </div>
        <div
          class="auditlogs-list-item clickable"
        >
          <div>
            string
          </div>
          <div
            class="uppercased"
          >
            create
          </div>
          <div
            class="capitalized"
          >
            Deployment
          </div>
          <div>
            production
          </div>
          <a
            data-discover="true"
            href="/deployments/finished?open=true&id=string"
          >
            View deployment
          </a>
          <time
            datetime="2019-01-01T12:16:22+00:00"
          >
            2019-01-01 12:16
          </time>
          <div
            class="bold flexbox center-aligned link-color nowrap "
          >
            View details
            <svg
              aria-hidden="true"
              class="MuiSvgIcon-root MuiSvgIcon-fontSizeSmall margin-left-xsmall css-53nl35-MuiSvgIcon-root"
              data-testid="ArrowForwardIcon"
              focusable="false"
              viewBox="0 0 24 24"
            >
              <path
                d="m12 4-1.41 1.41L16.17 11H4v2h12.17l-5.58 5.59L12 20l8-8z"
              />
            </svg>
          </div>
        </div>
        <div
          class="auditlogs-list-item clickable"
        >
          <div>
            string@example.com
          </div>
          <div
            class="uppercased"
          >
            open_terminal
          </div>
          <div
            class="capitalized"
          >
            Device
          </div>
          <div
            class="css-z9m6tn-container"
            style="display: grid;"
          >
            <div>
              a1
            </div>
          </div>
          <a>
            View session log
          </a>
          <time
            datetime="2019-01-01T12:10:22+00:00"
          >
            2019-01-01 12:10
          </time>
          <div
            class="bold flexbox center-aligned link-color nowrap "
          >
            View details
            <svg
              aria-hidden="true"
              class="MuiSvgIcon-root MuiSvgIcon-fontSizeSmall margin-left-xsmall css-53nl35-MuiSvgIcon-root"
              data-testid="ArrowForwardIcon"
              focusable="false"
              viewBox="0 0 24 24"
            >
              <path
                d="m12 4-1.41 1.41L16.17 11H4v2h12.17l-5.58 5.59L12 20l8-8z"
              />
            </svg>
          </div>
        </div>
      </div>
      <div
        class="flexbox margin-top"
      >
        <div
          class="MuiTablePagination-root flexbox margin-top margin-top-none css-15pl5qu-MuiTablePagination-root"
        >
          <div
            class="MuiToolbar-root MuiToolbar-gutters MuiToolbar-regular MuiTablePagination-toolbar css-1gak8h1-MuiToolbar-root-MuiTablePagination-toolbar"
          >
            <div
              class="MuiTablePagination-spacer flexbox no-basis css-1wtxofq-MuiTablePagination-spacer"
            />
            <p
              class="MuiTablePagination-selectLabel css-15wkzhc-MuiTablePagination-selectLabel"
              id=":ri:"
            >
              Rows
            </p>
            <div
              class="MuiInputBase-root MuiInputBase-colorPrimary MuiTablePagination-select MuiSelect-root MuiTablePagination-input css-11kq5w2-MuiInputBase-root-MuiTablePagination-select"
            >
              <div
                aria-expanded="false"
                aria-haspopup="listbox"
                aria-labelledby=":ri: :rh:"
                class="MuiSelect-select MuiTablePagination-select MuiSelect-standard MuiInputBase-input css-18zjd9i-MuiNativeSelect-root-MuiSelect-select-MuiInputBase-input"
                id=":rh:"
                role="combobox"
                tabindex="0"
              >
                20
              </div>
              <input
                aria-hidden="true"
                aria-invalid="false"
                class="MuiSelect-nativeInput css-j0riat-MuiSelect-nativeInput"
                name="pagination"
                tabindex="-1"
                value="20"
              />
              <svg
                aria-hidden="true"
                class="MuiSvgIcon-root MuiSvgIcon-fontSizeMedium MuiSelect-icon MuiTablePagination-selectIcon MuiSelect-iconStandard css-h5hq1r-MuiSvgIcon-root-MuiNativeSelect-root-MuiSelect-icon"
                data-testid="ArrowDropDownIcon"
                focusable="false"
                viewBox="0 0 24 24"
              >
                <path
                  d="M7 10l5 5 5-5z"
                />
              </svg>
            </div>
            <p
              class="MuiTablePagination-displayedRows css-uam3tq-MuiTablePagination-displayedRows"
            />
            <div
              class="flexbox center-aligned"
            >
              <div>
                1-3 of 3
              </div>
              <button
                class="MuiButtonBase-root Mui-disabled MuiIconButton-root Mui-disabled MuiIconButton-sizeLarge css-y28hhu-MuiButtonBase-root-MuiIconButton-root"
                disabled=""
                tabindex="-1"
                type="button"
              >
                <svg
                  aria-hidden="true"
                  class="MuiSvgIcon-root MuiSvgIcon-fontSizeMedium css-1j3vvli-MuiSvgIcon-root"
                  data-testid="KeyboardArrowLeftIcon"
                  focusable="false"
                  viewBox="0 0 24 24"
                >
                  <path
                    d="M15.41 16.59 10.83 12l4.58-4.59L14 6l-6 6 6 6z"
                  />
                </svg>
              </button>
              <div>
                <button
                  class="MuiButtonBase-root Mui-disabled MuiIconButton-root Mui-disabled MuiIconButton-sizeLarge css-y28hhu-MuiButtonBase-root-MuiIconButton-root"
                  disabled=""
                  tabindex="-1"
                  type="button"
                >
                  <svg
                    aria-hidden="true"
                    class="MuiSvgIcon-root MuiSvgIcon-fontSizeMedium css-1j3vvli-MuiSvgIcon-root"
                    data-testid="KeyboardArrowRightIcon"
                    focusable="false"
                    viewBox="0 0 24 24"
                  >
                    <path
                      d="M8.59 16.59 13.17 12 8.59 7.41 10 6l6 6-6 6z"
                    />
                  </svg>
                </button>
              </div>
            </div>
          </div>
        </div>
        <div
          class="loaderContainer shrunk"
        >
          <div
            class="small  loader"
          >
            <span
              class="dot dot_1"
            />
            <span
              class="dot dot_2"
            />
            <span
              class="dot dot_3"
            />
            <span
              class="dot dot_4"
            />
          </div>
        </div>
      </div>
    </div>
    <div
      class="dashboard-placeholder flexbox css-jbqg3f-upgradeNote"
    >
      <div
        class="margin-right-small"
      >
        This feature is not available on your plan. 
        <a
          data-discover="true"
          href="/settings/upgrade"
        >
          Upgrade
        </a>
         to enable it
      </div>
      <div
        class=""
        data-mui-internal-clone-element="true"
      >
        <div
          class="relative"
        >
          <svg
            aria-hidden="true"
            class="MuiSvgIcon-root MuiSvgIcon-colorPrimary MuiSvgIcon-fontSizeMedium css-94o1cp-MuiSvgIcon-root-icon"
            data-testid="HelpIcon"
            focusable="false"
            viewBox="0 0 24 24"
          >
            <path
              d="M12 2C6.48 2 2 6.48 2 12s4.48 10 10 10 10-4.48 10-10S17.52 2 12 2m1 17h-2v-2h2zm2.07-7.75-.9.92C13.45 12.9 13 13.5 13 15h-2v-.5c0-1.1.45-2.1 1.17-2.83l1.24-1.26c.37-.36.59-.86.59-1.41 0-1.1-.9-2-2-2s-2 .9-2 2H8c0-2.21 1.79-4 4-4s4 1.79 4 4c0 .88-.36 1.68-.93 2.25"
            />
          </svg>
          <div
            class="css-10ee8t0-iconAura "
          />
        </div>
      </div>
    </div>
  </div>
</div>"
`;
