// Jest Snapshot v1, https://goo.gl/fbAQLP

exports[`EventDetailsDrawer Component renders correctly 1`] = `
.emotion-0 {
  background-color: #fff;
  color: rgba(10, 10, 11, 0.78);
  -webkit-transition: box-shadow 300ms cubic-bezier(0.4, 0, 0.2, 1) 0ms;
  transition: box-shadow 300ms cubic-bezier(0.4, 0, 0.2, 1) 0ms;
  box-shadow: var(--Paper-shadow);
  background-image: var(--Paper-overlay);
  overflow-y: auto;
  display: -webkit-box;
  display: -webkit-flex;
  display: -ms-flexbox;
  display: flex;
  -webkit-flex-direction: column;
  -ms-flex-direction: column;
  flex-direction: column;
  height: 100%;
  -webkit-flex: 1 0 auto;
  -ms-flex: 1 0 auto;
  flex: 1 0 auto;
  z-index: 1200;
  -webkit-overflow-scrolling: touch;
  position: fixed;
  top: 0;
  outline: 0;
  right: 0;
  min-width: 40vw;
  max-width: 80vw;
  padding: 30px 75px 5%;
}

.emotion-1 {
  display: -webkit-inline-box;
  display: -webkit-inline-flex;
  display: -ms-inline-flexbox;
  display: inline-flex;
  -webkit-align-items: center;
  -webkit-box-align: center;
  -ms-flex-align: center;
  align-items: center;
  -webkit-box-pack: center;
  -ms-flex-pack: center;
  -webkit-justify-content: center;
  justify-content: center;
  position: relative;
  box-sizing: border-box;
  -webkit-tap-highlight-color: transparent;
  background-color: transparent;
  outline: 0;
  border: 0;
  margin: 0;
  border-radius: 0;
  padding: 0;
  cursor: pointer;
  -webkit-user-select: none;
  -moz-user-select: none;
  -ms-user-select: none;
  user-select: none;
  vertical-align: middle;
  -moz-appearance: none;
  -webkit-appearance: none;
  -webkit-text-decoration: none;
  text-decoration: none;
  color: inherit;
  text-align: center;
  -webkit-flex: 0 0 auto;
  -ms-flex: 0 0 auto;
  flex: 0 0 auto;
  font-size: 1.3929rem;
  padding: 8px;
  border-radius: 50%;
  color: rgba(0, 0, 0, 0.54);
  -webkit-transition: background-color 150ms cubic-bezier(0.4, 0, 0.2, 1) 0ms;
  transition: background-color 150ms cubic-bezier(0.4, 0, 0.2, 1) 0ms;
  --IconButton-hoverBg: rgba(0, 0, 0, 0.04);
  padding: 12px;
  font-size: 1.625rem;
  font-size: 1.2rem;
  color: rgba(0, 0, 0, 0.54);
}

.emotion-1::-moz-focus-inner {
  border-style: none;
}

.emotion-1.Mui-disabled {
  pointer-events: none;
  cursor: default;
}

@media print {
  .emotion-1 {
    -webkit-print-color-adjust: exact;
    color-adjust: exact;
  }
}

.emotion-1:hover {
  background-color: var(--IconButton-hoverBg);
}

@media (hover: none) {
  .emotion-1:hover {
    background-color: transparent;
  }
}

.emotion-1.Mui-disabled {
  background-color: transparent;
  color: rgba(0, 0, 0, 0.26);
}

.emotion-1.MuiIconButton-loading {
  color: transparent;
}

.emotion-2 {
  -webkit-user-select: none;
  -moz-user-select: none;
  -ms-user-select: none;
  user-select: none;
  width: 1em;
  height: 1em;
  display: inline-block;
  -webkit-flex-shrink: 0;
  -ms-flex-negative: 0;
  flex-shrink: 0;
  -webkit-transition: fill 200ms cubic-bezier(0.4, 0, 0.2, 1) 0ms;
  transition: fill 200ms cubic-bezier(0.4, 0, 0.2, 1) 0ms;
  fill: currentColor;
  font-size: 1.3929rem;
}

.emotion-2 iconButton {
  margin-right: 8px;
}

.emotion-3 {
  margin: 0;
  -webkit-flex-shrink: 0;
  -ms-flex-negative: 0;
  flex-shrink: 0;
  border-width: 0;
  border-style: solid;
  border-color: rgba(0, 0, 0, 0.12);
  border-bottom-width: thin;
}

.emotion-4 {
  border: 1px solid;
  border-color: #f7f7f7;
  background-color: #f7f7f7;
}

<div
  aria-modal="true"
  class="MuiPaper-root MuiPaper-elevation MuiPaper-elevation16 MuiDrawer-paper MuiDrawer-paperAnchorRight emotion-0"
  role="dialog"
  style="--Paper-shadow: 0px 8px 10px -5px rgba(0,0,0,0.2),0px 16px 24px 2px rgba(0,0,0,0.14),0px 6px 30px 5px rgba(0,0,0,0.12);"
  tabindex="-1"
>
  <div
    class="flexbox margin-bottom-small space-between"
  >
    <div
      class="flexbox center-aligned"
    >
      <h3
        class="capitalized-start flexbox center-aligned"
      >
        <div
          class="capitalized-start"
        >
          created user
        </div>
      </h3>
    </div>
    <div
      class="flexbox center-aligned"
    >
      <button
        aria-label="close"
        class="MuiButtonBase-root MuiIconButton-root MuiIconButton-sizeLarge emotion-1"
        tabindex="0"
        type="button"
      >
        <svg
          aria-hidden="true"
          class="MuiSvgIcon-root MuiSvgIcon-fontSizeMedium emotion-2"
          data-testid="CloseIcon"
          focusable="false"
          viewBox="0 0 24 24"
        >
          <path
            d="M19 6.41 17.59 5 12 10.59 6.41 5 5 6.41 10.59 12 5 17.59 6.41 19 12 13.41 17.59 19 19 17.59 13.41 12z"
          />
        </svg>
      </button>
    </div>
  </div>
  <hr
    class="MuiDivider-root MuiDivider-fullWidth emotion-3"
  />
  <div
    class="code emotion-4 "
  >
    change1
  </div>
  <hr
    class="MuiDivider-root MuiDivider-fullWidth margin-top-small emotion-3"
  />
</div>
`;
