// Jest Snapshot v1, https://goo.gl/fbAQLP

exports[`AuthsetList Component renders correctly 1`] = `
.emotion-0 .header,
.emotion-0 .MuiAccordion-root {
  border-bottom: 1px solid #cfcfcf;
}

.emotion-0 .columnHeader,
.emotion-0 .MuiAccordionSummary-root,
.emotion-0 .MuiAccordionSummary-content {
  cursor: default;
}

.emotion-0 .header,
.emotion-0 .body .MuiAccordionSummary-content {
  display: grid;
  grid-column-gap: 16px;
  grid-template-columns: 0.5fr 1fr 2fr 2fr 2fr;
}

.emotion-1 {
  padding: 16px;
}

.emotion-1.columns-4 {
  grid-template-columns: 0.5fr 1fr 2fr 2fr;
}

.emotion-2 {
  background-color: #fff;
  color: rgba(10, 10, 11, 0.78);
  -webkit-transition: box-shadow 300ms cubic-bezier(0.4, 0, 0.2, 1) 0ms;
  transition: box-shadow 300ms cubic-bezier(0.4, 0, 0.2, 1) 0ms;
  box-shadow: var(--Paper-shadow);
  background-image: var(--Paper-overlay);
  position: relative;
  -webkit-transition: margin 150ms cubic-bezier(0.4, 0, 0.2, 1) 0ms;
  transition: margin 150ms cubic-bezier(0.4, 0, 0.2, 1) 0ms;
  overflow-anchor: none;
  border: none;
  box-shadow: none;
  padding: 0;
  background-color: #d4e9e7;
}

.emotion-2::before {
  position: absolute;
  left: 0;
  top: -1px;
  right: 0;
  height: 1px;
  content: "";
  opacity: 1;
  background-color: rgba(0, 0, 0, 0.12);
  -webkit-transition: opacity 150ms cubic-bezier(0.4, 0, 0.2, 1) 0ms,background-color 150ms cubic-bezier(0.4, 0, 0.2, 1) 0ms;
  transition: opacity 150ms cubic-bezier(0.4, 0, 0.2, 1) 0ms,background-color 150ms cubic-bezier(0.4, 0, 0.2, 1) 0ms;
}

.emotion-2:first-of-type::before {
  display: none;
}

.emotion-2.Mui-expanded::before {
  opacity: 0;
}

.emotion-2.Mui-expanded:first-of-type {
  margin-top: 0;
}

.emotion-2.Mui-expanded:last-of-type {
  margin-bottom: 0;
}

.emotion-2.Mui-expanded+.emotion-2.Mui-expanded::before {
  display: none;
}

.emotion-2.Mui-disabled {
  background-color: rgba(0, 0, 0, 0.12);
}

.emotion-2.Mui-expanded {
  margin: 16px 0;
}

.emotion-2:before {
  display: none;
}

.emotion-2.Mui-expanded {
  margin: auto;
  background-color: #f7f7f7;
}

.emotion-2:before {
  display: none;
}

.emotion-2$expanded {
  margin: auto;
}

.emotion-2 .columns-4 .MuiAccordionSummary-content {
  grid-template-columns: 0.5fr 1fr 2fr 2fr;
}

.emotion-2 .MuiAccordionDetails-root {
  -webkit-flex-direction: row;
  -ms-flex-direction: row;
  flex-direction: row;
}

.emotion-3 {
  all: unset;
}

.emotion-4 {
  display: -webkit-inline-box;
  display: -webkit-inline-flex;
  display: -ms-inline-flexbox;
  display: inline-flex;
  -webkit-align-items: center;
  -webkit-box-align: center;
  -ms-flex-align: center;
  align-items: center;
  -webkit-box-pack: center;
  -ms-flex-pack: center;
  -webkit-justify-content: center;
  justify-content: center;
  position: relative;
  box-sizing: border-box;
  -webkit-tap-highlight-color: transparent;
  background-color: transparent;
  outline: 0;
  border: 0;
  margin: 0;
  border-radius: 0;
  padding: 0;
  cursor: pointer;
  -webkit-user-select: none;
  -moz-user-select: none;
  -ms-user-select: none;
  user-select: none;
  vertical-align: middle;
  -moz-appearance: none;
  -webkit-appearance: none;
  -webkit-text-decoration: none;
  text-decoration: none;
  color: inherit;
  display: -webkit-box;
  display: -webkit-flex;
  display: -ms-flexbox;
  display: flex;
  width: 100%;
  min-height: 48px;
  padding: 0px 16px;
  -webkit-transition: min-height 150ms cubic-bezier(0.4, 0, 0.2, 1) 0ms,background-color 150ms cubic-bezier(0.4, 0, 0.2, 1) 0ms;
  transition: min-height 150ms cubic-bezier(0.4, 0, 0.2, 1) 0ms,background-color 150ms cubic-bezier(0.4, 0, 0.2, 1) 0ms;
  margin-bottom: 0;
  height: 48px;
}

.emotion-4::-moz-focus-inner {
  border-style: none;
}

.emotion-4.Mui-disabled {
  pointer-events: none;
  cursor: default;
}

@media print {
  .emotion-4 {
    -webkit-print-color-adjust: exact;
    color-adjust: exact;
  }
}

.emotion-4.Mui-focusVisible {
  background-color: rgba(0, 0, 0, 0.12);
}

.emotion-4.Mui-disabled {
  opacity: 0.38;
}

.emotion-4:hover:not(.Mui-disabled) {
  cursor: pointer;
}

.emotion-4.Mui-expanded {
  min-height: 64px;
}

.emotion-4.Mui-expanded {
  height: 48px;
  min-height: 48px;
}

.emotion-5 {
  display: -webkit-box;
  display: -webkit-flex;
  display: -ms-flexbox;
  display: flex;
  text-align: start;
  -webkit-box-flex: 1;
  -webkit-flex-grow: 1;
  -ms-flex-positive: 1;
  flex-grow: 1;
  margin: 12px 0;
  -webkit-transition: margin 150ms cubic-bezier(0.4, 0, 0.2, 1) 0ms;
  transition: margin 150ms cubic-bezier(0.4, 0, 0.2, 1) 0ms;
  -webkit-align-items: center;
  -webkit-box-align: center;
  -ms-flex-align: center;
  align-items: center;
}

.emotion-5.Mui-expanded {
  margin: 20px 0;
}

.emotion-5.Mui-expanded {
  margin: 0;
}

.emotion-5>:last-child {
  padding-right: 12px;
}

.emotion-6 {
  max-width: 100%;
  font-family: Lato,sans-serif;
  font-size: 0.7545rem;
  display: -webkit-inline-box;
  display: -webkit-inline-flex;
  display: -ms-inline-flexbox;
  display: inline-flex;
  -webkit-align-items: center;
  -webkit-box-align: center;
  -ms-flex-align: center;
  align-items: center;
  -webkit-box-pack: center;
  -ms-flex-pack: center;
  -webkit-justify-content: center;
  justify-content: center;
  height: 32px;
  line-height: 1.5;
  color: rgba(10, 10, 11, 0.78);
  background-color: rgba(0, 0, 0, 0.08);
  border-radius: 16px;
  white-space: nowrap;
  -webkit-transition: background-color 300ms cubic-bezier(0.4, 0, 0.2, 1) 0ms,box-shadow 300ms cubic-bezier(0.4, 0, 0.2, 1) 0ms;
  transition: background-color 300ms cubic-bezier(0.4, 0, 0.2, 1) 0ms,box-shadow 300ms cubic-bezier(0.4, 0, 0.2, 1) 0ms;
  cursor: unset;
  outline: 0;
  -webkit-text-decoration: none;
  text-decoration: none;
  border: 0;
  padding: 0;
  vertical-align: middle;
  box-sizing: border-box;
  height: 24px;
  background-color: #337a87;
  color: #fff;
}

.emotion-6.Mui-disabled {
  opacity: 0.38;
  pointer-events: none;
}

.emotion-6 .MuiChip-avatar {
  margin-left: 5px;
  margin-right: -6px;
  width: 24px;
  height: 24px;
  color: #bcbcbc;
  font-size: 0.6964rem;
}

.emotion-6 .MuiChip-avatarColorPrimary {
  color: #fff;
  background-color: rgb(35, 85, 94);
}

.emotion-6 .MuiChip-avatarColorSecondary {
  color: #fff;
  background-color: rgb(65, 10, 46);
}

.emotion-6 .MuiChip-avatarSmall {
  margin-left: 4px;
  margin-right: -4px;
  width: 18px;
  height: 18px;
  font-size: 0.5804rem;
}

.emotion-6 .MuiChip-icon {
  margin-left: 5px;
  margin-right: -6px;
}

.emotion-6 .MuiChip-deleteIcon {
  -webkit-tap-highlight-color: transparent;
  color: rgba(10, 10, 11, 0.26);
  font-size: 22px;
  cursor: pointer;
  margin: 0 5px 0 -6px;
}

.emotion-6 .MuiChip-deleteIcon:hover {
  color: rgba(10, 10, 11, 0.4);
}

.emotion-6 .MuiChip-icon {
  font-size: 18px;
  margin-left: 4px;
  margin-right: -4px;
}

.emotion-6 .MuiChip-deleteIcon {
  font-size: 16px;
  margin-right: 4px;
  margin-left: -4px;
}

.emotion-6 .MuiChip-deleteIcon {
  color: rgba(255, 255, 255, 0.7);
}

.emotion-6 .MuiChip-deleteIcon:hover,
.emotion-6 .MuiChip-deleteIcon:active {
  color: #fff;
}

.emotion-6 .MuiChip-icon {
  color: #bcbcbc;
}

.emotion-6 .MuiChip-icon {
  color: inherit;
}

.emotion-7 {
  overflow: hidden;
  text-overflow: ellipsis;
  padding-left: 12px;
  padding-right: 12px;
  white-space: nowrap;
  padding-left: 8px;
  padding-right: 8px;
}

.emotion-8 {
  height: 0;
  overflow: hidden;
  -webkit-transition: height 300ms cubic-bezier(0.4, 0, 0.2, 1) 0ms;
  transition: height 300ms cubic-bezier(0.4, 0, 0.2, 1) 0ms;
  visibility: hidden;
}

.emotion-9 {
  display: -webkit-box;
  display: -webkit-flex;
  display: -ms-flexbox;
  display: flex;
  width: 100%;
}

.emotion-10 {
  width: 100%;
}

.emotion-12 {
  padding: 8px 16px 16px;
  -webkit-flex-direction: column;
  -ms-flex-direction: column;
  flex-direction: column;
}

<div
  class="authsets emotion-0"
>
  <div
    class="header columns-5 emotion-1"
  >
    <div
      class="columnHeader"
    />
    <div
      class="columnHeader"
    >
      Status
    </div>
    <div
      class="columnHeader"
    >
      Public key
    </div>
    <div
      class="columnHeader"
    >
      Time of request
    </div>
    <div
      class="columnHeader"
    >
      Actions
    </div>
  </div>
  <div
    class="body relative"
  >
    <div
      class="MuiPaper-root MuiPaper-elevation MuiPaper-elevation1 MuiAccordion-root MuiAccordion-gutters emotion-2"
      style="--Paper-shadow: 0px 2px 1px -1px rgba(0,0,0,0.2),0px 1px 1px 0px rgba(0,0,0,0.14),0px 1px 3px 0px rgba(0,0,0,0.12);"
    >
      <h3
        class="MuiAccordion-heading emotion-3"
      >
        <button
          aria-expanded="false"
          class="MuiButtonBase-root MuiAccordionSummary-root MuiAccordionSummary-gutters columns-5 emotion-4"
          tabindex="0"
          type="button"
        >
          <span
            class="MuiAccordionSummary-content MuiAccordionSummary-contentGutters emotion-5"
          >
            <div
              class="MuiChip-root MuiChip-filled MuiChip-sizeSmall MuiChip-colorPrimary MuiChip-filledPrimary emotion-6"
              style="justify-self: flex-start;"
            >
              <span
                class="MuiChip-label MuiChip-labelSmall emotion-7"
              >
                new
              </span>
            </div>
            <div
              class="capitalized"
            >
              pending
            </div>
            <a>
              show key
            </a>
            <time
              datetime="2020-09-21T12:48:34+00:00"
            >
              2020-09-21 12:48
            </time>
            <div
              class="action-buttons flexbox"
            >
              <a>
                Accept
              </a>
              <a>
                Reject
              </a>
              <a>
                Dismiss
              </a>
            </div>
          </span>
        </button>
      </h3>
      <div
        class="MuiCollapse-root MuiCollapse-vertical MuiCollapse-hidden emotion-8"
        style="min-height: 0px;"
      >
        <div
          class="MuiCollapse-wrapper MuiCollapse-vertical emotion-9"
        >
          <div
            class="MuiCollapse-wrapperInner MuiCollapse-vertical emotion-10"
          >
            <div
              class="MuiAccordion-region emotion-11"
              role="region"
            >
              <div
                class="MuiAccordionDetails-root emotion-12"
              >
                <div
                  style="flex-grow: 1;"
                />
                <p
                  class="bold expanded"
                >
                   Are you sure you want to continue?
                </p>
              </div>
            </div>
          </div>
        </div>
      </div>
    </div>
    <div
      class="MuiPaper-root MuiPaper-elevation MuiPaper-elevation1 MuiAccordion-root MuiAccordion-gutters emotion-2"
      style="--Paper-shadow: 0px 2px 1px -1px rgba(0,0,0,0.2),0px 1px 1px 0px rgba(0,0,0,0.14),0px 1px 3px 0px rgba(0,0,0,0.12);"
    >
      <h3
        class="MuiAccordion-heading emotion-3"
      >
        <button
          aria-expanded="false"
          class="MuiButtonBase-root MuiAccordionSummary-root MuiAccordionSummary-gutters columns-5 emotion-4"
          tabindex="0"
          type="button"
        >
          <span
            class="MuiAccordionSummary-content MuiAccordionSummary-contentGutters emotion-5"
          >
            <div
              class="MuiChip-root MuiChip-filled MuiChip-sizeSmall MuiChip-colorPrimary MuiChip-filledPrimary emotion-6"
              style="justify-self: flex-start;"
            >
              <span
                class="MuiChip-label MuiChip-labelSmall emotion-7"
              >
                new
              </span>
            </div>
            <div
              class="capitalized"
            >
              pending
            </div>
            <a>
              show key
            </a>
            <time
              datetime="2020-09-21T12:43:34+00:00"
            >
              2020-09-21 12:43
            </time>
            <div
              class="action-buttons flexbox"
            >
              <a>
                Accept
              </a>
              <a>
                Reject
              </a>
              <a>
                Dismiss
              </a>
            </div>
          </span>
        </button>
      </h3>
      <div
        class="MuiCollapse-root MuiCollapse-vertical MuiCollapse-hidden emotion-8"
        style="min-height: 0px;"
      >
        <div
          class="MuiCollapse-wrapper MuiCollapse-vertical emotion-9"
        >
          <div
            class="MuiCollapse-wrapperInner MuiCollapse-vertical emotion-10"
          >
            <div
              class="MuiAccordion-region emotion-11"
              role="region"
            >
              <div
                class="MuiAccordionDetails-root emotion-12"
              >
                <div
                  style="flex-grow: 1;"
                />
                <p
                  class="bold expanded"
                >
                   Are you sure you want to continue?
                </p>
              </div>
            </div>
          </div>
        </div>
      </div>
    </div>
    <div
      class="MuiPaper-root MuiPaper-elevation MuiPaper-elevation1 MuiAccordion-root MuiAccordion-gutters emotion-2"
      style="--Paper-shadow: 0px 2px 1px -1px rgba(0,0,0,0.2),0px 1px 1px 0px rgba(0,0,0,0.14),0px 1px 3px 0px rgba(0,0,0,0.12);"
    >
      <h3
        class="MuiAccordion-heading emotion-3"
      >
        <button
          aria-expanded="false"
          class="MuiButtonBase-root MuiAccordionSummary-root MuiAccordionSummary-gutters columns-5 emotion-4"
          tabindex="0"
          type="button"
        >
          <span
            class="MuiAccordionSummary-content MuiAccordionSummary-contentGutters emotion-5"
          >
            <div
              class="MuiChip-root MuiChip-filled MuiChip-sizeSmall MuiChip-colorPrimary MuiChip-filledPrimary emotion-6"
              style="justify-self: flex-start;"
            >
              <span
                class="MuiChip-label MuiChip-labelSmall emotion-7"
              >
                new
              </span>
            </div>
            <div
              class="capitalized"
            >
              pending
            </div>
            <a>
              show key
            </a>
            <time
              datetime="2020-09-21T12:38:34+00:00"
            >
              2020-09-21 12:38
            </time>
            <div
              class="action-buttons flexbox"
            >
              <a>
                Accept
              </a>
              <a>
                Reject
              </a>
              <a>
                Dismiss
              </a>
            </div>
          </span>
        </button>
      </h3>
      <div
        class="MuiCollapse-root MuiCollapse-vertical MuiCollapse-hidden emotion-8"
        style="min-height: 0px;"
      >
        <div
          class="MuiCollapse-wrapper MuiCollapse-vertical emotion-9"
        >
          <div
            class="MuiCollapse-wrapperInner MuiCollapse-vertical emotion-10"
          >
            <div
              class="MuiAccordion-region emotion-11"
              role="region"
            >
              <div
                class="MuiAccordionDetails-root emotion-12"
              >
                <div
                  style="flex-grow: 1;"
                />
                <p
                  class="bold expanded"
                >
                   Are you sure you want to continue?
                </p>
              </div>
            </div>
          </div>
        </div>
      </div>
    </div>
    <div
      class="MuiPaper-root MuiPaper-elevation MuiPaper-elevation1 MuiAccordion-root MuiAccordion-gutters emotion-2"
      style="--Paper-shadow: 0px 2px 1px -1px rgba(0,0,0,0.2),0px 1px 1px 0px rgba(0,0,0,0.14),0px 1px 3px 0px rgba(0,0,0,0.12);"
    >
      <h3
        class="MuiAccordion-heading emotion-3"
      >
        <button
          aria-expanded="false"
          class="MuiButtonBase-root MuiAccordionSummary-root MuiAccordionSummary-gutters columns-5 emotion-4"
          tabindex="0"
          type="button"
        >
          <span
            class="MuiAccordionSummary-content MuiAccordionSummary-contentGutters emotion-5"
          >
            <div
              class="capitalized"
            >
              Active
            </div>
            <div
              class="capitalized"
            >
              accepted
            </div>
            <a>
              show key
            </a>
            <time
              datetime="2020-09-21T12:47:34+00:00"
            >
              2020-09-21 12:47
            </time>
            <div
              class="action-buttons flexbox"
            >
              <div>
                Accept
              </div>
              <a>
                Reject
              </a>
              <a>
                Dismiss
              </a>
            </div>
          </span>
        </button>
      </h3>
      <div
        class="MuiCollapse-root MuiCollapse-vertical MuiCollapse-hidden emotion-8"
        style="min-height: 0px;"
      >
        <div
          class="MuiCollapse-wrapper MuiCollapse-vertical emotion-9"
        >
          <div
            class="MuiCollapse-wrapperInner MuiCollapse-vertical emotion-10"
          >
            <div
              class="MuiAccordion-region emotion-11"
              role="region"
            >
              <div
                class="MuiAccordionDetails-root emotion-12"
              >
                <div
                  style="flex-grow: 1;"
                />
                <p
                  class="bold expanded"
                >
                   Are you sure you want to continue?
                </p>
              </div>
            </div>
          </div>
        </div>
      </div>
    </div>
    <div
      class="MuiPaper-root MuiPaper-elevation MuiPaper-elevation1 MuiAccordion-root MuiAccordion-gutters emotion-2"
      style="--Paper-shadow: 0px 2px 1px -1px rgba(0,0,0,0.2),0px 1px 1px 0px rgba(0,0,0,0.14),0px 1px 3px 0px rgba(0,0,0,0.12);"
    >
      <h3
        class="MuiAccordion-heading emotion-3"
      >
        <button
          aria-expanded="false"
          class="MuiButtonBase-root MuiAccordionSummary-root MuiAccordionSummary-gutters columns-5 emotion-4"
          tabindex="0"
          type="button"
        >
          <span
            class="MuiAccordionSummary-content MuiAccordionSummary-contentGutters emotion-5"
          >
            <div
              class="capitalized"
            >
              Active
            </div>
            <div
              class="capitalized"
            >
              accepted
            </div>
            <a>
              show key
            </a>
            <time
              datetime="2020-09-21T12:42:34+00:00"
            >
              2020-09-21 12:42
            </time>
            <div
              class="action-buttons flexbox"
            >
              <div>
                Accept
              </div>
              <a>
                Reject
              </a>
              <a>
                Dismiss
              </a>
            </div>
          </span>
        </button>
      </h3>
      <div
        class="MuiCollapse-root MuiCollapse-vertical MuiCollapse-hidden emotion-8"
        style="min-height: 0px;"
      >
        <div
          class="MuiCollapse-wrapper MuiCollapse-vertical emotion-9"
        >
          <div
            class="MuiCollapse-wrapperInner MuiCollapse-vertical emotion-10"
          >
            <div
              class="MuiAccordion-region emotion-11"
              role="region"
            >
              <div
                class="MuiAccordionDetails-root emotion-12"
              >
                <div
                  style="flex-grow: 1;"
                />
                <p
                  class="bold expanded"
                >
                   Are you sure you want to continue?
                </p>
              </div>
            </div>
          </div>
        </div>
      </div>
    </div>
    <div
      class="MuiPaper-root MuiPaper-elevation MuiPaper-elevation1 MuiAccordion-root MuiAccordion-gutters emotion-2"
      style="--Paper-shadow: 0px 2px 1px -1px rgba(0,0,0,0.2),0px 1px 1px 0px rgba(0,0,0,0.14),0px 1px 3px 0px rgba(0,0,0,0.12);"
    >
      <h3
        class="MuiAccordion-heading emotion-3"
      >
        <button
          aria-expanded="false"
          class="MuiButtonBase-root MuiAccordionSummary-root MuiAccordionSummary-gutters columns-5 emotion-4"
          tabindex="0"
          type="button"
        >
          <span
            class="MuiAccordionSummary-content MuiAccordionSummary-contentGutters emotion-5"
          >
            <div
              class="capitalized"
            >
              Active
            </div>
            <div
              class="capitalized"
            >
              accepted
            </div>
            <a>
              show key
            </a>
            <time
              datetime="2020-09-21T12:37:34+00:00"
            >
              2020-09-21 12:37
            </time>
            <div
              class="action-buttons flexbox"
            >
              <div>
                Accept
              </div>
              <a>
                Reject
              </a>
              <a>
                Dismiss
              </a>
            </div>
          </span>
        </button>
      </h3>
      <div
        class="MuiCollapse-root MuiCollapse-vertical MuiCollapse-hidden emotion-8"
        style="min-height: 0px;"
      >
        <div
          class="MuiCollapse-wrapper MuiCollapse-vertical emotion-9"
        >
          <div
            class="MuiCollapse-wrapperInner MuiCollapse-vertical emotion-10"
          >
            <div
              class="MuiAccordion-region emotion-11"
              role="region"
            >
              <div
                class="MuiAccordionDetails-root emotion-12"
              >
                <div
                  style="flex-grow: 1;"
                />
                <p
                  class="bold expanded"
                >
                   Are you sure you want to continue?
                </p>
              </div>
            </div>
          </div>
        </div>
      </div>
    </div>
    <div
      class="MuiPaper-root MuiPaper-elevation MuiPaper-elevation1 MuiAccordion-root MuiAccordion-gutters emotion-2"
      style="--Paper-shadow: 0px 2px 1px -1px rgba(0,0,0,0.2),0px 1px 1px 0px rgba(0,0,0,0.14),0px 1px 3px 0px rgba(0,0,0,0.12);"
    >
      <h3
        class="MuiAccordion-heading emotion-3"
      >
        <button
          aria-expanded="false"
          class="MuiButtonBase-root MuiAccordionSummary-root MuiAccordionSummary-gutters columns-5 emotion-4"
          tabindex="0"
          type="button"
        >
          <span
            class="MuiAccordionSummary-content MuiAccordionSummary-contentGutters emotion-5"
          >
            <div />
            <div
              class="capitalized"
            >
              rejected
            </div>
            <a>
              show key
            </a>
            <time
              datetime="2020-09-21T12:50:34+00:00"
            >
              2020-09-21 12:50
            </time>
            <div
              class="action-buttons flexbox"
            >
              <a>
                Accept
              </a>
              <div>
                Reject
              </div>
              <a>
                Dismiss
              </a>
            </div>
          </span>
        </button>
      </h3>
      <div
        class="MuiCollapse-root MuiCollapse-vertical MuiCollapse-hidden emotion-8"
        style="min-height: 0px;"
      >
        <div
          class="MuiCollapse-wrapper MuiCollapse-vertical emotion-9"
        >
          <div
            class="MuiCollapse-wrapperInner MuiCollapse-vertical emotion-10"
          >
            <div
              class="MuiAccordion-region emotion-11"
              role="region"
            >
              <div
                class="MuiAccordionDetails-root emotion-12"
              >
                <div
                  style="flex-grow: 1;"
                />
                <p
                  class="bold expanded"
                >
                   Are you sure you want to continue?
                </p>
              </div>
            </div>
          </div>
        </div>
      </div>
    </div>
    <div
      class="MuiPaper-root MuiPaper-elevation MuiPaper-elevation1 MuiAccordion-root MuiAccordion-gutters emotion-2"
      style="--Paper-shadow: 0px 2px 1px -1px rgba(0,0,0,0.2),0px 1px 1px 0px rgba(0,0,0,0.14),0px 1px 3px 0px rgba(0,0,0,0.12);"
    >
      <h3
        class="MuiAccordion-heading emotion-3"
      >
        <button
          aria-expanded="false"
          class="MuiButtonBase-root MuiAccordionSummary-root MuiAccordionSummary-gutters columns-5 emotion-4"
          tabindex="0"
          type="button"
        >
          <span
            class="MuiAccordionSummary-content MuiAccordionSummary-contentGutters emotion-5"
          >
            <div />
            <div
              class="capitalized"
            >
              preauth
            </div>
            <a>
              show key
            </a>
            <time
              datetime="2020-09-21T12:49:34+00:00"
            >
              2020-09-21 12:49
            </time>
            <div
              class="action-buttons flexbox"
            >
              <a>
                Accept
              </a>
              <a>
                Reject
              </a>
              <a>
                Dismiss
              </a>
            </div>
          </span>
        </button>
      </h3>
      <div
        class="MuiCollapse-root MuiCollapse-vertical MuiCollapse-hidden emotion-8"
        style="min-height: 0px;"
      >
        <div
          class="MuiCollapse-wrapper MuiCollapse-vertical emotion-9"
        >
          <div
            class="MuiCollapse-wrapperInner MuiCollapse-vertical emotion-10"
          >
            <div
              class="MuiAccordion-region emotion-11"
              role="region"
            >
              <div
                class="MuiAccordionDetails-root emotion-12"
              >
                <div
                  style="flex-grow: 1;"
                />
                <p
                  class="bold expanded"
                >
                   Are you sure you want to continue?
                </p>
              </div>
            </div>
          </div>
        </div>
      </div>
    </div>
    <div
      class="MuiPaper-root MuiPaper-elevation MuiPaper-elevation1 MuiAccordion-root MuiAccordion-gutters emotion-2"
      style="--Paper-shadow: 0px 2px 1px -1px rgba(0,0,0,0.2),0px 1px 1px 0px rgba(0,0,0,0.14),0px 1px 3px 0px rgba(0,0,0,0.12);"
    >
      <h3
        class="MuiAccordion-heading emotion-3"
      >
        <button
          aria-expanded="false"
          class="MuiButtonBase-root MuiAccordionSummary-root MuiAccordionSummary-gutters columns-5 emotion-4"
          tabindex="0"
          type="button"
        >
          <span
            class="MuiAccordionSummary-content MuiAccordionSummary-contentGutters emotion-5"
          >
            <div />
            <div
              class="capitalized"
            >
              rejected
            </div>
            <a>
              show key
            </a>
            <time
              datetime="2020-09-21T12:45:34+00:00"
            >
              2020-09-21 12:45
            </time>
            <div
              class="action-buttons flexbox"
            >
              <a>
                Accept
              </a>
              <div>
                Reject
              </div>
              <a>
                Dismiss
              </a>
            </div>
          </span>
        </button>
      </h3>
      <div
        class="MuiCollapse-root MuiCollapse-vertical MuiCollapse-hidden emotion-8"
        style="min-height: 0px;"
      >
        <div
          class="MuiCollapse-wrapper MuiCollapse-vertical emotion-9"
        >
          <div
            class="MuiCollapse-wrapperInner MuiCollapse-vertical emotion-10"
          >
            <div
              class="MuiAccordion-region emotion-11"
              role="region"
            >
              <div
                class="MuiAccordionDetails-root emotion-12"
              >
                <div
                  style="flex-grow: 1;"
                />
                <p
                  class="bold expanded"
                >
                   Are you sure you want to continue?
                </p>
              </div>
            </div>
          </div>
        </div>
      </div>
    </div>
    <div
      class="MuiPaper-root MuiPaper-elevation MuiPaper-elevation1 MuiAccordion-root MuiAccordion-gutters emotion-2"
      style="--Paper-shadow: 0px 2px 1px -1px rgba(0,0,0,0.2),0px 1px 1px 0px rgba(0,0,0,0.14),0px 1px 3px 0px rgba(0,0,0,0.12);"
    >
      <h3
        class="MuiAccordion-heading emotion-3"
      >
        <button
          aria-expanded="false"
          class="MuiButtonBase-root MuiAccordionSummary-root MuiAccordionSummary-gutters columns-5 emotion-4"
          tabindex="0"
          type="button"
        >
          <span
            class="MuiAccordionSummary-content MuiAccordionSummary-contentGutters emotion-5"
          >
            <div />
            <div
              class="capitalized"
            >
              preauth
            </div>
            <a>
              show key
            </a>
            <time
              datetime="2020-09-21T12:44:34+00:00"
            >
              2020-09-21 12:44
            </time>
            <div
              class="action-buttons flexbox"
            >
              <a>
                Accept
              </a>
              <a>
                Reject
              </a>
              <a>
                Dismiss
              </a>
            </div>
          </span>
        </button>
      </h3>
      <div
        class="MuiCollapse-root MuiCollapse-vertical MuiCollapse-hidden emotion-8"
        style="min-height: 0px;"
      >
        <div
          class="MuiCollapse-wrapper MuiCollapse-vertical emotion-9"
        >
          <div
            class="MuiCollapse-wrapperInner MuiCollapse-vertical emotion-10"
          >
            <div
              class="MuiAccordion-region emotion-11"
              role="region"
            >
              <div
                class="MuiAccordionDetails-root emotion-12"
              >
                <div
                  style="flex-grow: 1;"
                />
                <p
                  class="bold expanded"
                >
                   Are you sure you want to continue?
                </p>
              </div>
            </div>
          </div>
        </div>
      </div>
    </div>
    <div
      class="MuiPaper-root MuiPaper-elevation MuiPaper-elevation1 MuiAccordion-root MuiAccordion-gutters emotion-2"
      style="--Paper-shadow: 0px 2px 1px -1px rgba(0,0,0,0.2),0px 1px 1px 0px rgba(0,0,0,0.14),0px 1px 3px 0px rgba(0,0,0,0.12);"
    >
      <h3
        class="MuiAccordion-heading emotion-3"
      >
        <button
          aria-expanded="false"
          class="MuiButtonBase-root MuiAccordionSummary-root MuiAccordionSummary-gutters columns-5 emotion-4"
          tabindex="0"
          type="button"
        >
          <span
            class="MuiAccordionSummary-content MuiAccordionSummary-contentGutters emotion-5"
          >
            <div />
            <div
              class="capitalized"
            >
              rejected
            </div>
            <a>
              show key
            </a>
            <time
              datetime="2020-09-21T12:40:34+00:00"
            >
              2020-09-21 12:40
            </time>
            <div
              class="action-buttons flexbox"
            >
              <a>
                Accept
              </a>
              <div>
                Reject
              </div>
              <a>
                Dismiss
              </a>
            </div>
          </span>
        </button>
      </h3>
      <div
        class="MuiCollapse-root MuiCollapse-vertical MuiCollapse-hidden emotion-8"
        style="min-height: 0px;"
      >
        <div
          class="MuiCollapse-wrapper MuiCollapse-vertical emotion-9"
        >
          <div
            class="MuiCollapse-wrapperInner MuiCollapse-vertical emotion-10"
          >
            <div
              class="MuiAccordion-region emotion-11"
              role="region"
            >
              <div
                class="MuiAccordionDetails-root emotion-12"
              >
                <div
                  style="flex-grow: 1;"
                />
                <p
                  class="bold expanded"
                >
                   Are you sure you want to continue?
                </p>
              </div>
            </div>
          </div>
        </div>
      </div>
    </div>
    <div
      class="MuiPaper-root MuiPaper-elevation MuiPaper-elevation1 MuiAccordion-root MuiAccordion-gutters emotion-2"
      style="--Paper-shadow: 0px 2px 1px -1px rgba(0,0,0,0.2),0px 1px 1px 0px rgba(0,0,0,0.14),0px 1px 3px 0px rgba(0,0,0,0.12);"
    >
      <h3
        class="MuiAccordion-heading emotion-3"
      >
        <button
          aria-expanded="false"
          class="MuiButtonBase-root MuiAccordionSummary-root MuiAccordionSummary-gutters columns-5 emotion-4"
          tabindex="0"
          type="button"
        >
          <span
            class="MuiAccordionSummary-content MuiAccordionSummary-contentGutters emotion-5"
          >
            <div />
            <div
              class="capitalized"
            >
              preauth
            </div>
            <a>
              show key
            </a>
            <time
              datetime="2020-09-21T12:39:34+00:00"
            >
              2020-09-21 12:39
            </time>
            <div
              class="action-buttons flexbox"
            >
              <a>
                Accept
              </a>
              <a>
                Reject
              </a>
              <a>
                Dismiss
              </a>
            </div>
          </span>
        </button>
      </h3>
      <div
        class="MuiCollapse-root MuiCollapse-vertical MuiCollapse-hidden emotion-8"
        style="min-height: 0px;"
      >
        <div
          class="MuiCollapse-wrapper MuiCollapse-vertical emotion-9"
        >
          <div
            class="MuiCollapse-wrapperInner MuiCollapse-vertical emotion-10"
          >
            <div
              class="MuiAccordion-region emotion-11"
              role="region"
            >
              <div
                class="MuiAccordionDetails-root emotion-12"
              >
                <div
                  style="flex-grow: 1;"
                />
                <p
                  class="bold expanded"
                >
                   Are you sure you want to continue?
                </p>
              </div>
            </div>
          </div>
        </div>
      </div>
    </div>
  </div>
</div>
`;
