// Vitest Snapshot v1, https://vitest.dev/guide/snapshot.html

exports[`ProgressDeviceList Component > renders correctly 1`] = `
"<div
  class="flexbox space-between center-aligned margin-top"
>
  <div
    class="flexbox"
  >
    <div
      class="MuiTablePagination-root flexbox margin-top margin-top-none css-7mt0f-MuiTablePagination-root"
    >
      <div
        class="MuiToolbar-root MuiToolbar-gutters MuiToolbar-regular MuiTablePagination-toolbar css-1gak8h1-MuiToolbar-root-MuiTablePagination-toolbar"
      >
        <div
          class="MuiTablePagination-spacer flexbox no-basis css-1wtxofq-MuiTablePagination-spacer"
        />
        <p
          class="MuiTablePagination-selectLabel css-s09cke-MuiTablePagination-selectLabel"
          id="«r2»"
        >
          Rows per page:
        </p>
        <div
          class="MuiInputBase-root MuiInputBase-colorPrimary MuiTablePagination-select MuiSelect-root MuiTablePagination-input css-oegngy-MuiInputBase-root-MuiTablePagination-select"
        >
          <div
            aria-expanded="false"
            aria-haspopup="listbox"
            aria-labelledby="«r2» «r1»"
            class="MuiSelect-select MuiTablePagination-select MuiSelect-standard MuiInputBase-input css-18zjd9i-MuiNativeSelect-root-MuiSelect-select-MuiInputBase-input"
            id="«r1»"
            role="combobox"
            tabindex="0"
          >
            10
          </div>
          <input
            aria-hidden="true"
            aria-invalid="false"
            class="MuiSelect-nativeInput css-j0riat-MuiSelect-nativeInput"
            name="pagination"
            tabindex="-1"
            value="10"
          />
          <svg
            aria-hidden="true"
            class="MuiSvgIcon-root MuiSvgIcon-fontSizeMedium MuiSelect-icon MuiTablePagination-selectIcon MuiSelect-iconStandard css-ug7h84-MuiSvgIcon-root-MuiNativeSelect-root-MuiSelect-icon"
            data-testid="ArrowDropDownIcon"
            focusable="false"
            viewBox="0 0 24 24"
          >
            <path
              d="M7 10l5 5 5-5z"
            />
          </svg>
        </div>
        <p
          class="MuiTablePagination-displayedRows css-11cfq65-MuiTablePagination-displayedRows"
        />
        <div>
          1-1 of 1
        </div>
        <button
          aria-label="prev"
          class="MuiButtonBase-root Mui-disabled MuiIconButton-root Mui-disabled MuiIconButton-sizeLarge margin-left-small css-154kngp-MuiButtonBase-root-MuiIconButton-root"
          disabled=""
          tabindex="-1"
          type="button"
        >
          <svg
            aria-hidden="true"
            class="MuiSvgIcon-root MuiSvgIcon-fontSizeMedium css-1umw9bq-MuiSvgIcon-root"
            data-testid="KeyboardArrowLeftIcon"
            focusable="false"
            viewBox="0 0 24 24"
          >
            <path
              d="M15.41 16.59 10.83 12l4.58-4.59L14 6l-6 6 6 6z"
            />
          </svg>
        </button>
        <div>
          <button
            aria-label="next"
            class="MuiButtonBase-root Mui-disabled MuiIconButton-root Mui-disabled MuiIconButton-sizeLarge css-154kngp-MuiButtonBase-root-MuiIconButton-root"
            disabled=""
            tabindex="-1"
            type="button"
          >
            <svg
              aria-hidden="true"
              class="MuiSvgIcon-root MuiSvgIcon-fontSizeMedium css-1umw9bq-MuiSvgIcon-root"
              data-testid="KeyboardArrowRightIcon"
              focusable="false"
              viewBox="0 0 24 24"
            >
              <path
                d="M8.59 16.59 13.17 12 8.59 7.41 10 6l6 6-6 6z"
              />
            </svg>
          </button>
        </div>
      </div>
    </div>
    <div
      class="loaderContainer shrunk"
    >
      <div
        class="small  loader"
      >
        <span
          class="dot dot_1"
        />
        <span
          class="dot dot_2"
        />
        <span
          class="dot dot_3"
        />
        <span
          class="dot dot_4"
        />
      </div>
    </div>
  </div>
  <div
    class="break-all two-columns css-11rvwt0-root compact "
  >
    <div
      class="align-right  muted"
    >
      <b>
        Total download size
      </b>
    </div>
    <div>
      1.21 KB
    </div>
  </div>
</div>"
`;
