// Jest Snapshot v1, https://goo.gl/fbAQLP

exports[`SamlConfig Component renders correctly 1`] = `
.emotion-0 {
  -webkit-align-items: start;
  -webkit-box-align: start;
  -ms-flex-align: start;
  align-items: start;
  -webkit-column-gap: 16px;
  column-gap: 16px;
  display: grid;
  grid-template-columns: minmax(max-content, 500px) max-content max-content;
  position: relative;
}

.emotion-0.has-sso {
  grid-template-columns: 455px 1fr;
}

.emotion-1 {
  display: -webkit-inline-box;
  display: -webkit-inline-flex;
  display: -ms-inline-flexbox;
  display: inline-flex;
  -webkit-align-items: center;
  -webkit-box-align: center;
  -ms-flex-align: center;
  align-items: center;
  -webkit-box-pack: center;
  -ms-flex-pack: center;
  -webkit-justify-content: center;
  justify-content: center;
  position: relative;
  box-sizing: border-box;
  -webkit-tap-highlight-color: transparent;
  background-color: transparent;
  outline: 0;
  border: 0;
  margin: 0;
  border-radius: 0;
  padding: 0;
  cursor: pointer;
  -webkit-user-select: none;
  -moz-user-select: none;
  -ms-user-select: none;
  user-select: none;
  vertical-align: middle;
  -moz-appearance: none;
  -webkit-appearance: none;
  -webkit-text-decoration: none;
  text-decoration: none;
  color: inherit;
  font-family: Lato,sans-serif;
  font-weight: 500;
  font-size: 0.8125rem;
  line-height: 1.75;
  text-transform: uppercase;
  min-width: 64px;
  padding: 6px 16px;
  border: 0;
  border-radius: 4px;
  -webkit-transition: background-color 250ms cubic-bezier(0.4, 0, 0.2, 1) 0ms,box-shadow 250ms cubic-bezier(0.4, 0, 0.2, 1) 0ms,border-color 250ms cubic-bezier(0.4, 0, 0.2, 1) 0ms,color 250ms cubic-bezier(0.4, 0, 0.2, 1) 0ms;
  transition: background-color 250ms cubic-bezier(0.4, 0, 0.2, 1) 0ms,box-shadow 250ms cubic-bezier(0.4, 0, 0.2, 1) 0ms,border-color 250ms cubic-bezier(0.4, 0, 0.2, 1) 0ms,color 250ms cubic-bezier(0.4, 0, 0.2, 1) 0ms;
  padding: 6px 8px;
  color: var(--variant-textColor);
  background-color: var(--variant-textBg);
  --variant-textColor: #337a87;
  --variant-outlinedColor: #337a87;
  --variant-outlinedBorder: rgba(51, 122, 135, 0.5);
  --variant-containedColor: #fff;
  --variant-containedBg: #337a87;
  -webkit-transition: background-color 250ms cubic-bezier(0.4, 0, 0.2, 1) 0ms,box-shadow 250ms cubic-bezier(0.4, 0, 0.2, 1) 0ms,border-color 250ms cubic-bezier(0.4, 0, 0.2, 1) 0ms;
  transition: background-color 250ms cubic-bezier(0.4, 0, 0.2, 1) 0ms,box-shadow 250ms cubic-bezier(0.4, 0, 0.2, 1) 0ms,border-color 250ms cubic-bezier(0.4, 0, 0.2, 1) 0ms;
  border-radius: 2px;
  font-size: 14px;
  font-weight: bold;
  padding: 10px 15px;
}

.emotion-1::-moz-focus-inner {
  border-style: none;
}

.emotion-1.Mui-disabled {
  pointer-events: none;
  cursor: default;
}

@media print {
  .emotion-1 {
    -webkit-print-color-adjust: exact;
    color-adjust: exact;
  }
}

.emotion-1:hover {
  -webkit-text-decoration: none;
  text-decoration: none;
}

.emotion-1.Mui-disabled {
  color: rgba(0, 0, 0, 0.26);
}

@media (hover: hover) {
  .emotion-1:hover {
    --variant-containedBg: rgb(35, 85, 94);
    --variant-textBg: rgba(51, 122, 135, 0.04);
    --variant-outlinedBorder: #337a87;
    --variant-outlinedBg: rgba(51, 122, 135, 0.04);
  }
}

.emotion-1.MuiButton-loading {
  color: transparent;
}

.emotion-1:hover {
  colors: #337a87;
}

.emotion-1.MuiButton-text {
  color: rgba(10, 10, 11, 0.78);
}

.emotion-2 {
  max-width: 500px;
}

.emotion-2 .MuiListItemText-primary {
  color: rgba(0, 0, 0, 0.38);
  font-size: smaller;
}

.emotion-3 {
  display: -webkit-box;
  display: -webkit-flex;
  display: -ms-flexbox;
  display: flex;
  -webkit-box-pack: start;
  -ms-flex-pack: start;
  -webkit-justify-content: flex-start;
  justify-content: flex-start;
  -webkit-align-items: center;
  -webkit-box-align: center;
  -ms-flex-align: center;
  align-items: center;
  position: relative;
  -webkit-text-decoration: none;
  text-decoration: none;
  width: 100%;
  box-sizing: border-box;
  text-align: left;
  padding-top: 8px;
  padding-bottom: 8px;
  padding-top: 11px;
  padding-bottom: 11px;
}

.emotion-3.undefined {
  opacity: 1;
}

.emotion-3.active {
  background-color: #fff;
}

.emotion-3.leftNav.active {
  border-top: 1px solid #d4e9e7;
  border-bottom: 1px solid #d4e9e7;
}

.emotion-3.navLink,
.emotion-3.navLink .MuiListItemText-root {
  color: #969696;
}

.emotion-4 {
  -webkit-flex: 1 1 auto;
  -ms-flex: 1 1 auto;
  flex: 1 1 auto;
  min-width: 0;
  margin-top: 4px;
  margin-bottom: 4px;
  margin-top: 6px;
  margin-bottom: 6px;
  margin-top: 0;
  margin-bottom: 0;
  color: rgba(10, 10, 11, 0.78);
}

.MuiTypography-root:where(.emotion-4 .MuiListItemText-primary) {
  display: block;
}

.MuiTypography-root:where(.emotion-4 .MuiListItemText-secondary) {
  display: block;
}

.emotion-5 {
  margin: 0;
  line-height: 1.5;
  font-family: Lato,sans-serif;
  font-weight: 400;
  font-size: 0.9286rem;
}

.emotion-6 {
  margin: 0;
  font-family: Lato,sans-serif;
  font-weight: 400;
  font-size: 0.8125rem;
  line-height: 1.43;
  color: rgba(0, 0, 0, 0.54);
}

.emotion-7 {
  -webkit-user-select: none;
  -moz-user-select: none;
  -ms-user-select: none;
  user-select: none;
  width: 1em;
  height: 1em;
  display: inline-block;
  -webkit-flex-shrink: 0;
  -ms-flex-negative: 0;
  flex-shrink: 0;
  -webkit-transition: fill 200ms cubic-bezier(0.4, 0, 0.2, 1) 0ms;
  transition: fill 200ms cubic-bezier(0.4, 0, 0.2, 1) 0ms;
  fill: currentColor;
  font-size: 1.1607rem;
}

.emotion-7 iconButton {
  margin-right: 8px;
}

<div>
  <div
    class="flexbox center-aligned emotion-0 has-sso"
  >
    <a>
      View metadata in the text editor
    </a>
    <div
      class="flexbox"
    >
      <button
        class="MuiButtonBase-root MuiButton-root MuiButton-text MuiButton-textPrimary MuiButton-sizeMedium MuiButton-textSizeMedium MuiButton-colorPrimary MuiButton-root MuiButton-text MuiButton-textPrimary MuiButton-sizeMedium MuiButton-textSizeMedium MuiButton-colorPrimary emotion-1"
        tabindex="0"
        type="button"
      >
        Edit
      </button>
    </div>
  </div>
  <div
    class="flexbox column margin-top"
  >
    <div
      class="emotion-2"
    >
      <li
        class="MuiListItem-root attributes copy-to-clipboard MuiListItem-padding emotion-3"
      >
        <div
          class="MuiListItemText-root MuiListItemText-multiline emotion-4"
        >
          <span
            class="MuiTypography-root MuiTypography-body1 MuiListItemText-primary emotion-5"
          >
            Entity ID
          </span>
          <div
            class="MuiTypography-root MuiTypography-body2 MuiListItemText-secondary emotion-6"
            title="http://localhost/api/management/v1/useradm/sso/sp/metadata/1"
          >
            <span
              class="inventory-text"
            >
              http://localhost/api/management/v1/useradm/sso/sp/metadata/1
            </span>
             
          </div>
        </div>
        <svg
          aria-hidden="true"
          aria-label="Copy to clipboard"
          class="MuiSvgIcon-root MuiSvgIcon-fontSizeSmall emotion-7"
          data-mui-internal-clone-element="true"
          data-testid="FileCopyOutlinedIcon"
          focusable="false"
          viewBox="0 0 24 24"
        >
          <path
            d="M16 1H4c-1.1 0-2 .9-2 2v14h2V3h12zm-1 4H8c-1.1 0-1.99.9-1.99 2L6 21c0 1.1.89 2 1.99 2H19c1.1 0 2-.9 2-2V11zM8 21V7h6v5h5v9z"
          />
        </svg>
      </li>
    </div>
    <div
      class="emotion-2"
    >
      <li
        class="MuiListItem-root attributes copy-to-clipboard MuiListItem-padding emotion-3"
      >
        <div
          class="MuiListItemText-root MuiListItemText-multiline emotion-4"
        >
          <span
            class="MuiTypography-root MuiTypography-body1 MuiListItemText-primary emotion-5"
          >
            ACS URL
          </span>
          <div
            class="MuiTypography-root MuiTypography-body2 MuiListItemText-secondary emotion-6"
            title="http://localhost/api/management/v1/useradm/auth/sso/1/acs"
          >
            <span
              class="inventory-text"
            >
              http://localhost/api/management/v1/useradm/auth/sso/1/acs
            </span>
             
          </div>
        </div>
        <svg
          aria-hidden="true"
          aria-label="Copy to clipboard"
          class="MuiSvgIcon-root MuiSvgIcon-fontSizeSmall emotion-7"
          data-mui-internal-clone-element="true"
          data-testid="FileCopyOutlinedIcon"
          focusable="false"
          viewBox="0 0 24 24"
        >
          <path
            d="M16 1H4c-1.1 0-2 .9-2 2v14h2V3h12zm-1 4H8c-1.1 0-1.99.9-1.99 2L6 21c0 1.1.89 2 1.99 2H19c1.1 0 2-.9 2-2V11zM8 21V7h6v5h5v9z"
          />
        </svg>
      </li>
    </div>
    <div
      class="emotion-2"
    >
      <li
        class="MuiListItem-root attributes copy-to-clipboard MuiListItem-padding emotion-3"
      >
        <div
          class="MuiListItemText-root MuiListItemText-multiline emotion-4"
        >
          <span
            class="MuiTypography-root MuiTypography-body1 MuiListItemText-primary emotion-5"
          >
            Start URL
          </span>
          <div
            class="MuiTypography-root MuiTypography-body2 MuiListItemText-secondary emotion-6"
            title="http://localhost/api/management/v1/useradm/auth/sso/1/login"
          >
            <span
              class="inventory-text"
            >
              http://localhost/api/management/v1/useradm/auth/sso/1/login
            </span>
             
          </div>
        </div>
        <svg
          aria-hidden="true"
          aria-label="Copy to clipboard"
          class="MuiSvgIcon-root MuiSvgIcon-fontSizeSmall emotion-7"
          data-mui-internal-clone-element="true"
          data-testid="FileCopyOutlinedIcon"
          focusable="false"
          viewBox="0 0 24 24"
        >
          <path
            d="M16 1H4c-1.1 0-2 .9-2 2v14h2V3h12zm-1 4H8c-1.1 0-1.99.9-1.99 2L6 21c0 1.1.89 2 1.99 2H19c1.1 0 2-.9 2-2V11zM8 21V7h6v5h5v9z"
          />
        </svg>
      </li>
    </div>
  </div>
</div>
`;
