// Jest Snapshot v1, https://goo.gl/fbAQLP

exports[`SSOEditor Component renders correctly 1`] = `
.emotion-0 {
  position: fixed;
  z-index: 1300;
  right: 0;
  bottom: 0;
  top: 0;
  left: 0;
  z-index: 1200;
}

.emotion-1 {
  position: fixed;
  display: -webkit-box;
  display: -webkit-flex;
  display: -ms-flexbox;
  display: flex;
  -webkit-align-items: center;
  -webkit-box-align: center;
  -ms-flex-align: center;
  align-items: center;
  -webkit-box-pack: center;
  -ms-flex-pack: center;
  -webkit-justify-content: center;
  justify-content: center;
  right: 0;
  bottom: 0;
  top: 0;
  left: 0;
  background-color: rgba(0, 0, 0, 0.5);
  -webkit-tap-highlight-color: transparent;
  z-index: -1;
}

.emotion-2 {
  background-color: #fff;
  color: rgba(10, 10, 11, 0.78);
  -webkit-transition: box-shadow 300ms cubic-bezier(0.4, 0, 0.2, 1) 0ms;
  transition: box-shadow 300ms cubic-bezier(0.4, 0, 0.2, 1) 0ms;
  box-shadow: var(--Paper-shadow);
  background-image: var(--Paper-overlay);
  overflow-y: auto;
  display: -webkit-box;
  display: -webkit-flex;
  display: -ms-flexbox;
  display: flex;
  -webkit-flex-direction: column;
  -ms-flex-direction: column;
  flex-direction: column;
  height: 100%;
  -webkit-flex: 1 0 auto;
  -ms-flex: 1 0 auto;
  flex: 1 0 auto;
  z-index: 1200;
  -webkit-overflow-scrolling: touch;
  position: fixed;
  top: 0;
  outline: 0;
  right: 0;
  min-width: 40vw;
  max-width: 80vw;
  padding: 30px 75px 5%;
}

.emotion-3 {
  display: -webkit-inline-box;
  display: -webkit-inline-flex;
  display: -ms-inline-flexbox;
  display: inline-flex;
  -webkit-align-items: center;
  -webkit-box-align: center;
  -ms-flex-align: center;
  align-items: center;
  -webkit-box-pack: center;
  -ms-flex-pack: center;
  -webkit-justify-content: center;
  justify-content: center;
  position: relative;
  box-sizing: border-box;
  -webkit-tap-highlight-color: transparent;
  background-color: transparent;
  outline: 0;
  border: 0;
  margin: 0;
  border-radius: 0;
  padding: 0;
  cursor: pointer;
  -webkit-user-select: none;
  -moz-user-select: none;
  -ms-user-select: none;
  user-select: none;
  vertical-align: middle;
  -moz-appearance: none;
  -webkit-appearance: none;
  -webkit-text-decoration: none;
  text-decoration: none;
  color: inherit;
  font-family: Lato,sans-serif;
  font-weight: 500;
  font-size: 0.8125rem;
  line-height: 1.75;
  text-transform: uppercase;
  min-width: 64px;
  padding: 6px 16px;
  border: 0;
  border-radius: 4px;
  -webkit-transition: background-color 250ms cubic-bezier(0.4, 0, 0.2, 1) 0ms,box-shadow 250ms cubic-bezier(0.4, 0, 0.2, 1) 0ms,border-color 250ms cubic-bezier(0.4, 0, 0.2, 1) 0ms,color 250ms cubic-bezier(0.4, 0, 0.2, 1) 0ms;
  transition: background-color 250ms cubic-bezier(0.4, 0, 0.2, 1) 0ms,box-shadow 250ms cubic-bezier(0.4, 0, 0.2, 1) 0ms,border-color 250ms cubic-bezier(0.4, 0, 0.2, 1) 0ms,color 250ms cubic-bezier(0.4, 0, 0.2, 1) 0ms;
  padding: 6px 8px;
  color: var(--variant-textColor);
  background-color: var(--variant-textBg);
  --variant-textColor: #5d0f43;
  --variant-outlinedColor: #5d0f43;
  --variant-outlinedBorder: rgba(93, 15, 67, 0.5);
  --variant-containedColor: #fff;
  --variant-containedBg: #5d0f43;
  -webkit-transition: background-color 250ms cubic-bezier(0.4, 0, 0.2, 1) 0ms,box-shadow 250ms cubic-bezier(0.4, 0, 0.2, 1) 0ms,border-color 250ms cubic-bezier(0.4, 0, 0.2, 1) 0ms;
  transition: background-color 250ms cubic-bezier(0.4, 0, 0.2, 1) 0ms,box-shadow 250ms cubic-bezier(0.4, 0, 0.2, 1) 0ms,border-color 250ms cubic-bezier(0.4, 0, 0.2, 1) 0ms;
  border-radius: 2px;
  font-size: 14px;
  font-weight: bold;
  padding: 10px 15px;
}

.emotion-3::-moz-focus-inner {
  border-style: none;
}

.emotion-3.Mui-disabled {
  pointer-events: none;
  cursor: default;
}

@media print {
  .emotion-3 {
    -webkit-print-color-adjust: exact;
    color-adjust: exact;
  }
}

.emotion-3:hover {
  -webkit-text-decoration: none;
  text-decoration: none;
}

.emotion-3.Mui-disabled {
  color: rgba(0, 0, 0, 0.26);
}

@media (hover: hover) {
  .emotion-3:hover {
    --variant-containedBg: rgb(65, 10, 46);
    --variant-textBg: rgba(93, 15, 67, 0.04);
    --variant-outlinedBorder: #5d0f43;
    --variant-outlinedBg: rgba(93, 15, 67, 0.04);
  }
}

.emotion-3.MuiButton-loading {
  color: transparent;
}

.emotion-3:hover {
  colors: #337a87;
}

.emotion-3.MuiButton-text {
  color: rgba(10, 10, 11, 0.78);
}

.emotion-4 {
  display: inherit;
  margin-right: 8px;
  margin-left: -4px;
}

.emotion-4>*:nth-of-type(1) {
  font-size: 20px;
}

.emotion-5 {
  -webkit-user-select: none;
  -moz-user-select: none;
  -ms-user-select: none;
  user-select: none;
  width: 1em;
  height: 1em;
  display: inline-block;
  -webkit-flex-shrink: 0;
  -ms-flex-negative: 0;
  flex-shrink: 0;
  -webkit-transition: fill 200ms cubic-bezier(0.4, 0, 0.2, 1) 0ms;
  transition: fill 200ms cubic-bezier(0.4, 0, 0.2, 1) 0ms;
  fill: currentColor;
  font-size: 1.1607rem;
}

.emotion-5 iconButton {
  margin-right: 8px;
}

.emotion-6 {
  display: -webkit-inline-box;
  display: -webkit-inline-flex;
  display: -ms-inline-flexbox;
  display: inline-flex;
  -webkit-align-items: center;
  -webkit-box-align: center;
  -ms-flex-align: center;
  align-items: center;
  -webkit-box-pack: center;
  -ms-flex-pack: center;
  -webkit-justify-content: center;
  justify-content: center;
  position: relative;
  box-sizing: border-box;
  -webkit-tap-highlight-color: transparent;
  background-color: transparent;
  outline: 0;
  border: 0;
  margin: 0;
  border-radius: 0;
  padding: 0;
  cursor: pointer;
  -webkit-user-select: none;
  -moz-user-select: none;
  -ms-user-select: none;
  user-select: none;
  vertical-align: middle;
  -moz-appearance: none;
  -webkit-appearance: none;
  -webkit-text-decoration: none;
  text-decoration: none;
  color: inherit;
  text-align: center;
  -webkit-flex: 0 0 auto;
  -ms-flex: 0 0 auto;
  flex: 0 0 auto;
  font-size: 1.3929rem;
  padding: 8px;
  border-radius: 50%;
  color: rgba(0, 0, 0, 0.54);
  -webkit-transition: background-color 150ms cubic-bezier(0.4, 0, 0.2, 1) 0ms;
  transition: background-color 150ms cubic-bezier(0.4, 0, 0.2, 1) 0ms;
  --IconButton-hoverBg: rgba(0, 0, 0, 0.04);
  padding: 12px;
  font-size: 1.625rem;
  font-size: 1.2rem;
  color: rgba(0, 0, 0, 0.54);
}

.emotion-6::-moz-focus-inner {
  border-style: none;
}

.emotion-6.Mui-disabled {
  pointer-events: none;
  cursor: default;
}

@media print {
  .emotion-6 {
    -webkit-print-color-adjust: exact;
    color-adjust: exact;
  }
}

.emotion-6:hover {
  background-color: var(--IconButton-hoverBg);
}

@media (hover: none) {
  .emotion-6:hover {
    background-color: transparent;
  }
}

.emotion-6.Mui-disabled {
  background-color: transparent;
  color: rgba(0, 0, 0, 0.26);
}

.emotion-6.MuiIconButton-loading {
  color: transparent;
}

.emotion-7 {
  -webkit-user-select: none;
  -moz-user-select: none;
  -ms-user-select: none;
  user-select: none;
  width: 1em;
  height: 1em;
  display: inline-block;
  -webkit-flex-shrink: 0;
  -ms-flex-negative: 0;
  flex-shrink: 0;
  -webkit-transition: fill 200ms cubic-bezier(0.4, 0, 0.2, 1) 0ms;
  transition: fill 200ms cubic-bezier(0.4, 0, 0.2, 1) 0ms;
  fill: currentColor;
  font-size: 1.3929rem;
}

.emotion-7 iconButton {
  margin-right: 8px;
}

.emotion-8 {
  margin: 0;
  -webkit-flex-shrink: 0;
  -ms-flex-negative: 0;
  flex-shrink: 0;
  border-width: 0;
  border-style: solid;
  border-color: rgba(0, 0, 0, 0.12);
  border-bottom-width: thin;
  border-color: rgba(0, 0, 0, 0.08);
}

.emotion-10 {
  display: -webkit-inline-box;
  display: -webkit-inline-flex;
  display: -ms-inline-flexbox;
  display: inline-flex;
  -webkit-align-items: center;
  -webkit-box-align: center;
  -ms-flex-align: center;
  align-items: center;
  -webkit-box-pack: center;
  -ms-flex-pack: center;
  -webkit-justify-content: center;
  justify-content: center;
  position: relative;
  box-sizing: border-box;
  -webkit-tap-highlight-color: transparent;
  background-color: transparent;
  outline: 0;
  border: 0;
  margin: 0;
  border-radius: 0;
  padding: 0;
  cursor: pointer;
  -webkit-user-select: none;
  -moz-user-select: none;
  -ms-user-select: none;
  user-select: none;
  vertical-align: middle;
  -moz-appearance: none;
  -webkit-appearance: none;
  -webkit-text-decoration: none;
  text-decoration: none;
  color: inherit;
  font-family: Lato,sans-serif;
  font-weight: 500;
  font-size: 0.8125rem;
  line-height: 1.75;
  text-transform: uppercase;
  min-width: 64px;
  padding: 6px 16px;
  border: 0;
  border-radius: 4px;
  -webkit-transition: background-color 250ms cubic-bezier(0.4, 0, 0.2, 1) 0ms,box-shadow 250ms cubic-bezier(0.4, 0, 0.2, 1) 0ms,border-color 250ms cubic-bezier(0.4, 0, 0.2, 1) 0ms,color 250ms cubic-bezier(0.4, 0, 0.2, 1) 0ms;
  transition: background-color 250ms cubic-bezier(0.4, 0, 0.2, 1) 0ms,box-shadow 250ms cubic-bezier(0.4, 0, 0.2, 1) 0ms,border-color 250ms cubic-bezier(0.4, 0, 0.2, 1) 0ms,color 250ms cubic-bezier(0.4, 0, 0.2, 1) 0ms;
  padding: 6px 8px;
  color: var(--variant-textColor);
  background-color: var(--variant-textBg);
  --variant-textColor: #337a87;
  --variant-outlinedColor: #337a87;
  --variant-outlinedBorder: rgba(51, 122, 135, 0.5);
  --variant-containedColor: #fff;
  --variant-containedBg: #337a87;
  -webkit-transition: background-color 250ms cubic-bezier(0.4, 0, 0.2, 1) 0ms,box-shadow 250ms cubic-bezier(0.4, 0, 0.2, 1) 0ms,border-color 250ms cubic-bezier(0.4, 0, 0.2, 1) 0ms;
  transition: background-color 250ms cubic-bezier(0.4, 0, 0.2, 1) 0ms,box-shadow 250ms cubic-bezier(0.4, 0, 0.2, 1) 0ms,border-color 250ms cubic-bezier(0.4, 0, 0.2, 1) 0ms;
  border-radius: 2px;
  font-size: 14px;
  font-weight: bold;
  padding: 10px 15px;
}

.emotion-10::-moz-focus-inner {
  border-style: none;
}

.emotion-10.Mui-disabled {
  pointer-events: none;
  cursor: default;
}

@media print {
  .emotion-10 {
    -webkit-print-color-adjust: exact;
    color-adjust: exact;
  }
}

.emotion-10:hover {
  -webkit-text-decoration: none;
  text-decoration: none;
}

.emotion-10.Mui-disabled {
  color: rgba(0, 0, 0, 0.26);
}

@media (hover: hover) {
  .emotion-10:hover {
    --variant-containedBg: rgb(35, 85, 94);
    --variant-textBg: rgba(51, 122, 135, 0.04);
    --variant-outlinedBorder: #337a87;
    --variant-outlinedBg: rgba(51, 122, 135, 0.04);
  }
}

.emotion-10.MuiButton-loading {
  color: transparent;
}

.emotion-10:hover {
  colors: #337a87;
}

.emotion-10.MuiButton-text {
  color: rgba(10, 10, 11, 0.78);
}

<body
  style="padding-right: 1024px; overflow: hidden;"
>
  <div
    aria-hidden="true"
  />
  <div
    class="MuiDrawer-root MuiDrawer-anchorRight MuiDrawer-modal fadeIn MuiModal-root emotion-0"
    role="presentation"
  >
    <div
      aria-hidden="true"
      class="MuiBackdrop-root MuiModal-backdrop emotion-1"
      style="opacity: 1; webkit-transition: opacity 225ms cubic-bezier(0.4, 0, 0.2, 1) 0ms; transition: opacity 225ms cubic-bezier(0.4, 0, 0.2, 1) 0ms;"
    />
    <div
      data-testid="sentinelStart"
      tabindex="0"
    />
    <div
      aria-modal="true"
      class="MuiPaper-root MuiPaper-elevation MuiPaper-elevation16 MuiDrawer-paper MuiDrawer-paperAnchorRight emotion-2"
      role="dialog"
      style="--Paper-shadow: 0px 8px 10px -5px rgba(0,0,0,0.2),0px 16px 24px 2px rgba(0,0,0,0.14),0px 6px 30px 5px rgba(0,0,0,0.12); min-width: 75vw;"
      tabindex="-1"
    >
      <div
        class="flexbox margin-bottom-small space-between"
      >
        <div
          class="flexbox center-aligned"
        >
          <h3
            class="capitalized-start flexbox center-aligned"
          >
            SAML metadata
          </h3>
        </div>
        <div
          class="flexbox center-aligned"
        >
          <div
            role="presentation"
            tabindex="0"
          >
            <input
              style="border: 0px; clip: rect(0px, 0px, 0px, 0px); clip-path: inset(50%); height: 1px; margin: 0px -1px -1px 0px; overflow: hidden; padding: 0px; position: absolute; width: 1px; white-space: nowrap;"
              tabindex="-1"
              type="file"
            />
            <button
              class="MuiButtonBase-root MuiButton-root MuiButton-text MuiButton-textSecondary MuiButton-sizeMedium MuiButton-textSizeMedium MuiButton-colorSecondary MuiButton-root MuiButton-text MuiButton-textSecondary MuiButton-sizeMedium MuiButton-textSizeMedium MuiButton-colorSecondary emotion-3"
              tabindex="0"
              type="button"
            >
              <span
                class="MuiButton-icon MuiButton-startIcon MuiButton-iconSizeMedium emotion-4"
              >
                <svg
                  aria-hidden="true"
                  class="MuiSvgIcon-root MuiSvgIcon-fontSizeSmall emotion-5"
                  data-testid="CloudUploadIcon"
                  focusable="false"
                  viewBox="0 0 24 24"
                >
                  <path
                    d="M19.35 10.04C18.67 6.59 15.64 4 12 4 9.11 4 6.6 5.64 5.35 8.04 2.34 8.36 0 10.91 0 14c0 3.31 2.69 6 6 6h13c2.76 0 5-2.24 5-5 0-2.64-2.05-4.78-4.65-4.96M14 13v4h-4v-4H7l5-5 5 5z"
                  />
                </svg>
              </span>
              Import from a file
            </button>
          </div>
          <button
            aria-label="close"
            class="MuiButtonBase-root MuiIconButton-root MuiIconButton-sizeLarge emotion-6"
            tabindex="0"
            type="button"
          >
            <svg
              aria-hidden="true"
              class="MuiSvgIcon-root MuiSvgIcon-fontSizeMedium emotion-7"
              data-testid="CloseIcon"
              focusable="false"
              viewBox="0 0 24 24"
            >
              <path
                d="M19 6.41 17.59 5 12 10.59 6.41 5 5 6.41 10.59 12 5 17.59 6.41 19 12 13.41 17.59 19 19 17.59 13.41 12z"
              />
            </svg>
          </button>
        </div>
      </div>
      <hr
        class="MuiDivider-root MuiDivider-fullWidth MuiDivider-light emotion-8"
      />
      <section
        style="display: flex; position: relative; text-align: initial; width: 100%; height: 700px;"
      >
        <div
          style="display: flex; height: 100%; width: 100%; justify-content: center; align-items: center;"
        >
          <div
            class="loaderContainer"
          >
            <div
              class="  loader"
            >
              <span
                class="dot dot_1"
              />
              <span
                class="dot dot_2"
              />
              <span
                class="dot dot_3"
              />
              <span
                class="dot dot_4"
              />
            </div>
          </div>
        </div>
        <div
          class="editor modified"
          style="width: 100%; display: none;"
        />
      </section>
      <hr
        class="MuiDivider-root MuiDivider-fullWidth MuiDivider-light margin-top-large margin-bottom emotion-8"
      />
      <div>
        <div
          class="flexbox center-aligned"
        >
          <button
            class="MuiButtonBase-root MuiButton-root MuiButton-text MuiButton-textPrimary MuiButton-sizeMedium MuiButton-textSizeMedium MuiButton-colorPrimary MuiButton-root MuiButton-text MuiButton-textPrimary MuiButton-sizeMedium MuiButton-textSizeMedium MuiButton-colorPrimary emotion-10"
            tabindex="0"
            type="button"
          >
            Edit
          </button>
          <button
            class="MuiButtonBase-root MuiButton-root MuiButton-text MuiButton-textPrimary MuiButton-sizeMedium MuiButton-textSizeMedium MuiButton-colorPrimary MuiButton-root MuiButton-text MuiButton-textPrimary MuiButton-sizeMedium MuiButton-textSizeMedium MuiButton-colorPrimary emotion-10"
            tabindex="0"
            type="button"
          >
            Download file
          </button>
          <button
            class="MuiButtonBase-root MuiButton-root MuiButton-text MuiButton-textPrimary MuiButton-sizeMedium MuiButton-textSizeMedium MuiButton-colorPrimary MuiButton-root MuiButton-text MuiButton-textPrimary MuiButton-sizeMedium MuiButton-textSizeMedium MuiButton-colorPrimary emotion-10"
            tabindex="0"
            type="button"
          >
            <span
              class="MuiButton-icon MuiButton-startIcon MuiButton-iconSizeMedium emotion-4"
            >
              <svg
                aria-hidden="true"
                class="MuiSvgIcon-root MuiSvgIcon-fontSizeMedium emotion-7"
                data-testid="FileCopyOutlinedIcon"
                focusable="false"
                viewBox="0 0 24 24"
              >
                <path
                  d="M16 1H4c-1.1 0-2 .9-2 2v14h2V3h12zm-1 4H8c-1.1 0-1.99.9-1.99 2L6 21c0 1.1.89 2 1.99 2H19c1.1 0 2-.9 2-2V11zM8 21V7h6v5h5v9z"
                />
              </svg>
            </span>
            Copy to clipboard
          </button>
        </div>
      </div>
    </div>
    <div
      data-testid="sentinelEnd"
      tabindex="0"
    />
  </div>
  <script
    src="/ui/vs/loader.js"
  />
</body>
`;
