// Jest Snapshot v1, https://goo.gl/fbAQLP

exports[`AddonSelection component renders correctly 1`] = `
.emotion-0 {
  display: grid;
  grid-template-columns: max-content 1fr max-content max-content;
  grid-template-rows: repeat(3, minmax(35px, auto));
}

.emotion-1 {
  border-bottom: 1px solid #e6f2f1;
}

.emotion-2 {
  -webkit-user-select: none;
  -moz-user-select: none;
  -ms-user-select: none;
  user-select: none;
  width: 1em;
  height: 1em;
  display: inline-block;
  -webkit-flex-shrink: 0;
  -ms-flex-negative: 0;
  flex-shrink: 0;
  -webkit-transition: fill 200ms cubic-bezier(0.4, 0, 0.2, 1) 0ms;
  transition: fill 200ms cubic-bezier(0.4, 0, 0.2, 1) 0ms;
  fill: currentColor;
  font-size: 1.1607rem;
}

.emotion-2 iconButton {
  margin-right: 8px;
}

.emotion-5 {
  padding-top: 5px;
}

.emotion-6 {
  display: -webkit-inline-box;
  display: -webkit-inline-flex;
  display: -ms-inline-flexbox;
  display: inline-flex;
  -webkit-align-items: center;
  -webkit-box-align: center;
  -ms-flex-align: center;
  align-items: center;
  -webkit-box-pack: center;
  -ms-flex-pack: center;
  -webkit-justify-content: center;
  justify-content: center;
  position: relative;
  box-sizing: border-box;
  -webkit-tap-highlight-color: transparent;
  background-color: transparent;
  outline: 0;
  border: 0;
  margin: 0;
  border-radius: 0;
  padding: 0;
  cursor: pointer;
  -webkit-user-select: none;
  -moz-user-select: none;
  -ms-user-select: none;
  user-select: none;
  vertical-align: middle;
  -moz-appearance: none;
  -webkit-appearance: none;
  -webkit-text-decoration: none;
  text-decoration: none;
  color: inherit;
  font-family: Lato,sans-serif;
  font-weight: 500;
  font-size: 0.8125rem;
  line-height: 1.75;
  text-transform: uppercase;
  min-width: 64px;
  padding: 6px 16px;
  border: 0;
  border-radius: 4px;
  -webkit-transition: background-color 250ms cubic-bezier(0.4, 0, 0.2, 1) 0ms,box-shadow 250ms cubic-bezier(0.4, 0, 0.2, 1) 0ms,border-color 250ms cubic-bezier(0.4, 0, 0.2, 1) 0ms,color 250ms cubic-bezier(0.4, 0, 0.2, 1) 0ms;
  transition: background-color 250ms cubic-bezier(0.4, 0, 0.2, 1) 0ms,box-shadow 250ms cubic-bezier(0.4, 0, 0.2, 1) 0ms,border-color 250ms cubic-bezier(0.4, 0, 0.2, 1) 0ms,color 250ms cubic-bezier(0.4, 0, 0.2, 1) 0ms;
  padding: 6px 8px;
  color: var(--variant-textColor);
  background-color: var(--variant-textBg);
  --variant-textColor: #337a87;
  --variant-outlinedColor: #337a87;
  --variant-outlinedBorder: rgba(51, 122, 135, 0.5);
  --variant-containedColor: #fff;
  --variant-containedBg: #337a87;
  -webkit-transition: background-color 250ms cubic-bezier(0.4, 0, 0.2, 1) 0ms,box-shadow 250ms cubic-bezier(0.4, 0, 0.2, 1) 0ms,border-color 250ms cubic-bezier(0.4, 0, 0.2, 1) 0ms;
  transition: background-color 250ms cubic-bezier(0.4, 0, 0.2, 1) 0ms,box-shadow 250ms cubic-bezier(0.4, 0, 0.2, 1) 0ms,border-color 250ms cubic-bezier(0.4, 0, 0.2, 1) 0ms;
  border-radius: 2px;
  font-size: 14px;
  font-weight: bold;
  padding: 10px 15px;
  text-transform: none;
  padding: 2px 5px;
  border-bottom: 1px solid #e6f2f1;
}

.emotion-6::-moz-focus-inner {
  border-style: none;
}

.emotion-6.Mui-disabled {
  pointer-events: none;
  cursor: default;
}

@media print {
  .emotion-6 {
    -webkit-print-color-adjust: exact;
    color-adjust: exact;
  }
}

.emotion-6:hover {
  -webkit-text-decoration: none;
  text-decoration: none;
}

.emotion-6.Mui-disabled {
  color: rgba(0, 0, 0, 0.26);
}

@media (hover: hover) {
  .emotion-6:hover {
    --variant-containedBg: rgb(35, 85, 94);
    --variant-textBg: rgba(51, 122, 135, 0.04);
    --variant-outlinedBorder: #337a87;
    --variant-outlinedBg: rgba(51, 122, 135, 0.04);
  }
}

.emotion-6.MuiButton-loading {
  color: transparent;
}

.emotion-6:hover {
  colors: #337a87;
}

.emotion-6.MuiButton-text {
  color: rgba(10, 10, 11, 0.78);
}

.emotion-6.MuiButton-text.addButton {
  color: #337a87;
}

.emotion-6.MuiButton-text.removeButton {
  color: #8e577b;
  background-color: #fff;
}

.emotion-7 {
  width: 140px;
}

<div>
  <h3
    class="margin-top-large"
  >
    Get more features with add-ons
  </h3>
  <div
    class="flexbox column"
  >
    <p>
      Enhance your Mender plan with optional add-on packages – offering additional features to easily manage your software and devices over-the-air. Below you can request which add-ons you’d like to be included with your plan.
    </p>
    <div
      class="emotion-0"
    >
      <a
        class="flexbox center-aligned bold   emotion-1"
        href="https://mender.io/pricing/add-ons/configure"
        rel="noopener noreferrer"
        target="_blank"
      >
        Mender 
        Configure
        <svg
          aria-hidden="true"
          class="MuiSvgIcon-root MuiSvgIcon-fontSizeSmall link-color margin-left-x-small emotion-2"
          data-testid="LaunchIcon"
          focusable="false"
          viewBox="0 0 24 24"
        >
          <path
            d="M19 19H5V5h7V3H5c-1.11 0-2 .9-2 2v14c0 1.1.89 2 2 2h14c1.1 0 2-.9 2-2v-7h-2zM14 3v2h3.59l-9.83 9.83 1.41 1.41L19 6.41V10h2V3z"
          />
        </svg>
      </a>
      <div
        class="emotion-1   emotion-1 emotion-5 padding-left-small"
      >
        starting 
        <b>
          $65/month
        </b>
      </div>
      <button
        class="MuiButtonBase-root MuiButton-root MuiButton-text MuiButton-textPrimary MuiButton-sizeMedium MuiButton-textSizeMedium MuiButton-colorPrimary MuiButton-root MuiButton-text MuiButton-textPrimary MuiButton-sizeMedium MuiButton-textSizeMedium MuiButton-colorPrimary addButton emotion-6"
        tabindex="0"
        type="button"
      >
        Add to plan
      </button>
      <div
        class="emotion-7   emotion-1"
      />
      <a
        class="flexbox center-aligned bold   emotion-1"
        href="https://mender.io/pricing/add-ons/monitor"
        rel="noopener noreferrer"
        target="_blank"
      >
        Mender 
        Monitor
        <svg
          aria-hidden="true"
          class="MuiSvgIcon-root MuiSvgIcon-fontSizeSmall link-color margin-left-x-small emotion-2"
          data-testid="LaunchIcon"
          focusable="false"
          viewBox="0 0 24 24"
        >
          <path
            d="M19 19H5V5h7V3H5c-1.11 0-2 .9-2 2v14c0 1.1.89 2 2 2h14c1.1 0 2-.9 2-2v-7h-2zM14 3v2h3.59l-9.83 9.83 1.41 1.41L19 6.41V10h2V3z"
          />
        </svg>
      </a>
      <div
        class="emotion-1   emotion-1 emotion-5 padding-left-small"
      >
        starting 
        <b>
          $86/month
        </b>
      </div>
      <button
        class="MuiButtonBase-root MuiButton-root MuiButton-text MuiButton-textPrimary MuiButton-sizeMedium MuiButton-textSizeMedium MuiButton-colorPrimary MuiButton-root MuiButton-text MuiButton-textPrimary MuiButton-sizeMedium MuiButton-textSizeMedium MuiButton-colorPrimary addButton emotion-6"
        tabindex="0"
        type="button"
      >
        Add to plan
      </button>
      <div
        class="emotion-7   emotion-1"
      />
      <a
        class="flexbox center-aligned bold   emotion-1"
        href="https://mender.io/pricing/add-ons/troubleshoot"
        rel="noopener noreferrer"
        target="_blank"
      >
        Mender 
        Troubleshoot
        <svg
          aria-hidden="true"
          class="MuiSvgIcon-root MuiSvgIcon-fontSizeSmall link-color margin-left-x-small emotion-2"
          data-testid="LaunchIcon"
          focusable="false"
          viewBox="0 0 24 24"
        >
          <path
            d="M19 19H5V5h7V3H5c-1.11 0-2 .9-2 2v14c0 1.1.89 2 2 2h14c1.1 0 2-.9 2-2v-7h-2zM14 3v2h3.59l-9.83 9.83 1.41 1.41L19 6.41V10h2V3z"
          />
        </svg>
      </a>
      <div
        class="emotion-1   emotion-1 emotion-5 padding-left-small"
      >
        starting 
        <b>
          $72/month
        </b>
      </div>
      <button
        class="MuiButtonBase-root MuiButton-root MuiButton-text MuiButton-textPrimary MuiButton-sizeMedium MuiButton-textSizeMedium MuiButton-colorPrimary MuiButton-root MuiButton-text MuiButton-textPrimary MuiButton-sizeMedium MuiButton-textSizeMedium MuiButton-colorPrimary addButton emotion-6"
        tabindex="0"
        type="button"
      >
        Add to plan
      </button>
      <div
        class="emotion-7   emotion-1"
      />
    </div>
  </div>
</div>
`;
