// Jest Snapshot v1, https://goo.gl/fbAQLP

exports[`Upgrade Component renders correctly 1`] = `
.emotion-0 {
  padding: 22px 16px;
  border-radius: 5px;
  vertical-align: top;
  width: 32%;
  display: -webkit-box;
  display: -webkit-flex;
  display: -ms-flexbox;
  display: flex;
  -webkit-flex-direction: column;
  -ms-flex-direction: column;
  flex-direction: column;
  -webkit-box-pack: justify;
  -webkit-justify-content: space-between;
  justify-content: space-between;
  margin-right: 16px;
  border: 1px solid #cfcfcf;
  font-size: 14px;
  font-weight: 500;
}

.emotion-0.muted,
.emotion-0.muted:hover {
  cursor: default;
}

.emotion-1 {
  -webkit-user-select: none;
  -moz-user-select: none;
  -ms-user-select: none;
  user-select: none;
  width: 1em;
  height: 1em;
  display: inline-block;
  -webkit-flex-shrink: 0;
  -ms-flex-negative: 0;
  flex-shrink: 0;
  -webkit-transition: fill 200ms cubic-bezier(0.4, 0, 0.2, 1) 0ms;
  transition: fill 200ms cubic-bezier(0.4, 0, 0.2, 1) 0ms;
  fill: currentColor;
  font-size: 1.3929rem;
  color: #337a87;
  font-size: 16px;
  -webkit-align-self: center;
  -ms-flex-item-align: center;
  align-self: center;
}

.emotion-1 iconButton {
  margin-right: 8px;
}

.emotion-4 {
  display: -webkit-inline-box;
  display: -webkit-inline-flex;
  display: -ms-inline-flexbox;
  display: inline-flex;
  -webkit-align-items: center;
  -webkit-box-align: center;
  -ms-flex-align: center;
  align-items: center;
  -webkit-box-pack: center;
  -ms-flex-pack: center;
  -webkit-justify-content: center;
  justify-content: center;
  position: relative;
  box-sizing: border-box;
  -webkit-tap-highlight-color: transparent;
  background-color: transparent;
  outline: 0;
  border: 0;
  margin: 0;
  border-radius: 0;
  padding: 0;
  cursor: pointer;
  -webkit-user-select: none;
  -moz-user-select: none;
  -ms-user-select: none;
  user-select: none;
  vertical-align: middle;
  -moz-appearance: none;
  -webkit-appearance: none;
  -webkit-text-decoration: none;
  text-decoration: none;
  color: inherit;
  font-family: Lato,sans-serif;
  font-weight: 500;
  font-size: 0.8125rem;
  line-height: 1.75;
  text-transform: uppercase;
  min-width: 64px;
  padding: 6px 16px;
  border: 0;
  border-radius: 4px;
  -webkit-transition: background-color 250ms cubic-bezier(0.4, 0, 0.2, 1) 0ms,box-shadow 250ms cubic-bezier(0.4, 0, 0.2, 1) 0ms,border-color 250ms cubic-bezier(0.4, 0, 0.2, 1) 0ms,color 250ms cubic-bezier(0.4, 0, 0.2, 1) 0ms;
  transition: background-color 250ms cubic-bezier(0.4, 0, 0.2, 1) 0ms,box-shadow 250ms cubic-bezier(0.4, 0, 0.2, 1) 0ms,border-color 250ms cubic-bezier(0.4, 0, 0.2, 1) 0ms,color 250ms cubic-bezier(0.4, 0, 0.2, 1) 0ms;
  color: var(--variant-containedColor);
  background-color: var(--variant-containedBg);
  box-shadow: 0px 3px 1px -2px rgba(0,0,0,0.2),0px 2px 2px 0px rgba(0,0,0,0.14),0px 1px 5px 0px rgba(0,0,0,0.12);
  --variant-textColor: #337a87;
  --variant-outlinedColor: #337a87;
  --variant-outlinedBorder: rgba(51, 122, 135, 0.5);
  --variant-containedColor: #fff;
  --variant-containedBg: #337a87;
  -webkit-transition: background-color 250ms cubic-bezier(0.4, 0, 0.2, 1) 0ms,box-shadow 250ms cubic-bezier(0.4, 0, 0.2, 1) 0ms,border-color 250ms cubic-bezier(0.4, 0, 0.2, 1) 0ms;
  transition: background-color 250ms cubic-bezier(0.4, 0, 0.2, 1) 0ms,box-shadow 250ms cubic-bezier(0.4, 0, 0.2, 1) 0ms,border-color 250ms cubic-bezier(0.4, 0, 0.2, 1) 0ms;
  border-radius: 2px;
  font-size: 14px;
  font-weight: bold;
  -webkit-align-self: center;
  -ms-flex-item-align: center;
  align-self: center;
}

.emotion-4::-moz-focus-inner {
  border-style: none;
}

.emotion-4.Mui-disabled {
  pointer-events: none;
  cursor: default;
}

@media print {
  .emotion-4 {
    -webkit-print-color-adjust: exact;
    color-adjust: exact;
  }
}

.emotion-4:hover {
  -webkit-text-decoration: none;
  text-decoration: none;
}

.emotion-4.Mui-disabled {
  color: rgba(0, 0, 0, 0.26);
}

.emotion-4:hover {
  box-shadow: 0px 2px 4px -1px rgba(0,0,0,0.2),0px 4px 5px 0px rgba(0,0,0,0.14),0px 1px 10px 0px rgba(0,0,0,0.12);
}

@media (hover: none) {
  .emotion-4:hover {
    box-shadow: 0px 3px 1px -2px rgba(0,0,0,0.2),0px 2px 2px 0px rgba(0,0,0,0.14),0px 1px 5px 0px rgba(0,0,0,0.12);
  }
}

.emotion-4:active {
  box-shadow: 0px 5px 5px -3px rgba(0,0,0,0.2),0px 8px 10px 1px rgba(0,0,0,0.14),0px 3px 14px 2px rgba(0,0,0,0.12);
}

.emotion-4.Mui-focusVisible {
  box-shadow: 0px 3px 5px -1px rgba(0,0,0,0.2),0px 6px 10px 0px rgba(0,0,0,0.14),0px 1px 18px 0px rgba(0,0,0,0.12);
}

.emotion-4.Mui-disabled {
  color: rgba(0, 0, 0, 0.26);
  box-shadow: none;
  background-color: rgba(0, 0, 0, 0.12);
}

@media (hover: hover) {
  .emotion-4:hover {
    --variant-containedBg: rgb(35, 85, 94);
    --variant-textBg: rgba(51, 122, 135, 0.04);
    --variant-outlinedBorder: #337a87;
    --variant-outlinedBg: rgba(51, 122, 135, 0.04);
  }
}

.emotion-4.MuiButton-loading {
  color: transparent;
}

.emotion-4:hover {
  colors: #337a87;
}

.emotion-4.MuiButton-text {
  color: rgba(10, 10, 11, 0.78);
}

.emotion-15 {
  display: -webkit-inline-box;
  display: -webkit-inline-flex;
  display: -ms-inline-flexbox;
  display: inline-flex;
  -webkit-align-items: center;
  -webkit-box-align: center;
  -ms-flex-align: center;
  align-items: center;
  -webkit-box-pack: center;
  -ms-flex-pack: center;
  -webkit-justify-content: center;
  justify-content: center;
  position: relative;
  box-sizing: border-box;
  -webkit-tap-highlight-color: transparent;
  background-color: transparent;
  outline: 0;
  border: 0;
  margin: 0;
  border-radius: 0;
  padding: 0;
  cursor: pointer;
  -webkit-user-select: none;
  -moz-user-select: none;
  -ms-user-select: none;
  user-select: none;
  vertical-align: middle;
  -moz-appearance: none;
  -webkit-appearance: none;
  -webkit-text-decoration: none;
  text-decoration: none;
  color: inherit;
  font-family: Lato,sans-serif;
  font-weight: 500;
  font-size: 0.8125rem;
  line-height: 1.75;
  text-transform: uppercase;
  min-width: 64px;
  padding: 6px 16px;
  border: 0;
  border-radius: 4px;
  -webkit-transition: background-color 250ms cubic-bezier(0.4, 0, 0.2, 1) 0ms,box-shadow 250ms cubic-bezier(0.4, 0, 0.2, 1) 0ms,border-color 250ms cubic-bezier(0.4, 0, 0.2, 1) 0ms,color 250ms cubic-bezier(0.4, 0, 0.2, 1) 0ms;
  transition: background-color 250ms cubic-bezier(0.4, 0, 0.2, 1) 0ms,box-shadow 250ms cubic-bezier(0.4, 0, 0.2, 1) 0ms,border-color 250ms cubic-bezier(0.4, 0, 0.2, 1) 0ms,color 250ms cubic-bezier(0.4, 0, 0.2, 1) 0ms;
  color: var(--variant-containedColor);
  background-color: var(--variant-containedBg);
  box-shadow: 0px 3px 1px -2px rgba(0,0,0,0.2),0px 2px 2px 0px rgba(0,0,0,0.14),0px 1px 5px 0px rgba(0,0,0,0.12);
  --variant-textColor: #5d0f43;
  --variant-outlinedColor: #5d0f43;
  --variant-outlinedBorder: rgba(93, 15, 67, 0.5);
  --variant-containedColor: #fff;
  --variant-containedBg: #5d0f43;
  -webkit-transition: background-color 250ms cubic-bezier(0.4, 0, 0.2, 1) 0ms,box-shadow 250ms cubic-bezier(0.4, 0, 0.2, 1) 0ms,border-color 250ms cubic-bezier(0.4, 0, 0.2, 1) 0ms;
  transition: background-color 250ms cubic-bezier(0.4, 0, 0.2, 1) 0ms,box-shadow 250ms cubic-bezier(0.4, 0, 0.2, 1) 0ms,border-color 250ms cubic-bezier(0.4, 0, 0.2, 1) 0ms;
  border-radius: 2px;
  font-size: 14px;
  font-weight: bold;
  -webkit-align-self: center;
  -ms-flex-item-align: center;
  align-self: center;
}

.emotion-15::-moz-focus-inner {
  border-style: none;
}

.emotion-15.Mui-disabled {
  pointer-events: none;
  cursor: default;
}

@media print {
  .emotion-15 {
    -webkit-print-color-adjust: exact;
    color-adjust: exact;
  }
}

.emotion-15:hover {
  -webkit-text-decoration: none;
  text-decoration: none;
}

.emotion-15.Mui-disabled {
  color: rgba(0, 0, 0, 0.26);
}

.emotion-15:hover {
  box-shadow: 0px 2px 4px -1px rgba(0,0,0,0.2),0px 4px 5px 0px rgba(0,0,0,0.14),0px 1px 10px 0px rgba(0,0,0,0.12);
}

@media (hover: none) {
  .emotion-15:hover {
    box-shadow: 0px 3px 1px -2px rgba(0,0,0,0.2),0px 2px 2px 0px rgba(0,0,0,0.14),0px 1px 5px 0px rgba(0,0,0,0.12);
  }
}

.emotion-15:active {
  box-shadow: 0px 5px 5px -3px rgba(0,0,0,0.2),0px 8px 10px 1px rgba(0,0,0,0.14),0px 3px 14px 2px rgba(0,0,0,0.12);
}

.emotion-15.Mui-focusVisible {
  box-shadow: 0px 3px 5px -1px rgba(0,0,0,0.2),0px 6px 10px 0px rgba(0,0,0,0.14),0px 1px 18px 0px rgba(0,0,0,0.12);
}

.emotion-15.Mui-disabled {
  color: rgba(0, 0, 0, 0.26);
  box-shadow: none;
  background-color: rgba(0, 0, 0, 0.12);
}

@media (hover: hover) {
  .emotion-15:hover {
    --variant-containedBg: rgb(65, 10, 46);
    --variant-textBg: rgba(93, 15, 67, 0.04);
    --variant-outlinedBorder: #5d0f43;
    --variant-outlinedBg: rgba(93, 15, 67, 0.04);
  }
}

.emotion-15.MuiButton-loading {
  color: transparent;
}

.emotion-15:hover {
  colors: #337a87;
}

.emotion-15.MuiButton-text {
  color: rgba(10, 10, 11, 0.78);
}

.emotion-16 {
  display: grid;
  grid-template-columns: max-content 1fr max-content max-content;
  grid-template-rows: repeat(3, minmax(35px, auto));
}

.emotion-17 {
  border-bottom: 1px solid #e6f2f1;
}

.emotion-18 {
  -webkit-user-select: none;
  -moz-user-select: none;
  -ms-user-select: none;
  user-select: none;
  width: 1em;
  height: 1em;
  display: inline-block;
  -webkit-flex-shrink: 0;
  -ms-flex-negative: 0;
  flex-shrink: 0;
  -webkit-transition: fill 200ms cubic-bezier(0.4, 0, 0.2, 1) 0ms;
  transition: fill 200ms cubic-bezier(0.4, 0, 0.2, 1) 0ms;
  fill: currentColor;
  font-size: 1.1607rem;
}

.emotion-18 iconButton {
  margin-right: 8px;
}

.emotion-21 {
  padding-top: 5px;
}

.emotion-22 {
  display: -webkit-inline-box;
  display: -webkit-inline-flex;
  display: -ms-inline-flexbox;
  display: inline-flex;
  -webkit-align-items: center;
  -webkit-box-align: center;
  -ms-flex-align: center;
  align-items: center;
  -webkit-box-pack: center;
  -ms-flex-pack: center;
  -webkit-justify-content: center;
  justify-content: center;
  position: relative;
  box-sizing: border-box;
  -webkit-tap-highlight-color: transparent;
  background-color: transparent;
  outline: 0;
  border: 0;
  margin: 0;
  border-radius: 0;
  padding: 0;
  cursor: pointer;
  -webkit-user-select: none;
  -moz-user-select: none;
  -ms-user-select: none;
  user-select: none;
  vertical-align: middle;
  -moz-appearance: none;
  -webkit-appearance: none;
  -webkit-text-decoration: none;
  text-decoration: none;
  color: inherit;
  font-family: Lato,sans-serif;
  font-weight: 500;
  font-size: 0.8125rem;
  line-height: 1.75;
  text-transform: uppercase;
  min-width: 64px;
  padding: 6px 16px;
  border: 0;
  border-radius: 4px;
  -webkit-transition: background-color 250ms cubic-bezier(0.4, 0, 0.2, 1) 0ms,box-shadow 250ms cubic-bezier(0.4, 0, 0.2, 1) 0ms,border-color 250ms cubic-bezier(0.4, 0, 0.2, 1) 0ms,color 250ms cubic-bezier(0.4, 0, 0.2, 1) 0ms;
  transition: background-color 250ms cubic-bezier(0.4, 0, 0.2, 1) 0ms,box-shadow 250ms cubic-bezier(0.4, 0, 0.2, 1) 0ms,border-color 250ms cubic-bezier(0.4, 0, 0.2, 1) 0ms,color 250ms cubic-bezier(0.4, 0, 0.2, 1) 0ms;
  padding: 6px 8px;
  color: var(--variant-textColor);
  background-color: var(--variant-textBg);
  --variant-textColor: #337a87;
  --variant-outlinedColor: #337a87;
  --variant-outlinedBorder: rgba(51, 122, 135, 0.5);
  --variant-containedColor: #fff;
  --variant-containedBg: #337a87;
  -webkit-transition: background-color 250ms cubic-bezier(0.4, 0, 0.2, 1) 0ms,box-shadow 250ms cubic-bezier(0.4, 0, 0.2, 1) 0ms,border-color 250ms cubic-bezier(0.4, 0, 0.2, 1) 0ms;
  transition: background-color 250ms cubic-bezier(0.4, 0, 0.2, 1) 0ms,box-shadow 250ms cubic-bezier(0.4, 0, 0.2, 1) 0ms,border-color 250ms cubic-bezier(0.4, 0, 0.2, 1) 0ms;
  border-radius: 2px;
  font-size: 14px;
  font-weight: bold;
  padding: 10px 15px;
  text-transform: none;
  padding: 2px 5px;
  border-bottom: 1px solid #e6f2f1;
}

.emotion-22::-moz-focus-inner {
  border-style: none;
}

.emotion-22.Mui-disabled {
  pointer-events: none;
  cursor: default;
}

@media print {
  .emotion-22 {
    -webkit-print-color-adjust: exact;
    color-adjust: exact;
  }
}

.emotion-22:hover {
  -webkit-text-decoration: none;
  text-decoration: none;
}

.emotion-22.Mui-disabled {
  color: rgba(0, 0, 0, 0.26);
}

@media (hover: hover) {
  .emotion-22:hover {
    --variant-containedBg: rgb(35, 85, 94);
    --variant-textBg: rgba(51, 122, 135, 0.04);
    --variant-outlinedBorder: #337a87;
    --variant-outlinedBg: rgba(51, 122, 135, 0.04);
  }
}

.emotion-22.MuiButton-loading {
  color: transparent;
}

.emotion-22:hover {
  colors: #337a87;
}

.emotion-22.MuiButton-text {
  color: rgba(10, 10, 11, 0.78);
}

.emotion-22.MuiButton-text.addButton {
  color: #337a87;
}

.emotion-22.MuiButton-text.removeButton {
  color: #8e577b;
  background-color: #fff;
}

.emotion-23 {
  width: 140px;
}

<div
  style="max-width: 750px;"
>
  <h2>
    Upgrades and add-ons
  </h2>
  <p
    class="margin-bottom-small"
  >
    Upgrade your plan or purchase an add-on to connect more devices, access more features and advanced support.
  </p>
  <p
    class="margin-bottom-large"
  >
    See the full details of plans and features at 
    <a
      href="https://mender.io/plans/pricing"
      rel="noopener"
      target="_blank"
    >
      mender.io/plans/pricing
    </a>
  </p>
  <p
    class="margin-top"
  >
    Your current plan: 
    Mender Basic
  </p>
  <div
    class="flexbox margin-bottom-small"
  >
    <div
      class="planPanel emotion-0 active "
    >
      <div>
        <p
          class="margin-none"
        >
          Mender 
          Basic
        </p>
        <h2>
          $32 / month
        </h2>
        <div
          class="margin-bottom"
        >
          <div
            class="flexbox align-center"
          >
            <svg
              aria-hidden="true"
              class="MuiSvgIcon-root MuiSvgIcon-fontSizeMedium emotion-1"
              data-testid="DeveloperBoardIcon"
              focusable="false"
              viewBox="0 0 24 24"
            >
              <path
                d="M22 9V7h-2V5c0-1.1-.9-2-2-2H4c-1.1 0-2 .9-2 2v14c0 1.1.9 2 2 2h14c1.1 0 2-.9 2-2v-2h2v-2h-2v-2h2v-2h-2V9zm-4 10H4V5h14zM6 13h5v4H6zm6-6h4v3h-4zM6 7h5v5H6zm6 4h4v6h-4z"
              />
            </svg>
            <div
              class="margin-left-x-small"
            >
              for first 50 devices
              *
            </div>
          </div>
        </div>
        <ul
          class="unstyled"
        >
          <li
            class="flexbox margin-bottom-x-small slightly-smaller"
          >
            <svg
              aria-hidden="true"
              class="MuiSvgIcon-root MuiSvgIcon-fontSizeMedium emotion-1"
              data-testid="CheckIcon"
              focusable="false"
              viewBox="0 0 24 24"
            >
              <path
                d="M9 16.17 4.83 12l-1.42 1.41L9 19 21 7l-1.41-1.41z"
              />
            </svg>
            <div
              class="margin-left-x-small"
            >
              Access to core features of Mender
            </div>
             
          </li>
          <li
            class="flexbox margin-bottom-x-small slightly-smaller"
          >
            <svg
              aria-hidden="true"
              class="MuiSvgIcon-root MuiSvgIcon-fontSizeMedium emotion-1"
              data-testid="CheckIcon"
              focusable="false"
              viewBox="0 0 24 24"
            >
              <path
                d="M9 16.17 4.83 12l-1.42 1.41L9 19 21 7l-1.41-1.41z"
              />
            </svg>
            <div
              class="margin-left-x-small"
            >
              Basic support
            </div>
             
          </li>
        </ul>
      </div>
      <button
        class="MuiButtonBase-root MuiButton-root MuiButton-contained MuiButton-containedPrimary MuiButton-sizeMedium MuiButton-containedSizeMedium MuiButton-colorPrimary Mui-disabled MuiButton-root MuiButton-contained MuiButton-containedPrimary MuiButton-sizeMedium MuiButton-containedSizeMedium MuiButton-colorPrimary emotion-4"
        disabled=""
        tabindex="-1"
        type="button"
      >
        current plan
      </button>
    </div>
    <div
      class="planPanel emotion-0  "
    >
      <div>
        <p
          class="margin-none"
        >
          Mender 
          Professional
        </p>
        <h2>
          $269 / month
        </h2>
        <div
          class="margin-bottom"
        >
          <div
            class="flexbox align-center"
          >
            <svg
              aria-hidden="true"
              class="MuiSvgIcon-root MuiSvgIcon-fontSizeMedium emotion-1"
              data-testid="DeveloperBoardIcon"
              focusable="false"
              viewBox="0 0 24 24"
            >
              <path
                d="M22 9V7h-2V5c0-1.1-.9-2-2-2H4c-1.1 0-2 .9-2 2v14c0 1.1.9 2 2 2h14c1.1 0 2-.9 2-2v-2h2v-2h-2v-2h2v-2h-2V9zm-4 10H4V5h14zM6 13h5v4H6zm6-6h4v3h-4zM6 7h5v5H6zm6 4h4v6h-4z"
              />
            </svg>
            <div
              class="margin-left-x-small"
            >
              for first 250 devices
              *
            </div>
          </div>
        </div>
        <ul
          class="unstyled"
        >
          <li
            class="flexbox margin-bottom-x-small slightly-smaller"
          >
            <svg
              aria-hidden="true"
              class="MuiSvgIcon-root MuiSvgIcon-fontSizeMedium emotion-1"
              data-testid="CheckIcon"
              focusable="false"
              viewBox="0 0 24 24"
            >
              <path
                d="M9 16.17 4.83 12l-1.42 1.41L9 19 21 7l-1.41-1.41z"
              />
            </svg>
            <div
              class="margin-left-x-small"
            >
              Advanced OTA features
            </div>
             
          </li>
          <li
            class="flexbox margin-bottom-x-small slightly-smaller"
          >
            <svg
              aria-hidden="true"
              class="MuiSvgIcon-root MuiSvgIcon-fontSizeMedium emotion-1"
              data-testid="CheckIcon"
              focusable="false"
              viewBox="0 0 24 24"
            >
              <path
                d="M9 16.17 4.83 12l-1.42 1.41L9 19 21 7l-1.41-1.41z"
              />
            </svg>
            <div
              class="margin-left-x-small"
            >
              Higher priority support
            </div>
             
          </li>
        </ul>
      </div>
      <button
        class="MuiButtonBase-root MuiButton-root MuiButton-contained MuiButton-containedPrimary MuiButton-sizeMedium MuiButton-containedSizeMedium MuiButton-colorPrimary MuiButton-root MuiButton-contained MuiButton-containedPrimary MuiButton-sizeMedium MuiButton-containedSizeMedium MuiButton-colorPrimary emotion-4"
        tabindex="0"
        type="button"
      >
        upgrade
      </button>
    </div>
    <div
      class="planPanel emotion-0  "
    >
      <div>
        <p
          class="margin-none"
        >
          Mender 
          Enterprise
        </p>
        <h2>
          Custom pricing
        </h2>
        <div
          class="margin-bottom"
        >
          <div
            class="flexbox align-center"
          >
            <svg
              aria-hidden="true"
              class="MuiSvgIcon-root MuiSvgIcon-fontSizeMedium emotion-1"
              data-testid="DeveloperBoardIcon"
              focusable="false"
              viewBox="0 0 24 24"
            >
              <path
                d="M22 9V7h-2V5c0-1.1-.9-2-2-2H4c-1.1 0-2 .9-2 2v14c0 1.1.9 2 2 2h14c1.1 0 2-.9 2-2v-2h2v-2h-2v-2h2v-2h-2V9zm-4 10H4V5h14zM6 13h5v4H6zm6-6h4v3h-4zM6 7h5v5H6zm6 4h4v6h-4z"
              />
            </svg>
            <div
              class="margin-left-x-small"
            >
              Unlimited devices
            </div>
          </div>
        </div>
        <ul
          class="unstyled"
        >
          <li
            class="flexbox margin-bottom-x-small slightly-smaller"
          >
            <svg
              aria-hidden="true"
              class="MuiSvgIcon-root MuiSvgIcon-fontSizeMedium emotion-1"
              data-testid="CheckIcon"
              focusable="false"
              viewBox="0 0 24 24"
            >
              <path
                d="M9 16.17 4.83 12l-1.42 1.41L9 19 21 7l-1.41-1.41z"
              />
            </svg>
            <div
              class="margin-left-x-small"
            >
              All Mender features
            </div>
             
          </li>
          <li
            class="flexbox margin-bottom-x-small slightly-smaller"
          >
            <svg
              aria-hidden="true"
              class="MuiSvgIcon-root MuiSvgIcon-fontSizeMedium emotion-1"
              data-testid="CheckIcon"
              focusable="false"
              viewBox="0 0 24 24"
            >
              <path
                d="M9 16.17 4.83 12l-1.42 1.41L9 19 21 7l-1.41-1.41z"
              />
            </svg>
            <div
              class="margin-left-x-small"
            >
              Advanced security features
            </div>
             
          </li>
          <li
            class="flexbox margin-bottom-x-small slightly-smaller"
          >
            <svg
              aria-hidden="true"
              class="MuiSvgIcon-root MuiSvgIcon-fontSizeMedium emotion-1"
              data-testid="CheckIcon"
              focusable="false"
              viewBox="0 0 24 24"
            >
              <path
                d="M9 16.17 4.83 12l-1.42 1.41L9 19 21 7l-1.41-1.41z"
              />
            </svg>
            <div
              class="margin-left-x-small"
            >
              SLA-backed support
            </div>
             
          </li>
        </ul>
      </div>
      <button
        class="MuiButtonBase-root MuiButton-root MuiButton-contained MuiButton-containedSecondary MuiButton-sizeMedium MuiButton-containedSizeMedium MuiButton-colorSecondary MuiButton-root MuiButton-contained MuiButton-containedSecondary MuiButton-sizeMedium MuiButton-containedSizeMedium MuiButton-colorSecondary emotion-15"
        tabindex="0"
        type="button"
      >
        contact us
      </button>
    </div>
  </div>
  <p>
    * Device limits can be adjusted on request; prices can change for larger limits. If you have any questions about the plan pricing or device limits,
     
    <a
      href="mailto:support@mender.io"
      rel="noopener noreferrer"
      target="_blank"
    >
      contact our team.
    </a>
  </p>
  <h3
    class="margin-top-large"
  >
    Get more features with add-ons
  </h3>
  <div
    class="flexbox column"
  >
    <p>
      Enhance your Mender plan with optional add-on packages – offering additional features to easily manage your software and devices over-the-air. Below you can request which add-ons you’d like to be included with your plan.
    </p>
    <div
      class="emotion-16"
    >
      <a
        class="flexbox center-aligned bold   emotion-17"
        href="https://mender.io/pricing/add-ons/configure"
        rel="noopener noreferrer"
        target="_blank"
      >
        Mender 
        Configure
        <svg
          aria-hidden="true"
          class="MuiSvgIcon-root MuiSvgIcon-fontSizeSmall link-color margin-left-x-small emotion-18"
          data-testid="LaunchIcon"
          focusable="false"
          viewBox="0 0 24 24"
        >
          <path
            d="M19 19H5V5h7V3H5c-1.11 0-2 .9-2 2v14c0 1.1.89 2 2 2h14c1.1 0 2-.9 2-2v-7h-2zM14 3v2h3.59l-9.83 9.83 1.41 1.41L19 6.41V10h2V3z"
          />
        </svg>
      </a>
      <div
        class="emotion-17   emotion-17 emotion-21 padding-left-small"
      >
        starting 
        <b>
          $11/month
        </b>
      </div>
      <button
        class="MuiButtonBase-root MuiButton-root MuiButton-text MuiButton-textPrimary MuiButton-sizeMedium MuiButton-textSizeMedium MuiButton-colorPrimary MuiButton-root MuiButton-text MuiButton-textPrimary MuiButton-sizeMedium MuiButton-textSizeMedium MuiButton-colorPrimary addButton emotion-22"
        tabindex="0"
        type="button"
      >
        Add to plan
      </button>
      <div
        class="emotion-23   emotion-17"
      />
      <a
        class="flexbox center-aligned bold  muted emotion-17"
        href="https://mender.io/pricing/add-ons/monitor"
        rel="noopener noreferrer"
        target="_blank"
      >
        Mender 
        Monitor
        <svg
          aria-hidden="true"
          class="MuiSvgIcon-root MuiSvgIcon-fontSizeSmall link-color margin-left-x-small emotion-18"
          data-testid="LaunchIcon"
          focusable="false"
          viewBox="0 0 24 24"
        >
          <path
            d="M19 19H5V5h7V3H5c-1.11 0-2 .9-2 2v14c0 1.1.89 2 2 2h14c1.1 0 2-.9 2-2v-7h-2zM14 3v2h3.59l-9.83 9.83 1.41 1.41L19 6.41V10h2V3z"
          />
        </svg>
      </a>
      <div
        class="emotion-17  muted emotion-17 emotion-21 padding-left-small"
      >
        not available on 
        Basic
         plan
      </div>
      <button
        class="MuiButtonBase-root MuiButton-root MuiButton-text MuiButton-textPrimary MuiButton-sizeMedium MuiButton-textSizeMedium MuiButton-colorPrimary Mui-disabled MuiButton-root MuiButton-text MuiButton-textPrimary MuiButton-sizeMedium MuiButton-textSizeMedium MuiButton-colorPrimary muted addButton emotion-22"
        disabled=""
        tabindex="-1"
        type="button"
      >
        Add to plan
      </button>
      <div
        class="emotion-23  muted emotion-17"
      />
      <a
        class="flexbox center-aligned bold   emotion-17"
        href="https://mender.io/pricing/add-ons/troubleshoot"
        rel="noopener noreferrer"
        target="_blank"
      >
        Mender 
        Troubleshoot
        <svg
          aria-hidden="true"
          class="MuiSvgIcon-root MuiSvgIcon-fontSizeSmall link-color margin-left-x-small emotion-18"
          data-testid="LaunchIcon"
          focusable="false"
          viewBox="0 0 24 24"
        >
          <path
            d="M19 19H5V5h7V3H5c-1.11 0-2 .9-2 2v14c0 1.1.89 2 2 2h14c1.1 0 2-.9 2-2v-7h-2zM14 3v2h3.59l-9.83 9.83 1.41 1.41L19 6.41V10h2V3z"
          />
        </svg>
      </a>
      <div
        class="emotion-17   emotion-17 emotion-21 padding-left-small"
      >
        starting 
        <b>
          $27/month
        </b>
      </div>
      <button
        class="MuiButtonBase-root MuiButton-root MuiButton-text MuiButton-textPrimary MuiButton-sizeMedium MuiButton-textSizeMedium MuiButton-colorPrimary MuiButton-root MuiButton-text MuiButton-textPrimary MuiButton-sizeMedium MuiButton-textSizeMedium MuiButton-colorPrimary addButton emotion-22"
        tabindex="0"
        type="button"
      >
        Add to plan
      </button>
      <div
        class="emotion-23   emotion-17"
      />
    </div>
  </div>
</div>
`;

exports[`smaller components renders PricingContactNote correctly 1`] = `
<p>
  * Device limits can be adjusted on request; prices can change for larger limits. If you have any questions about the plan pricing or device limits,
   
  <a
    href="mailto:support@mender.io"
    rel="noopener noreferrer"
    target="_blank"
  >
    contact our team.
  </a>
</p>
`;
