// Jest Snapshot v1, https://goo.gl/fbAQLP

exports[`FileUpload Component renders correctly 1`] = `undefined`;
