// Jest Snapshot v1, https://goo.gl/fbAQLP

exports[`Form Component renders correctly 1`] = `
.emotion-0 {
  display: -webkit-inline-box;
  display: -webkit-inline-flex;
  display: -ms-inline-flexbox;
  display: inline-flex;
  -webkit-align-items: center;
  -webkit-box-align: center;
  -ms-flex-align: center;
  align-items: center;
  cursor: pointer;
  vertical-align: middle;
  -webkit-tap-highlight-color: transparent;
  margin-left: -11px;
  margin-right: 16px;
  margin-top: 18px;
}

.emotion-0.Mui-disabled {
  cursor: default;
}

.emotion-0 .MuiFormControlLabel-label.Mui-disabled {
  color: rgba(0, 0, 0, 0.38);
}

.emotion-1 {
  display: -webkit-inline-box;
  display: -webkit-inline-flex;
  display: -ms-inline-flexbox;
  display: inline-flex;
  -webkit-align-items: center;
  -webkit-box-align: center;
  -ms-flex-align: center;
  align-items: center;
  -webkit-box-pack: center;
  -ms-flex-pack: center;
  -webkit-justify-content: center;
  justify-content: center;
  position: relative;
  box-sizing: border-box;
  -webkit-tap-highlight-color: transparent;
  background-color: transparent;
  outline: 0;
  border: 0;
  margin: 0;
  border-radius: 0;
  padding: 0;
  cursor: pointer;
  -webkit-user-select: none;
  -moz-user-select: none;
  -ms-user-select: none;
  user-select: none;
  vertical-align: middle;
  -moz-appearance: none;
  -webkit-appearance: none;
  -webkit-text-decoration: none;
  text-decoration: none;
  color: inherit;
  padding: 9px;
  border-radius: 50%;
  color: rgba(0, 0, 0, 0.54);
  color: rgba(10, 10, 11, 0.78);
}

.emotion-1::-moz-focus-inner {
  border-style: none;
}

.emotion-1.Mui-disabled {
  pointer-events: none;
  cursor: default;
}

@media print {
  .emotion-1 {
    -webkit-print-color-adjust: exact;
    color-adjust: exact;
  }
}

.emotion-1:hover {
  background-color: rgba(51, 122, 135, 0.04);
}

.emotion-1.Mui-checked,
.emotion-1.MuiCheckbox-indeterminate {
  color: #337a87;
}

.emotion-1.Mui-disabled {
  color: rgba(0, 0, 0, 0.26);
}

@media (hover: none) {
  .emotion-1:hover {
    background-color: transparent;
  }
}

.emotion-2 {
  cursor: inherit;
  position: absolute;
  opacity: 0;
  width: 100%;
  height: 100%;
  top: 0;
  left: 0;
  margin: 0;
  padding: 0;
  z-index: 1;
}

.emotion-3 {
  -webkit-user-select: none;
  -moz-user-select: none;
  -ms-user-select: none;
  user-select: none;
  width: 1em;
  height: 1em;
  display: inline-block;
  -webkit-flex-shrink: 0;
  -ms-flex-negative: 0;
  flex-shrink: 0;
  -webkit-transition: fill 200ms cubic-bezier(0.4, 0, 0.2, 1) 0ms;
  transition: fill 200ms cubic-bezier(0.4, 0, 0.2, 1) 0ms;
  fill: currentColor;
  font-size: 1.3929rem;
}

.emotion-3 iconButton {
  margin-right: 8px;
}

.emotion-4 {
  margin: 0;
  line-height: 1.5;
  font-family: Lato,sans-serif;
  font-weight: 400;
  font-size: 0.9286rem;
}

.emotion-5 {
  display: -webkit-inline-box;
  display: -webkit-inline-flex;
  display: -ms-inline-flexbox;
  display: inline-flex;
  -webkit-flex-direction: column;
  -ms-flex-direction: column;
  flex-direction: column;
  position: relative;
  min-width: 0;
  padding: 0;
  margin: 0;
  border: 0;
  vertical-align: top;
  min-width: 240px;
}

.emotion-6 {
  color: rgba(0, 0, 0, 0.54);
  line-height: 1.4375em;
  font-family: Lato,sans-serif;
  font-weight: 400;
  font-size: 0.9286rem;
  padding: 0;
  position: relative;
  color: rgba(0, 0, 0, 0.54);
  display: block;
  transform-origin: top left;
  white-space: nowrap;
  overflow: hidden;
  text-overflow: ellipsis;
  max-width: 100%;
  position: absolute;
  left: 0;
  top: 0;
  -webkit-transform: translate(0, 20px) scale(1);
  -moz-transform: translate(0, 20px) scale(1);
  -ms-transform: translate(0, 20px) scale(1);
  transform: translate(0, 20px) scale(1);
  -webkit-transition: color 200ms cubic-bezier(0.0, 0, 0.2, 1) 0ms,-webkit-transform 200ms cubic-bezier(0.0, 0, 0.2, 1) 0ms,max-width 200ms cubic-bezier(0.0, 0, 0.2, 1) 0ms;
  transition: color 200ms cubic-bezier(0.0, 0, 0.2, 1) 0ms,transform 200ms cubic-bezier(0.0, 0, 0.2, 1) 0ms,max-width 200ms cubic-bezier(0.0, 0, 0.2, 1) 0ms;
  z-index: 1;
  pointer-events: none;
  -webkit-transform: translate(14px, 16px) scale(1);
  -moz-transform: translate(14px, 16px) scale(1);
  -ms-transform: translate(14px, 16px) scale(1);
  transform: translate(14px, 16px) scale(1);
  max-width: calc(100% - 24px);
}

.emotion-6.Mui-focused {
  color: #337a87;
}

.emotion-6.Mui-disabled {
  color: rgba(0, 0, 0, 0.38);
}

.emotion-6.Mui-error {
  color: #ab1000;
}

.emotion-6.Mui-focused {
  color: #337a87;
}

.emotion-7 {
  line-height: 1.4375em;
  font-family: Lato,sans-serif;
  font-weight: 400;
  font-size: 0.9286rem;
  color: rgba(10, 10, 11, 0.78);
  box-sizing: border-box;
  position: relative;
  cursor: text;
  display: -webkit-inline-box;
  display: -webkit-inline-flex;
  display: -ms-inline-flexbox;
  display: inline-flex;
  -webkit-align-items: center;
  -webkit-box-align: center;
  -ms-flex-align: center;
  align-items: center;
  position: relative;
  border-radius: 4px;
  padding-right: 14px;
}

.emotion-7.Mui-disabled {
  color: rgba(0, 0, 0, 0.38);
  cursor: default;
}

.emotion-7:hover .MuiOutlinedInput-notchedOutline {
  border-color: rgba(10, 10, 11, 0.78);
}

@media (hover: none) {
  .emotion-7:hover .MuiOutlinedInput-notchedOutline {
    border-color: rgba(0, 0, 0, 0.23);
  }
}

.emotion-7.Mui-focused .MuiOutlinedInput-notchedOutline {
  border-width: 2px;
}

.emotion-7.Mui-focused .MuiOutlinedInput-notchedOutline {
  border-color: #337a87;
}

.emotion-7.Mui-error .MuiOutlinedInput-notchedOutline {
  border-color: #ab1000;
}

.emotion-7.Mui-disabled .MuiOutlinedInput-notchedOutline {
  border-color: rgba(0, 0, 0, 0.26);
}

.emotion-8 {
  font: inherit;
  letter-spacing: inherit;
  color: currentColor;
  padding: 4px 0 5px;
  border: 0;
  box-sizing: content-box;
  background: none;
  height: 1.4375em;
  margin: 0;
  -webkit-tap-highlight-color: transparent;
  display: block;
  min-width: 0;
  width: 100%;
  -webkit-animation-name: mui-auto-fill-cancel;
  animation-name: mui-auto-fill-cancel;
  -webkit-animation-duration: 10ms;
  animation-duration: 10ms;
  padding: 16.5px 14px;
  padding-right: 0;
}

.emotion-8::-webkit-input-placeholder {
  color: currentColor;
  opacity: 0.42;
  -webkit-transition: opacity 200ms cubic-bezier(0.4, 0, 0.2, 1) 0ms;
  transition: opacity 200ms cubic-bezier(0.4, 0, 0.2, 1) 0ms;
}

.emotion-8::-moz-placeholder {
  color: currentColor;
  opacity: 0.42;
  -webkit-transition: opacity 200ms cubic-bezier(0.4, 0, 0.2, 1) 0ms;
  transition: opacity 200ms cubic-bezier(0.4, 0, 0.2, 1) 0ms;
}

.emotion-8::-ms-input-placeholder {
  color: currentColor;
  opacity: 0.42;
  -webkit-transition: opacity 200ms cubic-bezier(0.4, 0, 0.2, 1) 0ms;
  transition: opacity 200ms cubic-bezier(0.4, 0, 0.2, 1) 0ms;
}

.emotion-8:focus {
  outline: 0;
}

.emotion-8:invalid {
  box-shadow: none;
}

.emotion-8::-webkit-search-decoration {
  -webkit-appearance: none;
}

label[data-shrink=false]+.MuiInputBase-formControl .emotion-8::-webkit-input-placeholder {
  opacity: 0!important;
}

label[data-shrink=false]+.MuiInputBase-formControl .emotion-8::-moz-placeholder {
  opacity: 0!important;
}

label[data-shrink=false]+.MuiInputBase-formControl .emotion-8::-ms-input-placeholder {
  opacity: 0!important;
}

label[data-shrink=false]+.MuiInputBase-formControl .emotion-8:focus::-webkit-input-placeholder {
  opacity: 0.42;
}

label[data-shrink=false]+.MuiInputBase-formControl .emotion-8:focus::-moz-placeholder {
  opacity: 0.42;
}

label[data-shrink=false]+.MuiInputBase-formControl .emotion-8:focus::-ms-input-placeholder {
  opacity: 0.42;
}

.emotion-8.Mui-disabled {
  opacity: 1;
  -webkit-text-fill-color: rgba(0, 0, 0, 0.38);
}

.emotion-8:-webkit-autofill {
  -webkit-animation-duration: 5000s;
  animation-duration: 5000s;
  -webkit-animation-name: mui-auto-fill;
  animation-name: mui-auto-fill;
}

.emotion-8:-webkit-autofill {
  border-radius: inherit;
}

.emotion-9 {
  display: -webkit-box;
  display: -webkit-flex;
  display: -ms-flexbox;
  display: flex;
  max-height: 2em;
  -webkit-align-items: center;
  -webkit-box-align: center;
  -ms-flex-align: center;
  align-items: center;
  white-space: nowrap;
  color: rgba(0, 0, 0, 0.54);
  margin-left: 8px;
}

.emotion-10 {
  display: -webkit-inline-box;
  display: -webkit-inline-flex;
  display: -ms-inline-flexbox;
  display: inline-flex;
  -webkit-align-items: center;
  -webkit-box-align: center;
  -ms-flex-align: center;
  align-items: center;
  -webkit-box-pack: center;
  -ms-flex-pack: center;
  -webkit-justify-content: center;
  justify-content: center;
  position: relative;
  box-sizing: border-box;
  -webkit-tap-highlight-color: transparent;
  background-color: transparent;
  outline: 0;
  border: 0;
  margin: 0;
  border-radius: 0;
  padding: 0;
  cursor: pointer;
  -webkit-user-select: none;
  -moz-user-select: none;
  -ms-user-select: none;
  user-select: none;
  vertical-align: middle;
  -moz-appearance: none;
  -webkit-appearance: none;
  -webkit-text-decoration: none;
  text-decoration: none;
  color: inherit;
  text-align: center;
  -webkit-flex: 0 0 auto;
  -ms-flex: 0 0 auto;
  flex: 0 0 auto;
  font-size: 1.3929rem;
  padding: 8px;
  border-radius: 50%;
  color: rgba(0, 0, 0, 0.54);
  -webkit-transition: background-color 150ms cubic-bezier(0.4, 0, 0.2, 1) 0ms;
  transition: background-color 150ms cubic-bezier(0.4, 0, 0.2, 1) 0ms;
  --IconButton-hoverBg: rgba(0, 0, 0, 0.04);
  padding: 12px;
  font-size: 1.625rem;
  font-size: 1.2rem;
  color: rgba(0, 0, 0, 0.54);
}

.emotion-10::-moz-focus-inner {
  border-style: none;
}

.emotion-10.Mui-disabled {
  pointer-events: none;
  cursor: default;
}

@media print {
  .emotion-10 {
    -webkit-print-color-adjust: exact;
    color-adjust: exact;
  }
}

.emotion-10:hover {
  background-color: var(--IconButton-hoverBg);
}

@media (hover: none) {
  .emotion-10:hover {
    background-color: transparent;
  }
}

.emotion-10.Mui-disabled {
  background-color: transparent;
  color: rgba(0, 0, 0, 0.26);
}

.emotion-10.MuiIconButton-loading {
  color: transparent;
}

.emotion-12 {
  text-align: left;
  position: absolute;
  bottom: 0;
  right: 0;
  top: -5px;
  left: 0;
  margin: 0;
  padding: 0 8px;
  pointer-events: none;
  border-radius: inherit;
  border-style: solid;
  border-width: 1px;
  overflow: hidden;
  min-width: 0%;
  border-color: rgba(0, 0, 0, 0.23);
}

.emotion-13 {
  float: unset;
  width: auto;
  overflow: hidden;
  padding: 0;
  line-height: 11px;
  -webkit-transition: width 150ms cubic-bezier(0.0, 0, 0.2, 1) 0ms;
  transition: width 150ms cubic-bezier(0.0, 0, 0.2, 1) 0ms;
}

.emotion-14 {
  color: rgba(0, 0, 0, 0.54);
  font-family: Lato,sans-serif;
  font-weight: 400;
  font-size: 0.6964rem;
  line-height: 1.66;
  text-align: left;
  margin-top: 3px;
  margin-right: 0;
  margin-bottom: 0;
  margin-left: 0;
  margin-left: 14px;
  margin-right: 14px;
}

.emotion-14.Mui-disabled {
  color: rgba(0, 0, 0, 0.38);
}

.emotion-14.Mui-error {
  color: #ab1000;
}

.emotion-17 {
  line-height: 1.4375em;
  font-family: Lato,sans-serif;
  font-weight: 400;
  font-size: 0.9286rem;
  color: rgba(10, 10, 11, 0.78);
  box-sizing: border-box;
  position: relative;
  cursor: text;
  display: -webkit-inline-box;
  display: -webkit-inline-flex;
  display: -ms-inline-flexbox;
  display: inline-flex;
  -webkit-align-items: center;
  -webkit-box-align: center;
  -ms-flex-align: center;
  align-items: center;
  position: relative;
  border-radius: 4px;
}

.emotion-17.Mui-disabled {
  color: rgba(0, 0, 0, 0.38);
  cursor: default;
}

.emotion-17:hover .MuiOutlinedInput-notchedOutline {
  border-color: rgba(10, 10, 11, 0.78);
}

@media (hover: none) {
  .emotion-17:hover .MuiOutlinedInput-notchedOutline {
    border-color: rgba(0, 0, 0, 0.23);
  }
}

.emotion-17.Mui-focused .MuiOutlinedInput-notchedOutline {
  border-width: 2px;
}

.emotion-17.Mui-focused .MuiOutlinedInput-notchedOutline {
  border-color: #337a87;
}

.emotion-17.Mui-error .MuiOutlinedInput-notchedOutline {
  border-color: #ab1000;
}

.emotion-17.Mui-disabled .MuiOutlinedInput-notchedOutline {
  border-color: rgba(0, 0, 0, 0.26);
}

.emotion-18 {
  font: inherit;
  letter-spacing: inherit;
  color: currentColor;
  padding: 4px 0 5px;
  border: 0;
  box-sizing: content-box;
  background: none;
  height: 1.4375em;
  margin: 0;
  -webkit-tap-highlight-color: transparent;
  display: block;
  min-width: 0;
  width: 100%;
  -webkit-animation-name: mui-auto-fill-cancel;
  animation-name: mui-auto-fill-cancel;
  -webkit-animation-duration: 10ms;
  animation-duration: 10ms;
  padding: 16.5px 14px;
}

.emotion-18::-webkit-input-placeholder {
  color: currentColor;
  opacity: 0.42;
  -webkit-transition: opacity 200ms cubic-bezier(0.4, 0, 0.2, 1) 0ms;
  transition: opacity 200ms cubic-bezier(0.4, 0, 0.2, 1) 0ms;
}

.emotion-18::-moz-placeholder {
  color: currentColor;
  opacity: 0.42;
  -webkit-transition: opacity 200ms cubic-bezier(0.4, 0, 0.2, 1) 0ms;
  transition: opacity 200ms cubic-bezier(0.4, 0, 0.2, 1) 0ms;
}

.emotion-18::-ms-input-placeholder {
  color: currentColor;
  opacity: 0.42;
  -webkit-transition: opacity 200ms cubic-bezier(0.4, 0, 0.2, 1) 0ms;
  transition: opacity 200ms cubic-bezier(0.4, 0, 0.2, 1) 0ms;
}

.emotion-18:focus {
  outline: 0;
}

.emotion-18:invalid {
  box-shadow: none;
}

.emotion-18::-webkit-search-decoration {
  -webkit-appearance: none;
}

label[data-shrink=false]+.MuiInputBase-formControl .emotion-18::-webkit-input-placeholder {
  opacity: 0!important;
}

label[data-shrink=false]+.MuiInputBase-formControl .emotion-18::-moz-placeholder {
  opacity: 0!important;
}

label[data-shrink=false]+.MuiInputBase-formControl .emotion-18::-ms-input-placeholder {
  opacity: 0!important;
}

label[data-shrink=false]+.MuiInputBase-formControl .emotion-18:focus::-webkit-input-placeholder {
  opacity: 0.42;
}

label[data-shrink=false]+.MuiInputBase-formControl .emotion-18:focus::-moz-placeholder {
  opacity: 0.42;
}

label[data-shrink=false]+.MuiInputBase-formControl .emotion-18:focus::-ms-input-placeholder {
  opacity: 0.42;
}

.emotion-18.Mui-disabled {
  opacity: 1;
  -webkit-text-fill-color: rgba(0, 0, 0, 0.38);
}

.emotion-18:-webkit-autofill {
  -webkit-animation-duration: 5000s;
  animation-duration: 5000s;
  -webkit-animation-name: mui-auto-fill;
  animation-name: mui-auto-fill;
}

.emotion-18:-webkit-autofill {
  border-radius: inherit;
}

.emotion-22 {
  display: -webkit-box;
  display: -webkit-flex;
  display: -ms-flexbox;
  display: flex;
  -webkit-box-pack: end;
  -ms-flex-pack: end;
  -webkit-justify-content: flex-end;
  justify-content: flex-end;
  height: -webkit-min-content;
  height: -moz-min-content;
  height: min-content;
  margin-top: 32px;
}

.emotion-23 {
  display: -webkit-inline-box;
  display: -webkit-inline-flex;
  display: -ms-inline-flexbox;
  display: inline-flex;
  -webkit-align-items: center;
  -webkit-box-align: center;
  -ms-flex-align: center;
  align-items: center;
  -webkit-box-pack: center;
  -ms-flex-pack: center;
  -webkit-justify-content: center;
  justify-content: center;
  position: relative;
  box-sizing: border-box;
  -webkit-tap-highlight-color: transparent;
  background-color: transparent;
  outline: 0;
  border: 0;
  margin: 0;
  border-radius: 0;
  padding: 0;
  cursor: pointer;
  -webkit-user-select: none;
  -moz-user-select: none;
  -ms-user-select: none;
  user-select: none;
  vertical-align: middle;
  -moz-appearance: none;
  -webkit-appearance: none;
  -webkit-text-decoration: none;
  text-decoration: none;
  color: inherit;
  font-family: Lato,sans-serif;
  font-weight: 500;
  font-size: 0.8125rem;
  line-height: 1.75;
  text-transform: uppercase;
  min-width: 64px;
  padding: 6px 16px;
  border: 0;
  border-radius: 4px;
  -webkit-transition: background-color 250ms cubic-bezier(0.4, 0, 0.2, 1) 0ms,box-shadow 250ms cubic-bezier(0.4, 0, 0.2, 1) 0ms,border-color 250ms cubic-bezier(0.4, 0, 0.2, 1) 0ms,color 250ms cubic-bezier(0.4, 0, 0.2, 1) 0ms;
  transition: background-color 250ms cubic-bezier(0.4, 0, 0.2, 1) 0ms,box-shadow 250ms cubic-bezier(0.4, 0, 0.2, 1) 0ms,border-color 250ms cubic-bezier(0.4, 0, 0.2, 1) 0ms,color 250ms cubic-bezier(0.4, 0, 0.2, 1) 0ms;
  color: var(--variant-containedColor);
  background-color: var(--variant-containedBg);
  box-shadow: 0px 3px 1px -2px rgba(0,0,0,0.2),0px 2px 2px 0px rgba(0,0,0,0.14),0px 1px 5px 0px rgba(0,0,0,0.12);
  --variant-textColor: #337a87;
  --variant-outlinedColor: #337a87;
  --variant-outlinedBorder: rgba(51, 122, 135, 0.5);
  --variant-containedColor: #fff;
  --variant-containedBg: #337a87;
  -webkit-transition: background-color 250ms cubic-bezier(0.4, 0, 0.2, 1) 0ms,box-shadow 250ms cubic-bezier(0.4, 0, 0.2, 1) 0ms,border-color 250ms cubic-bezier(0.4, 0, 0.2, 1) 0ms;
  transition: background-color 250ms cubic-bezier(0.4, 0, 0.2, 1) 0ms,box-shadow 250ms cubic-bezier(0.4, 0, 0.2, 1) 0ms,border-color 250ms cubic-bezier(0.4, 0, 0.2, 1) 0ms;
  border-radius: 2px;
  font-size: 14px;
  font-weight: bold;
}

.emotion-23::-moz-focus-inner {
  border-style: none;
}

.emotion-23.Mui-disabled {
  pointer-events: none;
  cursor: default;
}

@media print {
  .emotion-23 {
    -webkit-print-color-adjust: exact;
    color-adjust: exact;
  }
}

.emotion-23:hover {
  -webkit-text-decoration: none;
  text-decoration: none;
}

.emotion-23.Mui-disabled {
  color: rgba(0, 0, 0, 0.26);
}

.emotion-23:hover {
  box-shadow: 0px 2px 4px -1px rgba(0,0,0,0.2),0px 4px 5px 0px rgba(0,0,0,0.14),0px 1px 10px 0px rgba(0,0,0,0.12);
}

@media (hover: none) {
  .emotion-23:hover {
    box-shadow: 0px 3px 1px -2px rgba(0,0,0,0.2),0px 2px 2px 0px rgba(0,0,0,0.14),0px 1px 5px 0px rgba(0,0,0,0.12);
  }
}

.emotion-23:active {
  box-shadow: 0px 5px 5px -3px rgba(0,0,0,0.2),0px 8px 10px 1px rgba(0,0,0,0.14),0px 3px 14px 2px rgba(0,0,0,0.12);
}

.emotion-23.Mui-focusVisible {
  box-shadow: 0px 3px 5px -1px rgba(0,0,0,0.2),0px 6px 10px 0px rgba(0,0,0,0.14),0px 1px 18px 0px rgba(0,0,0,0.12);
}

.emotion-23.Mui-disabled {
  color: rgba(0, 0, 0, 0.26);
  box-shadow: none;
  background-color: rgba(0, 0, 0, 0.12);
}

@media (hover: hover) {
  .emotion-23:hover {
    --variant-containedBg: rgb(35, 85, 94);
    --variant-textBg: rgba(51, 122, 135, 0.04);
    --variant-outlinedBorder: #337a87;
    --variant-outlinedBg: rgba(51, 122, 135, 0.04);
  }
}

.emotion-23.MuiButton-loading {
  color: transparent;
}

.emotion-23:hover {
  colors: #337a87;
}

.emotion-23.MuiButton-text {
  color: rgba(10, 10, 11, 0.78);
}

<form
  class=""
  novalidate=""
>
  <label
    class="MuiFormControlLabel-root MuiFormControlLabel-labelPlacementEnd emotion-0"
  >
    <span
      class="MuiButtonBase-root MuiCheckbox-root MuiCheckbox-colorPrimary MuiCheckbox-sizeMedium PrivateSwitchBase-root MuiCheckbox-root MuiCheckbox-colorPrimary MuiCheckbox-sizeMedium MuiCheckbox-root MuiCheckbox-colorPrimary MuiCheckbox-sizeMedium emotion-1"
    >
      <input
        class="PrivateSwitchBase-input emotion-2"
        data-indeterminate="false"
        name="testbox"
        type="checkbox"
      />
      <svg
        aria-hidden="true"
        class="MuiSvgIcon-root MuiSvgIcon-fontSizeMedium emotion-3"
        data-testid="CheckBoxOutlineBlankIcon"
        focusable="false"
        viewBox="0 0 24 24"
      >
        <path
          d="M19 5v14H5V5h14m0-2H5c-1.1 0-2 .9-2 2v14c0 1.1.9 2 2 2h14c1.1 0 2-.9 2-2V5c0-1.1-.9-2-2-2z"
        />
      </svg>
    </span>
    <span
      class="MuiTypography-root MuiTypography-body1 MuiFormControlLabel-label emotion-4"
    >
      testbox
    </span>
  </label>
  <div>
    <div
      class="password-wrapper"
    >
      <div
        class="MuiFormControl-root emotion-5"
        style="width: 400px;"
      >
        <label
          class="MuiFormLabel-root MuiInputLabel-root MuiInputLabel-formControl MuiInputLabel-animated MuiInputLabel-outlined MuiFormLabel-colorPrimary MuiInputLabel-root MuiInputLabel-formControl MuiInputLabel-animated MuiInputLabel-outlined emotion-6"
          data-shrink="false"
          for="password"
        />
        <div
          class="MuiInputBase-root MuiOutlinedInput-root MuiInputBase-colorPrimary MuiInputBase-formControl MuiInputBase-adornedEnd emotion-7"
        >
          <input
            aria-invalid="false"
            class="MuiInputBase-input MuiOutlinedInput-input MuiInputBase-inputAdornedEnd emotion-8"
            id="password"
            name="password"
            type="password"
            value=""
          />
          <div
            class="MuiInputAdornment-root MuiInputAdornment-positionEnd MuiInputAdornment-outlined MuiInputAdornment-sizeMedium emotion-9"
          >
            <button
              class="MuiButtonBase-root MuiIconButton-root MuiIconButton-sizeLarge emotion-10"
              tabindex="0"
              type="button"
            >
              <svg
                aria-hidden="true"
                class="MuiSvgIcon-root MuiSvgIcon-fontSizeMedium emotion-3"
                data-testid="VisibilityOffIcon"
                focusable="false"
                viewBox="0 0 24 24"
              >
                <path
                  d="M12 7c2.76 0 5 2.24 5 5 0 .65-.13 1.26-.36 1.83l2.92 2.92c1.51-1.26 2.7-2.89 3.43-4.75-1.73-4.39-6-7.5-11-7.5-1.4 0-2.74.25-3.98.7l2.16 2.16C10.74 7.13 11.35 7 12 7M2 4.27l2.28 2.28.46.46C3.08 8.3 1.78 10.02 1 12c1.73 4.39 6 7.5 11 7.5 1.55 0 3.03-.3 4.38-.84l.42.42L19.73 22 21 20.73 3.27 3zM7.53 9.8l1.55 1.55c-.05.21-.08.43-.08.65 0 1.66 1.34 3 3 3 .22 0 .44-.03.65-.08l1.55 1.55c-.67.33-1.41.53-2.2.53-2.76 0-5-2.24-5-5 0-.79.2-1.53.53-2.2m4.31-.78 3.15 3.15.02-.16c0-1.66-1.34-3-3-3z"
                />
              </svg>
            </button>
          </div>
          <fieldset
            aria-hidden="true"
            class="MuiOutlinedInput-notchedOutline emotion-12"
          >
            <legend
              class="emotion-13"
            >
              <span
                aria-hidden="true"
                class="notranslate"
              >
                ​
              </span>
            </legend>
          </fieldset>
        </div>
        <p
          class="MuiFormHelperText-root MuiFormHelperText-sizeMedium MuiFormHelperText-contained emotion-14"
        />
      </div>
    </div>
    <div
      class="help-text"
      id="pass-strength"
    >
      Strength: 
      <meter
        high="3.9"
        low="2.5"
        max="4"
        min="0"
        optimum="4"
        value="0"
      />
    </div>
  </div>
  <div
    class="MuiFormControl-root emotion-5"
    style="width: 400px;"
  >
    <label
      class="MuiFormLabel-root MuiInputLabel-root MuiInputLabel-formControl MuiInputLabel-animated MuiInputLabel-outlined MuiFormLabel-colorPrimary MuiInputLabel-root MuiInputLabel-formControl MuiInputLabel-animated MuiInputLabel-outlined emotion-6"
      data-shrink="false"
      for="textbox"
    />
    <div
      class="MuiInputBase-root MuiOutlinedInput-root MuiInputBase-colorPrimary MuiInputBase-formControl emotion-17"
    >
      <input
        aria-invalid="false"
        class="MuiInputBase-input MuiOutlinedInput-input emotion-18"
        id="textbox"
        name="textbox"
        type="text"
        value=""
      />
      <fieldset
        aria-hidden="true"
        class="MuiOutlinedInput-notchedOutline emotion-12"
      >
        <legend
          class="emotion-13"
        >
          <span
            aria-hidden="true"
            class="notranslate"
          >
            ​
          </span>
        </legend>
      </fieldset>
    </div>
    <p
      class="MuiFormHelperText-root MuiFormHelperText-sizeMedium MuiFormHelperText-contained emotion-14"
    />
  </div>
  <div
    class="button-wrapper emotion-22 "
  >
    <button
      class="MuiButtonBase-root MuiButton-root MuiButton-contained MuiButton-containedPrimary MuiButton-sizeMedium MuiButton-containedSizeMedium MuiButton-colorPrimary Mui-disabled MuiButton-root MuiButton-contained MuiButton-containedPrimary MuiButton-sizeMedium MuiButton-containedSizeMedium MuiButton-colorPrimary emotion-23"
      disabled=""
      tabindex="-1"
      type="submit"
    />
  </div>
</form>
`;
