// Jest Snapshot v1, https://goo.gl/fbAQLP

exports[`KeyValueEditor Component renders correctly 1`] = `undefined`;
