// Vitest Snapshot v1, https://vitest.dev/guide/snapshot.html

exports[`DeviceGroups Component > renders correctly 1`] = `
"<div>
  <div
    class="flexbox center-aligned tab-container with-sub-panels margin-bottom css-rkxl3u-container"
  >
    <h5
      class="MuiTypography-root MuiTypography-h5 css-16xl4zq-MuiTypography-root"
    >
      Devices
    </h5>
    <span
      class="margin-right css-90vpe0-header"
    >
      <div />
      <div
        class="MuiButtonGroup-root MuiButtonGroup-outlined MuiButtonGroup-horizontal MuiButtonGroup-colorPrimary css-zv9ro0-MuiButtonGroup-root"
        role="group"
      >
        <button
          class="MuiButtonBase-root MuiButton-root MuiButton-outlined MuiButton-outlinedPrimary MuiButton-sizeMedium MuiButton-outlinedSizeMedium MuiButton-colorPrimary MuiButtonGroup-grouped MuiButtonGroup-groupedHorizontal MuiButtonGroup-groupedOutlined MuiButtonGroup-groupedOutlinedHorizontal MuiButtonGroup-groupedOutlinedPrimary MuiButton-root MuiButton-outlined MuiButton-outlinedPrimary MuiButton-sizeMedium MuiButton-outlinedSizeMedium MuiButton-colorPrimary MuiButtonGroup-firstButton css-15aywyl-MuiButtonBase-root-MuiButton-root-buttonStyle"
          tabindex="0"
          type="button"
        >
          Connect a new device
        </button>
        <button
          class="MuiButtonBase-root MuiButton-root MuiButton-outlined MuiButton-outlinedPrimary MuiButton-sizeSmall MuiButton-outlinedSizeSmall MuiButton-colorPrimary MuiButtonGroup-grouped MuiButtonGroup-groupedHorizontal MuiButtonGroup-groupedOutlined MuiButtonGroup-groupedOutlinedHorizontal MuiButtonGroup-groupedOutlinedPrimary MuiButton-root MuiButton-outlined MuiButton-outlinedPrimary MuiButton-sizeSmall MuiButton-outlinedSizeSmall MuiButton-colorPrimary padding-left-small padding-right-small MuiButtonGroup-lastButton css-1l66tb1-MuiButtonBase-root-MuiButton-root-buttonStyle"
          tabindex="0"
          type="button"
        >
          <svg
            aria-hidden="true"
            class="MuiSvgIcon-root MuiSvgIcon-fontSizeMedium css-1umw9bq-MuiSvgIcon-root"
            data-testid="ArrowDropDownIcon"
            focusable="false"
            viewBox="0 0 24 24"
          >
            <path
              d="m7 10 5 5 5-5z"
            />
          </svg>
        </button>
      </div>
    </span>
  </div>
  <div
    class="tab-container with-sub-panels"
    style="padding: 0px; height: 100%;"
  >
    <div
      class="leftFixed"
    >
      <div
        class="flexbox margin-bottom-small margin-top-small"
      >
        <h6
          class="MuiTypography-root MuiTypography-subtitle1 css-1i3tsf3-MuiTypography-root"
        >
          Groups
        </h6>
        <div
          class="margin-left-small"
          data-mui-internal-clone-element="true"
        >
          <div
            class="relative"
          >
            <svg
              aria-hidden="true"
              class="MuiSvgIcon-root MuiSvgIcon-colorPrimary MuiSvgIcon-fontSizeMedium css-1wdgt7t-MuiSvgIcon-root-icon"
              data-testid="HelpIcon"
              focusable="false"
              viewBox="0 0 24 24"
            >
              <path
                d="M12 2C6.48 2 2 6.48 2 12s4.48 10 10 10 10-4.48 10-10S17.52 2 12 2m1 17h-2v-2h2zm2.07-7.75-.9.92C13.45 12.9 13 13.5 13 15h-2v-.5c0-1.1.45-2.1 1.17-2.83l1.24-1.26c.37-.36.59-.86.59-1.41 0-1.1-.9-2-2-2s-2 .9-2 2H8c0-2.21 1.79-4 4-4s4 1.79 4 4c0 .88-.36 1.68-.93 2.25"
              />
            </svg>
            <div
              class="css-1blg9z3-iconAura "
            />
          </div>
        </div>
      </div>
      <ul
        class="MuiList-root MuiList-padding css-g9eiv5-MuiList-root-list"
      >
        <div
          class="MuiButtonBase-root MuiListItemButton-root grouplist MuiListItemButton-gutters MuiListItemButton-root grouplist MuiListItemButton-gutters css-4bx69l-MuiButtonBase-root-MuiListItemButton-root"
          role="button"
          tabindex="0"
        >
          <div
            class="MuiListItemText-root css-cfq8qh-MuiListItemText-root"
          >
            <span
              class="MuiTypography-root MuiTypography-body1 MuiListItemText-primary css-rizt0-MuiTypography-root"
            >
              All devices
            </span>
          </div>
        </div>
        <li
          class="MuiListSubheader-root heading-lined css-uz96tk-MuiListSubheader-root-header"
        >
          <span>
            Dynamic
          </span>
          <div
            class="group-border"
          />
        </li>
        <div
          class="MuiButtonBase-root MuiListItemButton-root grouplist MuiListItemButton-gutters MuiListItemButton-root grouplist MuiListItemButton-gutters css-4bx69l-MuiButtonBase-root-MuiListItemButton-root"
          role="button"
          tabindex="0"
        >
          <div
            class="MuiListItemText-root margin-left css-cfq8qh-MuiListItemText-root"
          >
            <span
              class="MuiTypography-root MuiTypography-body1 MuiListItemText-primary css-rizt0-MuiTypography-root"
            >
              testGroupDynamic
            </span>
          </div>
        </div>
        <li
          class="MuiListSubheader-root heading-lined css-uz96tk-MuiListSubheader-root-header"
        >
          <span>
            Static
          </span>
          <div
            class="group-border"
          />
        </li>
        <div
          class="MuiButtonBase-root MuiListItemButton-root grouplist MuiListItemButton-gutters Mui-selected MuiListItemButton-root grouplist MuiListItemButton-gutters Mui-selected css-4bx69l-MuiButtonBase-root-MuiListItemButton-root"
          role="button"
          tabindex="0"
        >
          <div
            class="MuiListItemText-root margin-left css-cfq8qh-MuiListItemText-root"
          >
            <span
              class="MuiTypography-root MuiTypography-body1 MuiListItemText-primary css-rizt0-MuiTypography-root"
            >
              testGroup
            </span>
          </div>
        </div>
      </ul>
      <button
        class="MuiButtonBase-root MuiButton-root MuiButton-text MuiButton-textInherit MuiButton-sizeMedium MuiButton-textSizeMedium MuiButton-colorInherit MuiButton-root MuiButton-text MuiButton-textInherit MuiButton-sizeMedium MuiButton-textSizeMedium MuiButton-colorInherit margin-top css-plnrbk-MuiButtonBase-root-MuiButton-root"
        tabindex="0"
        type="button"
      >
        <span
          class="MuiButton-icon MuiButton-startIcon MuiButton-iconSizeMedium css-1sh91j5-MuiButton-startIcon"
        >
          <svg
            aria-hidden="true"
            class="MuiSvgIcon-root MuiSvgIcon-fontSizeMedium css-1umw9bq-MuiSvgIcon-root"
            data-testid="InfoIcon"
            focusable="false"
            viewBox="0 0 24 24"
          >
            <path
              d="M12 2C6.48 2 2 6.48 2 12s4.48 10 10 10 10-4.48 10-10S17.52 2 12 2m1 15h-2v-6h2zm0-8h-2V7h2z"
            />
          </svg>
        </span>
        Create a group
      </button>
    </div>
    <div
      class="rightFluid relative"
      style="padding-top: 0px;"
    >
      <div
        class="margin-left-small"
      >
        <div
          class="flexbox center-aligned"
        >
          <h6
            class="MuiTypography-root MuiTypography-h6 margin-right css-1miy0lu-MuiTypography-root"
          >
            testGroup
          </h6>
          <div
            class="flexbox space-between center-aligned"
            style="flex-grow: 1;"
          >
            <div
              class="flexbox center-aligned"
            >
              <div
                class="flexbox center-aligned"
              >
                Status:
                <div
                  class="MuiInputBase-root MuiOutlinedInput-root MuiInputBase-colorPrimary capitalized MuiSelect-root css-14w78cn-MuiInputBase-root-MuiOutlinedInput-root-MuiSelect-root-selection"
                >
                  <div
                    aria-expanded="false"
                    aria-haspopup="listbox"
                    class="MuiSelect-select MuiSelect-outlined MuiInputBase-input MuiOutlinedInput-input css-18jp67o-MuiNativeSelect-root-MuiSelect-select-MuiInputBase-input-MuiOutlinedInput-input"
                    role="combobox"
                    tabindex="0"
                  >
                    accepted
                  </div>
                  <input
                    aria-hidden="true"
                    aria-invalid="false"
                    class="MuiSelect-nativeInput css-j0riat-MuiSelect-nativeInput"
                    tabindex="-1"
                    value="accepted"
                  />
                  <svg
                    aria-hidden="true"
                    class="MuiSvgIcon-root MuiSvgIcon-fontSizeMedium MuiSelect-icon MuiSelect-iconOutlined css-1rfqz7c-MuiSvgIcon-root-MuiNativeSelect-root-MuiSelect-icon"
                    data-testid="ArrowDropDownIcon"
                    focusable="false"
                    viewBox="0 0 24 24"
                  >
                    <path
                      d="M7 10l5 5 5-5z"
                    />
                  </svg>
                  <fieldset
                    aria-hidden="true"
                    class="MuiOutlinedInput-notchedOutline css-18p5xg2-MuiNotchedOutlined-root-MuiOutlinedInput-notchedOutline"
                  >
                    <legend
                      class="css-1nf2c5d-MuiNotchedOutlined-root"
                    >
                      <span
                        aria-hidden="true"
                        class="notranslate"
                      >
                        â€‹
                      </span>
                    </legend>
                  </fieldset>
                </div>
              </div>
              <h6
                class="MuiTypography-root MuiTypography-subtitle1 margin-left flexbox center-aligned css-1i3tsf3-MuiTypography-root"
              >
                Static 
                <svg
                  aria-hidden="true"
                  class="MuiSvgIcon-root MuiSvgIcon-fontSizeSmall margin-left-x-small css-120dh41-MuiSvgIcon-root"
                  data-testid="LockIcon"
                  focusable="false"
                  viewBox="0 0 24 24"
                >
                  <path
                    d="M18 8h-1V6c0-2.76-2.24-5-5-5S7 3.24 7 6v2H6c-1.1 0-2 .9-2 2v10c0 1.1.9 2 2 2h12c1.1 0 2-.9 2-2V10c0-1.1-.9-2-2-2m-6 9c-1.1 0-2-.9-2-2s.9-2 2-2 2 .9 2 2-.9 2-2 2m3.1-9H8.9V6c0-1.71 1.39-3.1 3.1-3.1s3.1 1.39 3.1 3.1z"
                  />
                </svg>
              </h6>
            </div>
            <button
              class="MuiButtonBase-root MuiButton-root MuiButton-text MuiButton-textPrimary MuiButton-sizeMedium MuiButton-textSizeMedium MuiButton-colorPrimary MuiButton-root MuiButton-text MuiButton-textPrimary MuiButton-sizeMedium MuiButton-textSizeMedium MuiButton-colorPrimary css-1uent87-MuiButtonBase-root-MuiButton-root"
              tabindex="0"
              type="button"
            >
              <span
                class="MuiButton-icon MuiButton-startIcon MuiButton-iconSizeMedium css-1sh91j5-MuiButton-startIcon"
              >
                <svg
                  aria-hidden="true"
                  class="MuiSvgIcon-root MuiSvgIcon-fontSizeMedium css-1umw9bq-MuiSvgIcon-root"
                  data-testid="DeleteIcon"
                  focusable="false"
                  viewBox="0 0 24 24"
                >
                  <path
                    d="M6 19c0 1.1.9 2 2 2h8c1.1 0 2-.9 2-2V7H6zM19 4h-3.5l-1-1h-5l-1 1H5v2h14z"
                  />
                </svg>
              </span>
              Remove group
            </button>
          </div>
        </div>
        <div
          class="flexbox center-aligned space-between margin-top margin-bottom-x-small"
        >
          <button
            class="MuiButtonBase-root MuiButton-root MuiButton-text MuiButton-text MuiButton-sizeMedium MuiButton-textSizeMedium MuiButton-color MuiButton-root MuiButton-text MuiButton-text MuiButton-sizeMedium MuiButton-textSizeMedium MuiButton-color flexbox css-1ibakg3-MuiButtonBase-root-MuiButton-root"
            tabindex="0"
            type="button"
          >
            <span
              class="MuiButton-icon MuiButton-startIcon MuiButton-iconSizeMedium css-1sh91j5-MuiButton-startIcon"
            >
              <svg
                aria-hidden="true"
                class="MuiSvgIcon-root MuiSvgIcon-fontSizeMedium css-1umw9bq-MuiSvgIcon-root"
                data-testid="FilterListIcon"
                focusable="false"
                viewBox="0 0 24 24"
              >
                <path
                  d="M10 18h4v-2h-4zM3 6v2h18V6zm3 7h12v-2H6z"
                />
              </svg>
            </span>
            Filters
          </button>
          <button
            class="MuiButtonBase-root MuiButton-root MuiButton-text MuiButton-textPrimary MuiButton-sizeMedium MuiButton-textSizeMedium MuiButton-colorPrimary MuiButton-root MuiButton-text MuiButton-textPrimary MuiButton-sizeMedium MuiButton-textSizeMedium MuiButton-colorPrimary css-1uent87-MuiButtonBase-root-MuiButton-root"
            style="text-transform: none;"
            tabindex="0"
            type="button"
          >
            Table options
            <span
              class="MuiButton-icon MuiButton-endIcon MuiButton-iconSizeMedium css-1gulhci-MuiButton-endIcon"
            >
              <svg
                aria-hidden="true"
                class="MuiSvgIcon-root MuiSvgIcon-fontSizeMedium css-1umw9bq-MuiSvgIcon-root"
                data-testid="ArrowDropDownIcon"
                focusable="false"
                viewBox="0 0 24 24"
              >
                <path
                  d="m7 10 5 5 5-5z"
                />
              </svg>
            </span>
          </button>
        </div>
      </div>
      <div
        class="loaderContainer shrunk"
      >
        <div
          class="  loader"
        >
          <span
            class="dot dot_1"
          />
          <span
            class="dot dot_2"
          />
          <span
            class="dot dot_3"
          />
          <span
            class="dot dot_4"
          />
        </div>
      </div>
      <div
        class="padding-bottom"
      >
        <div
          class="deviceList selectable"
          style="grid-template-columns: 52px minmax(150px, 1.5fr) minmax(150px, 1.5fr) minmax(150px, 1.5fr) minmax(150px, 1.5fr) minmax(150px, 1fr);"
        >
          <div
            class="header css-1agd6tp-header"
          >
            <div
              class="deviceListRow"
            >
              <div>
                <span
                  class="MuiButtonBase-root MuiCheckbox-root MuiCheckbox-colorPrimary MuiCheckbox-sizeMedium PrivateSwitchBase-root MuiCheckbox-root MuiCheckbox-colorPrimary MuiCheckbox-sizeMedium MuiCheckbox-root MuiCheckbox-colorPrimary MuiCheckbox-sizeMedium css-vuhw6e-MuiButtonBase-root-MuiSwitchBase-root-MuiCheckbox-root"
                >
                  <input
                    class="PrivateSwitchBase-input css-12xagqm-MuiSwitchBase-root"
                    data-indeterminate="false"
                    type="checkbox"
                  />
                  <svg
                    aria-hidden="true"
                    class="MuiSvgIcon-root MuiSvgIcon-fontSizeMedium css-1umw9bq-MuiSvgIcon-root"
                    data-testid="CheckBoxOutlineBlankIcon"
                    focusable="false"
                    viewBox="0 0 24 24"
                  >
                    <path
                      d="M19 5v14H5V5h14m0-2H5c-1.1 0-2 .9-2 2v14c0 1.1.9 2 2 2h14c1.1 0 2-.9 2-2V5c0-1.1-.9-2-2-2z"
                    />
                  </svg>
                </span>
              </div>
              <div
                class="columnHeader flexbox space-between relative"
              >
                <p
                  class="MuiTypography-root MuiTypography-body1 flexbox center-aligned css-rizt0-MuiTypography-root"
                >
                  Device ID
                  <svg
                    aria-hidden="true"
                    class="MuiSvgIcon-root MuiSvgIcon-fontSizeMedium sortIcon true css-1umw9bq-MuiSvgIcon-root"
                    data-testid="SortIcon"
                    focusable="false"
                    style="font-size: 16px;"
                    viewBox="0 0 24 24"
                  >
                    <path
                      d="M3 18h6v-2H3zM3 6v2h18V6zm0 7h12v-2H3z"
                    />
                  </svg>
                </p>
                <div
                  class="flexbox center-aligned full-height"
                >
                  <svg
                    aria-hidden="true"
                    class="MuiSvgIcon-root MuiSvgIcon-fontSizeMedium css-1umw9bq-MuiSvgIcon-root"
                    data-testid="SettingsIcon"
                    focusable="false"
                    style="font-size: 16px;"
                    viewBox="0 0 24 24"
                  >
                    <path
                      d="M19.14 12.94c.04-.3.06-.61.06-.94 0-.32-.02-.64-.07-.94l2.03-1.58c.18-.14.23-.41.12-.61l-1.92-3.32c-.12-.22-.37-.29-.59-.22l-2.39.96c-.5-.38-1.03-.7-1.62-.94l-.36-2.54c-.04-.24-.24-.41-.48-.41h-3.84c-.24 0-.43.17-.47.41l-.36 2.54c-.59.24-1.13.57-1.62.94l-2.39-.96c-.22-.08-.47 0-.59.22L2.74 8.87c-.12.21-.08.47.12.61l2.03 1.58c-.05.3-.09.63-.09.94s.02.64.07.94l-2.03 1.58c-.18.14-.23.41-.12.61l1.92 3.32c.12.22.37.29.59.22l2.39-.96c.5.38 1.03.7 1.62.94l.36 2.54c.05.24.24.41.48.41h3.84c.24 0 .44-.17.47-.41l.36-2.54c.59-.24 1.13-.56 1.62-.94l2.39.96c.22.08.47 0 .59-.22l1.92-3.32c.12-.22.07-.47-.12-.61zM12 15.6c-1.98 0-3.6-1.62-3.6-3.6s1.62-3.6 3.6-3.6 3.6 1.62 3.6 3.6-1.62 3.6-3.6 3.6"
                    />
                  </svg>
                  <div
                    class="css-3n0vsr-resizer full-height"
                  >
                    <div
                      class="full-height css-11lpvse-resizeHandle "
                    />
                  </div>
                </div>
              </div>
              <div
                class="columnHeader flexbox space-between relative"
              >
                <p
                  class="MuiTypography-root MuiTypography-body1 flexbox center-aligned css-rizt0-MuiTypography-root"
                >
                  Device type
                  <svg
                    aria-hidden="true"
                    class="MuiSvgIcon-root MuiSvgIcon-fontSizeMedium sortIcon true css-1umw9bq-MuiSvgIcon-root"
                    data-testid="SortIcon"
                    focusable="false"
                    style="font-size: 16px;"
                    viewBox="0 0 24 24"
                  >
                    <path
                      d="M3 18h6v-2H3zM3 6v2h18V6zm0 7h12v-2H3z"
                    />
                  </svg>
                </p>
                <div
                  class="flexbox center-aligned full-height"
                >
                  <div
                    class="css-3n0vsr-resizer full-height"
                  >
                    <div
                      class="full-height css-11lpvse-resizeHandle "
                    />
                  </div>
                </div>
              </div>
              <div
                class="columnHeader flexbox space-between relative"
              >
                <p
                  class="MuiTypography-root MuiTypography-body1 flexbox center-aligned css-rizt0-MuiTypography-root"
                >
                  Current software
                  <svg
                    aria-hidden="true"
                    class="MuiSvgIcon-root MuiSvgIcon-fontSizeMedium sortIcon true css-1umw9bq-MuiSvgIcon-root"
                    data-testid="SortIcon"
                    focusable="false"
                    style="font-size: 16px;"
                    viewBox="0 0 24 24"
                  >
                    <path
                      d="M3 18h6v-2H3zM3 6v2h18V6zm0 7h12v-2H3z"
                    />
                  </svg>
                </p>
                <div
                  class="flexbox center-aligned full-height"
                >
                  <div
                    class="css-3n0vsr-resizer full-height"
                  >
                    <div
                      class="full-height css-11lpvse-resizeHandle "
                    />
                  </div>
                </div>
              </div>
              <div
                class="columnHeader flexbox space-between relative"
              >
                <p
                  class="MuiTypography-root MuiTypography-body1 flexbox center-aligned css-rizt0-MuiTypography-root"
                >
                  Latest activity
                  <svg
                    aria-hidden="true"
                    class="MuiSvgIcon-root MuiSvgIcon-fontSizeMedium sortIcon true css-1umw9bq-MuiSvgIcon-root"
                    data-testid="SortIcon"
                    focusable="false"
                    style="font-size: 16px;"
                    viewBox="0 0 24 24"
                  >
                    <path
                      d="M3 18h6v-2H3zM3 6v2h18V6zm0 7h12v-2H3z"
                    />
                  </svg>
                </p>
                <div
                  class="flexbox center-aligned full-height"
                />
              </div>
              <div
                class="columnHeader flexbox space-between relative"
              >
                <p
                  class="MuiTypography-root MuiTypography-body1 flexbox center-aligned css-rizt0-MuiTypography-root"
                >
                  Status
                  <svg
                    aria-hidden="true"
                    class="MuiSvgIcon-root MuiSvgIcon-fontSizeMedium sortIcon true css-1umw9bq-MuiSvgIcon-root"
                    data-testid="SortIcon"
                    focusable="false"
                    style="font-size: 16px;"
                    viewBox="0 0 24 24"
                  >
                    <path
                      d="M3 18h6v-2H3zM3 6v2h18V6zm0 7h12v-2H3z"
                    />
                  </svg>
                </p>
                <div
                  class="flexbox center-aligned full-height"
                />
              </div>
            </div>
          </div>
          <div
            class="body"
          >
            <div
              class="deviceListRow deviceListItem clickable  "
            >
              <div>
                <span
                  class="MuiButtonBase-root MuiCheckbox-root MuiCheckbox-colorPrimary MuiCheckbox-sizeMedium PrivateSwitchBase-root MuiCheckbox-root MuiCheckbox-colorPrimary MuiCheckbox-sizeMedium MuiCheckbox-root MuiCheckbox-colorPrimary MuiCheckbox-sizeMedium css-vuhw6e-MuiButtonBase-root-MuiSwitchBase-root-MuiCheckbox-root"
                >
                  <input
                    class="PrivateSwitchBase-input css-12xagqm-MuiSwitchBase-root"
                    data-indeterminate="false"
                    type="checkbox"
                  />
                  <svg
                    aria-hidden="true"
                    class="MuiSvgIcon-root MuiSvgIcon-fontSizeMedium css-1umw9bq-MuiSvgIcon-root"
                    data-testid="CheckBoxOutlineBlankIcon"
                    focusable="false"
                    viewBox="0 0 24 24"
                  >
                    <path
                      d="M19 5v14H5V5h14m0-2H5c-1.1 0-2 .9-2 2v14c0 1.1.9 2 2 2h14c1.1 0 2-.9 2-2V5c0-1.1-.9-2-2-2z"
                    />
                  </svg>
                </span>
              </div>
              <div
                class="css-z9m6tn-container"
                style="display: grid;"
              >
                <div>
                  a1
                </div>
              </div>
              <div
                title="raspberrypi4"
              >
                <div
                  class="text-overflow"
                >
                  raspberrypi4
                </div>
              </div>
              <div
                title="-"
              >
                <div
                  class="text-overflow"
                >
                  -
                </div>
              </div>
              <div>
                <time
                  datetime="2019-01-01"
                >
                  12 days ago
                </time>
              </div>
              <div>
                <div
                  class="margin-right-small capitalized"
                >
                  accepted
                </div>
              </div>
            </div>
            <div
              class="deviceListRow deviceListItem clickable  "
            >
              <div>
                <span
                  class="MuiButtonBase-root MuiCheckbox-root MuiCheckbox-colorPrimary MuiCheckbox-sizeMedium PrivateSwitchBase-root MuiCheckbox-root MuiCheckbox-colorPrimary MuiCheckbox-sizeMedium MuiCheckbox-root MuiCheckbox-colorPrimary MuiCheckbox-sizeMedium css-vuhw6e-MuiButtonBase-root-MuiSwitchBase-root-MuiCheckbox-root"
                >
                  <input
                    class="PrivateSwitchBase-input css-12xagqm-MuiSwitchBase-root"
                    data-indeterminate="false"
                    type="checkbox"
                  />
                  <svg
                    aria-hidden="true"
                    class="MuiSvgIcon-root MuiSvgIcon-fontSizeMedium css-1umw9bq-MuiSvgIcon-root"
                    data-testid="CheckBoxOutlineBlankIcon"
                    focusable="false"
                    viewBox="0 0 24 24"
                  >
                    <path
                      d="M19 5v14H5V5h14m0-2H5c-1.1 0-2 .9-2 2v14c0 1.1.9 2 2 2h14c1.1 0 2-.9 2-2V5c0-1.1-.9-2-2-2z"
                    />
                  </svg>
                </span>
              </div>
              <div
                class="css-z9m6tn-container"
                style="display: grid;"
              >
                <div>
                  b1
                </div>
              </div>
              <div
                title="qemux86-64"
              >
                <div
                  class="text-overflow"
                >
                  qemux86-64
                </div>
              </div>
              <div
                title="-"
              >
                <div
                  class="text-overflow"
                >
                  -
                </div>
              </div>
              <div>
                <time
                  datetime="2019-01-01"
                >
                  12 days ago
                </time>
              </div>
              <div>
                <div
                  class="margin-right-small capitalized"
                >
                  accepted
                </div>
              </div>
            </div>
          </div>
          <div
            class="footer flexbox margin-top-small"
          >
            <div
              class="MuiTablePagination-root flexbox margin-top margin-top-none css-7mt0f-MuiTablePagination-root"
            >
              <div
                class="MuiToolbar-root MuiToolbar-gutters MuiToolbar-regular MuiTablePagination-toolbar padding-left-none css-1gak8h1-MuiToolbar-root-MuiTablePagination-toolbar"
              >
                <div
                  class="MuiTablePagination-spacer flexbox no-basis css-1wtxofq-MuiTablePagination-spacer"
                />
                <p
                  class="MuiTablePagination-selectLabel css-s09cke-MuiTablePagination-selectLabel"
                  id="Â«raÂ»"
                >
                  Rows per page:
                </p>
                <div
                  class="MuiInputBase-root MuiInputBase-colorPrimary MuiTablePagination-select MuiSelect-root MuiTablePagination-input css-oegngy-MuiInputBase-root-MuiTablePagination-select"
                >
                  <div
                    aria-expanded="false"
                    aria-haspopup="listbox"
                    aria-labelledby="Â«raÂ» Â«r9Â»"
                    class="MuiSelect-select MuiTablePagination-select MuiSelect-standard MuiInputBase-input css-18zjd9i-MuiNativeSelect-root-MuiSelect-select-MuiInputBase-input"
                    id="Â«r9Â»"
                    role="combobox"
                    tabindex="0"
                  >
                    20
                  </div>
                  <input
                    aria-hidden="true"
                    aria-invalid="false"
                    class="MuiSelect-nativeInput css-j0riat-MuiSelect-nativeInput"
                    name="pagination"
                    tabindex="-1"
                    value="20"
                  />
                  <svg
                    aria-hidden="true"
                    class="MuiSvgIcon-root MuiSvgIcon-fontSizeMedium MuiSelect-icon MuiTablePagination-selectIcon MuiSelect-iconStandard css-ug7h84-MuiSvgIcon-root-MuiNativeSelect-root-MuiSelect-icon"
                    data-testid="ArrowDropDownIcon"
                    focusable="false"
                    viewBox="0 0 24 24"
                  >
                    <path
                      d="M7 10l5 5 5-5z"
                    />
                  </svg>
                </div>
                <p
                  class="MuiTablePagination-displayedRows css-11cfq65-MuiTablePagination-displayedRows"
                />
                <div>
                  1-0 of 0
                </div>
                <button
                  aria-label="prev"
                  class="MuiButtonBase-root Mui-disabled MuiIconButton-root Mui-disabled MuiIconButton-sizeLarge margin-left-small css-154kngp-MuiButtonBase-root-MuiIconButton-root"
                  disabled=""
                  tabindex="-1"
                  type="button"
                >
                  <svg
                    aria-hidden="true"
                    class="MuiSvgIcon-root MuiSvgIcon-fontSizeMedium css-1umw9bq-MuiSvgIcon-root"
                    data-testid="KeyboardArrowLeftIcon"
                    focusable="false"
                    viewBox="0 0 24 24"
                  >
                    <path
                      d="M15.41 16.59 10.83 12l4.58-4.59L14 6l-6 6 6 6z"
                    />
                  </svg>
                </button>
                <div>
                  <button
                    aria-label="next"
                    class="MuiButtonBase-root Mui-disabled MuiIconButton-root Mui-disabled MuiIconButton-sizeLarge css-154kngp-MuiButtonBase-root-MuiIconButton-root"
                    disabled=""
                    tabindex="-1"
                    type="button"
                  >
                    <svg
                      aria-hidden="true"
                      class="MuiSvgIcon-root MuiSvgIcon-fontSizeMedium css-1umw9bq-MuiSvgIcon-root"
                      data-testid="KeyboardArrowRightIcon"
                      focusable="false"
                      viewBox="0 0 24 24"
                    >
                      <path
                        d="M8.59 16.59 13.17 12 8.59 7.41 10 6l6 6-6 6z"
                      />
                    </svg>
                  </button>
                </div>
              </div>
            </div>
            <div
              class="loaderContainer"
            >
              <div
                class="small  loader"
              >
                <span
                  class="dot dot_1"
                />
                <span
                  class="dot dot_2"
                />
                <span
                  class="dot dot_3"
                />
                <span
                  class="dot dot_4"
                />
              </div>
            </div>
          </div>
        </div>
      </div>
    </div>
  </div>
</div>"
`;
