// Jest Snapshot v1, https://goo.gl/fbAQLP

exports[`DeviceList Component renders correctly 1`] = `
"<div>
  <div
    class="deviceList "
    style="grid-template-columns: minmax(150px, 1.5fr) minmax(150px, 1.5fr) minmax(150px, 1.5fr) minmax(150px, 1fr);"
  >
    <div
      class="header css-nsqcrh-header"
    >
      <div
        class="deviceListRow"
      >
        <div
          class="columnHeader flexbox space-between relative"
        >
          <div
            class="flexbox center-aligned"
          />
          <div
            class="flexbox center-aligned full-height"
          >
            <div
              class="css-3n0vsr-resizer full-height"
            >
              <div
                class="full-height css-183mduf-resizeHandle "
              />
            </div>
          </div>
        </div>
        <div
          class="columnHeader flexbox space-between relative"
        >
          <div
            class="flexbox center-aligned"
          />
          <div
            class="flexbox center-aligned full-height"
          >
            <div
              class="css-3n0vsr-resizer full-height"
            >
              <div
                class="full-height css-183mduf-resizeHandle "
              />
            </div>
          </div>
        </div>
        <div
          class="columnHeader flexbox space-between relative"
        >
          <div
            class="flexbox center-aligned"
          />
          <div
            class="flexbox center-aligned full-height"
          />
        </div>
        <div
          class="columnHeader flexbox space-between relative"
        >
          <div
            class="flexbox center-aligned"
          />
          <div
            class="flexbox center-aligned full-height"
          />
        </div>
      </div>
    </div>
    <div
      class="body"
    />
    <div
      class="footer flexbox margin-top"
    >
      <div
        class="MuiTablePagination-root flexbox margin-top margin-top-none css-15pl5qu-MuiTablePagination-root"
      >
        <div
          class="MuiToolbar-root MuiToolbar-gutters MuiToolbar-regular MuiTablePagination-toolbar css-1gak8h1-MuiToolbar-root-MuiTablePagination-toolbar"
        >
          <div
            class="MuiTablePagination-spacer flexbox no-basis css-1wtxofq-MuiTablePagination-spacer"
          />
          <p
            class="MuiTablePagination-selectLabel css-15wkzhc-MuiTablePagination-selectLabel"
            id=":r2:"
          >
            Rows
          </p>
          <div
            class="MuiInputBase-root MuiInputBase-colorPrimary MuiTablePagination-select MuiSelect-root MuiTablePagination-input css-11kq5w2-MuiInputBase-root-MuiTablePagination-select"
          >
            <div
              aria-expanded="false"
              aria-haspopup="listbox"
              aria-labelledby=":r2: :r1:"
              class="MuiSelect-select MuiTablePagination-select MuiSelect-standard MuiInputBase-input css-18zjd9i-MuiNativeSelect-root-MuiSelect-select-MuiInputBase-input"
              id=":r1:"
              role="combobox"
              tabindex="0"
            >
              20
            </div>
            <input
              aria-hidden="true"
              aria-invalid="false"
              class="MuiSelect-nativeInput css-j0riat-MuiSelect-nativeInput"
              name="pagination"
              tabindex="-1"
              value="20"
            />
            <svg
              aria-hidden="true"
              class="MuiSvgIcon-root MuiSvgIcon-fontSizeMedium MuiSelect-icon MuiTablePagination-selectIcon MuiSelect-iconStandard css-h5hq1r-MuiSvgIcon-root-MuiNativeSelect-root-MuiSelect-icon"
              data-testid="ArrowDropDownIcon"
              focusable="false"
              viewBox="0 0 24 24"
            >
              <path
                d="M7 10l5 5 5-5z"
              />
            </svg>
          </div>
          <p
            class="MuiTablePagination-displayedRows css-uam3tq-MuiTablePagination-displayedRows"
          />
          <div
            class="flexbox center-aligned"
          >
            <div>
              1-20 of 50
            </div>
            <button
              class="MuiButtonBase-root Mui-disabled MuiIconButton-root Mui-disabled MuiIconButton-sizeLarge css-y28hhu-MuiButtonBase-root-MuiIconButton-root"
              disabled=""
              tabindex="-1"
              type="button"
            >
              <svg
                aria-hidden="true"
                class="MuiSvgIcon-root MuiSvgIcon-fontSizeMedium css-1j3vvli-MuiSvgIcon-root"
                data-testid="KeyboardArrowLeftIcon"
                focusable="false"
                viewBox="0 0 24 24"
              >
                <path
                  d="M15.41 16.59 10.83 12l4.58-4.59L14 6l-6 6 6 6z"
                />
              </svg>
            </button>
            <div>
              <button
                class="MuiButtonBase-root MuiIconButton-root MuiIconButton-sizeLarge css-y28hhu-MuiButtonBase-root-MuiIconButton-root"
                tabindex="0"
                type="button"
              >
                <svg
                  aria-hidden="true"
                  class="MuiSvgIcon-root MuiSvgIcon-fontSizeMedium css-1j3vvli-MuiSvgIcon-root"
                  data-testid="KeyboardArrowRightIcon"
                  focusable="false"
                  viewBox="0 0 24 24"
                >
                  <path
                    d="M8.59 16.59 13.17 12 8.59 7.41 10 6l6 6-6 6z"
                  />
                </svg>
              </button>
            </div>
          </div>
        </div>
      </div>
      <div
        class="loaderContainer shrunk"
      >
        <div
          class="small  loader"
        >
          <span
            class="dot dot_1"
          />
          <span
            class="dot dot_2"
          />
          <span
            class="dot dot_3"
          />
          <span
            class="dot dot_4"
          />
        </div>
      </div>
    </div>
  </div>
</div>"
`;
